cargo : warning: unused variable: `admin`
At line:1 char:1
+ cargo test -p credence_bond > test_failures.txt 2>&1
+ ~~~~~~~~~~~~~~~~~~~~~~~~~~~~~~~~~~~~~~~~~~~~~~~~~~~~
    + CategoryInfo          : NotSpecified: (warning: unused variable: `admin`:String) [], RemoteException
    + FullyQualifiedErrorId : NativeCommandError
 
 --> contracts\credence_bond\src\test_create_bond.rs:9:18
  |
9 |     let (client, admin, identity, _token_id, _bond_id) = test_helpers::setup_with_token(&e);
  |                  ^^^^^ help: if this is intentional, prefix it with an underscore: `_admin`
  |
  = note: `#[warn(unused_variables)]` (part of `#[warn(unused)]`) on by default

warning: unused variable: `admin`
  --> contracts\credence_bond\src\test_create_bond.rs:27:18
   |
27 |     let (client, admin, identity, _token_id, _bond_id) = test_helpers::setup_with_token(&e);
   |                  ^^^^^ help: if this is intentional, prefix it with an underscore: `_admin`

warning: unused variable: `admin`
  --> contracts\credence_bond\src\test_create_bond.rs:36:18
   |
36 |     let (client, admin, identity, _token_id, _bond_id) = test_helpers::setup_with_token(&e);
   |                  ^^^^^ help: if this is intentional, prefix it with an underscore: `_admin`

warning: unused variable: `admin`
   --> contracts\credence_bond\src\test_create_bond.rs:105:18
    |
105 |     let (client, admin, identity, _token_id, _bond_id) = test_helpers::setup_with_token(&e);
    |                  ^^^^^ help: if this is intentional, prefix it with an underscore: `_admin`

warning: unused variable: `admin`
   --> contracts\credence_bond\src\test_create_bond.rs:139:18
    |
139 |     let (client, admin, identity, _token_id, _bond_id) = test_helpers::setup_with_token(&e);
    |                  ^^^^^ help: if this is intentional, prefix it with an underscore: `_admin`

warning: unused variable: `admin`
   --> contracts\credence_bond\src\test_create_bond.rs:150:18
    |
150 |     let (client, admin, identity, _token_id, _bond_id) = test_helpers::setup_with_token(&e);
    |                  ^^^^^ help: if this is intentional, prefix it with an underscore: `_admin`

warning: unused variable: `admin`
   --> contracts\credence_bond\src\test_create_bond.rs:161:18
    |
161 |     let (client, admin, identity, _token_id, _bond_id) = test_helpers::setup_with_token(&e);
    |                  ^^^^^ help: if this is intentional, prefix it with an underscore: `_admin`

warning: unused variable: `admin`
   --> contracts\credence_bond\src\test_create_bond.rs:193:18
    |
193 |     let (client, admin, identity, _token_id, _bond_id) = test_helpers::setup_with_token(&e);
    |                  ^^^^^ help: if this is intentional, prefix it with an underscore: `_admin`

warning: unused variable: `admin`
   --> contracts\credence_bond\src\test_create_bond.rs:213:18
    |
213 |     let (client, admin, _identity, _token_id, _bond_id) = test_helpers::setup_with_token(&e);
    |                  ^^^^^ help: if this is intentional, prefix it with an underscore: `_admin`

warning: unused variable: `admin`
   --> contracts\credence_bond\src\test_create_bond.rs:231:18
    |
231 |     let (client, admin, identity, _token_id, _bond_id) = test_helpers::setup_with_token(&e);
    |                  ^^^^^ help: if this is intentional, prefix it with an underscore: `_admin`

warning: unused variable: `admin`
   --> contracts\credence_bond\src\test_create_bond.rs:245:18
    |
245 |     let (client, admin, identity, _token_id, _bond_id) = test_helpers::setup_with_token(&e);
    |                  ^^^^^ help: if this is intentional, prefix it with an underscore: `_admin`

warning: unused variable: `admin`
   --> contracts\credence_bond\src\test_create_bond.rs:261:18
    |
261 |     let (client, admin, identity, _token_id, _bond_id) = test_helpers::setup_with_token(&e);
    |                  ^^^^^ help: if this is intentional, prefix it with an underscore: `_admin`

warning: unused variable: `admin`
   --> contracts\credence_bond\src\test_create_bond.rs:272:18
    |
272 |     let (client, admin, identity, _token_id, _bond_id) = test_helpers::setup_with_token(&e);
    |                  ^^^^^ help: if this is intentional, prefix it with an underscore: `_admin`

warning: unused variable: `admin`
   --> contracts\credence_bond\src\test_create_bond.rs:283:18
    |
283 |     let (client, admin, identity, _token_id, _bond_id) = test_helpers::setup_with_token(&e);
    |                  ^^^^^ help: if this is intentional, prefix it with an underscore: `_admin`

warning: unused variable: `admin`
   --> contracts\credence_bond\src\test_create_bond.rs:295:18
    |
295 |     let (client, admin, identity, _token_id, _bond_id) = test_helpers::setup_with_token(&e);
    |                  ^^^^^ help: if this is intentional, prefix it with an underscore: `_admin`

warning: `credence_bond` (lib test) generated 15 warnings (run `cargo fix --lib -p credence_bond --tests` to apply 15 
suggestions)
    Finished `test` profile [unoptimized + debuginfo] target(s) in 0.27s
     Running unittests src\lib.rs (target\debug\deps\credence_bond-567aab51c2819413.exe)

running 691 tests
test batch::tests::test_get_batch_total_amount ... ok
test fuzz::test_reward_accrual_fuzz::reward_accrual_non_negative_across_weight_range ... FAILED
test fuzz::test_reward_accrual_fuzz::reward_accrual_no_overflow_at_max_weight ... FAILED
test integration::test_bond_lifecycle::test_lifecycle_extend_duration ... ok
test integration::test_bond_lifecycle::test_lifecycle_create_topup_slash_withdraw ... FAILED
test normalization::tests::test_normalization_6_decimals ... ok
test safe_token::tests::test_zero_address_validation ... ok
test safe_token::tests::test_validate_amount ... ok
test slashing::tests::test_available_balance_calculation ... ok
test integration::test_bond_lifecycle::test_lifecycle_create_then_withdraw ... ok
test slashing::tests::test_available_balance_with_slashing ... ok
test slashing::tests::test_fully_slashed_detection ... ok
test slashing::tests::test_partial_slash_detection ... ok
test integration::test_bond_lifecycle::test_lifecycle_create_topup_withdraw ... ok
test integration::test_bond_lifecycle::test_lifecycle_slash_then_withdraw_remaining ... ok
test integration::test_governance::test_governance_contested_flow_rejects_execution - should panic ... ok
test test_access_control::test_access_denied_event_for_admin_or_verifier ... ok
test test_access_control::test_access_denied_event_for_not_identity_owner ... ok
test test_access_control::test_access_denied_event_for_not_admin ... ok
test test_access_control::test_access_denied_event_for_not_verifier ... ok
test test_access_control::test_add_verifier_unauthorized - should panic ... ok
test test_access_control::test_add_and_remove_verifier_success ... ok
test test_access_control::test_admin_read_helpers ... ok
test integration::test_governance::test_governance_multi_actor_delegation_flow ... ok
test test_access_control::test_admin_can_call_privileged_methods ... FAILED
test integration::test_governance::test_governance_slash_request_submission ... ok
test test_access_control::test_collect_fees_unauthorized - should panic ... ok
test test_access_control::test_deactivate_verifier_by_admin_unauthorized - should panic ... ok
test integration::test_governance::test_governance_multisig_approval_and_execution ... ok
test integration::test_bond_lifecycle::test_lifecycle_state_consistency ... ok
test test_access_control::test_emergency_withdraw_unauthorized_admin - should panic ... ok
test test_access_control::test_multiple_verifiers ... ok
test test_access_control::test_emergency_withdraw_unauthorized_governance - should panic ... ok
test test::test_create_bond ... ok
test test_access_control::test_grant_upgrade_auth_unauthorized - should panic ... ok
test test_access_control::test_initialize_governance_unauthorized - should panic ... ok
test test_access_control::test_require_admin_or_verifier_success_for_admin ... ok
test test_access_control::test_require_admin_not_initialized - should panic ... ok
test test_access_control::test_initialize_upgrade_auth_unauthorized ... ok
test test_access_control::test_require_admin_or_verifier_success_for_verifier ... ok
test test_access_control::test_require_admin_success ... ok
test test_access_control::test_require_admin_or_verifier_unauthorized - should panic ... ok
test test_access_control::test_require_admin_unauthorized - should panic ... ok
test test_access_control::test_require_identity_owner_success ... ok
test integration::test_governance::test_governance_reproposal_after_contested_request ... ok
test test_access_control::test_require_identity_owner_unauthorized - should panic ... ok
test test_access_control::test_pause_unauthorized - should panic ... ok
test test_access_control::test_require_verifier_success ... ok
test test_access_control::test_register_attester_unauthorized - should panic ... ok
test test_access_control::test_require_verifier_unauthorized - should panic ... ok
test test_access_control::test_revoke_upgrade_auth_unauthorized - should panic ... ok
test test_access_control::test_set_attestation_fee_bps_unauthorized - should panic ... ok
test test_access_control::test_set_bronze_threshold_unauthorized - should panic ... ok
test test_access_control::test_set_bond_token_unauthorized - should panic ... ok
test test_access_control::test_set_attester_stake_unauthorized - should panic ... ok
test test_access_control::test_set_early_exit_config_unauthorized - should panic ... ok
test test_access_control::test_set_emergency_config_unauthorized - should panic ... ok
test test_access_control::test_set_cooldown_period_unauthorized - should panic ... ok
test test_access_control::test_set_emergency_mode_unauthorized_admin - should panic ... ok
test test_access_control::test_set_fee_config_unauthorized - should panic ... ok
test test_access_control::test_set_pause_signer_unauthorized - should panic ... ok
test test_access_control::test_set_gold_threshold_unauthorized - should panic ... ok
test test_access_control::test_set_grace_window_unauthorized - should panic ... ok
test test_access_control::test_set_emergency_mode_unauthorized_governance - should panic ... ok
test test_access_control::test_set_max_leverage_unauthorized - should panic ... ok
test test_access_control::test_set_platinum_threshold_unauthorized - should panic ... ok
test test_access_control::test_set_pause_threshold_unauthorized - should panic ... ok
test test_access_control::test_set_silver_threshold_unauthorized - should panic ... ok
test test_access_control::test_set_slash_cooldown_secs_unauthorized - should panic ... ok
test test_access_control::test_set_supply_cap_unauthorized - should panic ... ok
test test_access_control::test_set_protocol_fee_bps_unauthorized - should panic ... ok
test test_access_control::test_set_token_unauthorized - should panic ... ok
test test_access_control::test_set_verifier_reputation_unauthorized - should panic ... ok
test test_access_control::test_set_usdc_token_unauthorized - should panic ... ok
test test_access_control::test_set_verifier_stake_requirement_unauthorized - should panic ... ok
test test_access_control::test_slash_bond_unauthorized - should panic ... ok
test test_access_control::test_set_weight_config_unauthorized - should panic ... ok
test test_access_control::test_set_withdrawal_cooldown_secs_unauthorized - should panic ... ok
test test_access_control::test_unpause_unauthorized - should panic ... ok
test test_access_control::test_slash_unauthorized - should panic ... ok
test test_access_control::test_unregister_attester_unauthorized - should panic ... ok
test test_attestation::test_get_nonexistent_attestation - should panic ... ok
test test_attestation::test_add_attestation_empty_data ... ok
test test_attestation::test_add_attestation_basic ... ok
test test_attestation::test_get_attestation ... ok
test test_attestation::test_duplicate_attestation_rejected - should panic ... ok
test test_attestation::test_events_published ... ok
test test_attestation::test_add_attestation_different_subjects ... ok
test test_attestation::test_get_subject_attestations_empty ... ok
test test_attestation::test_is_attester_false_for_unregistered ... ok
test test_attestation::test_add_attestation_different_attesters ... ok
test test_attestation::test_get_subject_attestations ... ok
test test_attestation::test_add_multiple_attestations ... ok
test test_attestation::test_register_attester ... ok
test test_attestation::test_revoke_nonexistent - should panic ... ok
test test_attestation::test_register_multiple_attesters ... ok
test test_attestation::test_revoke_twice - should panic ... ok
test test_attestation::test_revoke_attestation ... ok
test test_attestation::test_get_subject_attestations_different_subjects ... ok
test test_attestation_types::attestation_boundary_weight_max ... ok
test test_attestation_types::attestation_boundary_weight_min ... ok
test test_attestation::test_unauthorized_attester_rejected - should panic ... ok
test test_attestation_types::attestation_dedup_key_equality ... ok
test test_attestation_types::attestation_is_active ... ok
test test_attestation_types::attestation_validate_accepts_valid ... ok
test test_attestation_types::attestation_validate_rejects_over_max_weight - should panic ... ok
test test_attestation_types::attestation_validate_rejects_zero_weight - should panic ... ok
test test_attestation_types::attestation_weight_validation_accepts_valid ... ok
test test_attestation_types::attestation_weight_validation_rejects_over_max - should panic ... ok
test test_attestation_types::attestation_weight_validation_rejects_zero - should panic ... ok
test test_attestation::test_revoke_preserves_data ... ok
test test_attestation::test_revoke_wrong_attester - should panic ... ok
test test_attestation::test_self_attestation ... ok
test test_batch::test_all_bonds_validated_before_any_created ... ok
test test_batch::test_atomic_failure_on_second_bond ... ok
test test_attestation::test_unregister_attester ... ok
test test_attestation::test_same_attester_different_data_gets_unique_id ... ok
test test_attestation::test_timestamp_set ... ok
test test_batch::test_atomic_failure_with_duration_overflow_in_middle - should panic ... ok
test test_attestation::test_complex_scenario ... ok
test test_batch::test_atomic_failure_with_invalid_rolling_bond_in_batch - should panic ... ok
test test_batch::test_atomic_failure_with_mixed_valid_invalid_amounts - should panic ... ok
test test_batch::test_batch_total_amount_single_bond ... ok
test test_batch::test_batch_total_amount_with_max_size ... ok
test test_attestation::test_same_attester_multiple_for_subject ... ok
test test_batch::test_batch_size_boundary_at_max_plus_one - should panic ... ok
test test_attestation::test_unregistered_attester_cannot_attest - should panic ... ok
test test_batch::test_batch_bonds_with_different_durations ... ok
test test_batch::test_batch_total_overflow - should panic ... ok
test test_batch::test_batch_size_boundary_way_above_max - should panic ... ok
test test_batch::test_batch_size_boundary_at_one ... ok
test test_batch::test_create_multiple_bonds_in_batch ... ok
test test_batch::test_batch_with_large_amounts ... ok
test test_batch::test_batch_bonds_event_emission ... ok
test test_batch::test_batch_with_maximum_valid_duration ... ok
test test_batch::test_batch_with_minimum_valid_amount ... ok
test test_batch::test_batch_result_structure ... ok
test test_batch::test_batch_with_minimum_valid_duration ... ok
test test_batch::test_get_batch_total_amount_above_max_batch_size_fails - should panic ... ok
test test_batch::test_get_batch_total_amount_empty_batch_returns_zero ... ok
test test_batch::test_create_batch_bonds_above_max_batch_size_fails - should panic ... ok
test test_batch::test_batch_with_rolling_bonds ... ok
test test_batch::test_duration_overflow_fails - should panic ... ok
test test_batch::test_create_single_bond_in_batch ... ok
test test_batch::test_empty_batch_fails - should panic ... ok
test test_batch::test_get_batch_total_amount ... ok
test test_batch::test_empty_batch_fails_before_size_check ... ok
test test_batch::test_negative_amount_fails - should panic ... ok
test test_batch::test_rolling_bond_without_notice_period_fails - should panic ... ok
test test_batch::test_validate_batch_bonds_fails_on_invalid - should panic ... ok
test test_batch::test_validate_batch_bonds_success ... ok
test test_batch::test_validate_batch_enforces_max_size ... ok
test test_batch::test_validate_batch_rejects_oversized - should panic ... ok
test test_batch::test_validation_order_size_before_content ... ok
test test_borrow_freeze::test_borrow_freeze_default_false ... ok
test test_batch::test_zero_amount_fails - should panic ... ok
test test_batch::test_duplicate_bond_in_batch_fails - should panic ... ok
test test_batch::test_batch_size_boundary_at_max_minus_one ... ok
test test_borrow_freeze::test_set_borrow_frozen_emits_event ... ok
test test_cooldown::test_can_withdraw_after_cooldown ... ok
test test_cooldown::test_can_withdraw_at_boundary ... ok
test test_borrow_freeze::test_set_borrow_frozen_blocked_when_paused ... ok
test test_cooldown::test_can_withdraw_during_cooldown ... ok
test test_borrow_freeze::test_set_borrow_frozen_non_admin_rejected ... ok
test test_cooldown::test_can_withdraw_no_request ... ok
test test_cooldown::test_can_withdraw_zero_period ... ok
test test_borrow_freeze::test_set_borrow_frozen_true_and_false ... ok
test test_borrow_freeze::test_create_bond_with_rolling_blocked_when_frozen ... ok
test test_cooldown::test_cancel_cooldown_no_request - should panic ... ok
test test_borrow_freeze::test_create_bond_blocked_when_frozen ... ok
test test_borrow_freeze::test_create_bond_allowed_after_unfreeze ... ok
test test_batch::test_create_batch_bonds_at_max_batch_size ... ok
test test_borrow_freeze::test_withdraw_allowed_when_frozen ... ok
test test_borrow_freeze::test_top_up_blocked_when_frozen ... ok
test test_cooldown::test_cancel_cooldown ... ok
test test_cooldown::test_cancel_and_rerequest_lifecycle ... ok
test test_cooldown::test_execute_after_cancel - should panic ... ok
test test_cooldown::test_execute_cooldown_no_request - should panic ... ok
test test_cooldown::test_is_cooldown_active_after_window ... ok
test test_cooldown::test_is_cooldown_active_at_boundary ... ok
test test_cooldown::test_is_cooldown_active_during_window ... ok
test test_cooldown::test_is_cooldown_active_no_request ... ok
test test_cooldown::test_execute_cooldown_too_early - should panic ... ok
test test_cooldown::test_get_cooldown_request_none - should panic ... ok
test test_cooldown::test_execute_cooldown_removes_request ... ok
test test_batch::test_max_batch_size_gas_profile ... ok
test test_cooldown::test_execute_cooldown_balance_slashed_during_cooldown - should panic ... ok
test test_cooldown::test_execute_cooldown_with_zero_period ... ok
test test_cooldown::test_execute_cooldown_withdrawal_exact_boundary ... ok
test test_cooldown::test_execute_cooldown_withdrawal_after_period ... ok
test test_cooldown::test_get_cooldown_request ... ok
test test_cooldown::test_saturating_add_no_overflow ... ok
test test_cooldown::test_full_cooldown_lifecycle ... ok
test test_cooldown::test_request_cooldown_duplicate - should panic ... ok
test test_cooldown::test_request_cooldown_no_bond - should panic ... ok
test test_cooldown::test_request_cooldown_negative_amount - should panic ... ok
test test_cooldown::test_request_cooldown_exceeds_balance - should panic ... ok
test test_cooldown::test_set_and_get_cooldown_period ... ok
test test_cooldown::test_set_cooldown_period_to_zero ... ok
test test_cooldown::test_set_cooldown_period_unauthorized - should panic ... ok
test test_cooldown::test_request_cooldown_withdrawal_full_amount ... ok
test test_cooldown::test_request_cooldown_zero_amount - should panic ... ok
test test_cooldown::test_update_cooldown_period ... ok
test test_cooldown::test_request_cooldown_exceeds_available_after_slash - should panic ... ok
test test_cooldown::test_request_cooldown_wrong_identity - should panic ... ok
test test_cooldown::test_request_cooldown_withdrawal ... ok
test test_create_bond::test_create_bond_duration_overflow - should panic ... FAILED
test test_create_bond::test_create_bond_max_duration ... FAILED
test test_create_bond::test_create_bond_max_amount ... FAILED
test test_create_bond::test_create_bond_different_identities ... FAILED
test test_create_bond::test_create_bond_field_initialization ... ok
test test_create_bond::test_create_bond_min_positive_amount ... FAILED
test test_create_bond::test_create_bond_negative_amount - should panic ... ok
test test_create_bond::test_create_bond_duplicate ... ok
test test_create_bond::test_create_bond_storage_persistence ... ok
test test_create_bond::test_create_bond_success ... ok
test test_create_bond::test_create_bond_timestamp ... ok
test test_create_bond::test_create_bond_sequential ... ok
test test_create_bond::test_create_bond_zero_amount - should panic ... ok
test test_create_bond::test_create_bond_usdc_amount ... FAILED
test test_create_bond::test_create_bond_zero_duration ... FAILED
test test_create_bond::test_supply_cap_enforcement_above_cap - should panic ... ok
test test_create_bond::test_set_supply_cap_negative - should panic ... ok
test test_decimals::test_tier_silver_with_18_decimals ... FAILED
test test_decimals::test_validation_bounds_18_decimals - should panic ... FAILED
test test_decimals::test_24_decimals_panics - should panic ... FAILED
test test_decimals::test_tier_silver_with_8_decimals ... FAILED
test test_decimals::test_tier_silver_with_6_decimals ... FAILED
test test_create_bond::test_supply_cap_enforcement_below_cap ... ok
test test_create_bond::test_set_supply_cap_success ... ok
test test_decimals::test_withdraw_correct_amount_6_decimals ... FAILED
test test_duration_validation::test_create_bond_below_min_duration_rejected - should panic ... ok
test test_create_bond::test_supply_cap_no_cap ... ok
test test_duration_validation::test_duration_constants ... ok
test test_duration_validation::test_validate_duration_above_minimum ... ok
test test_duration_validation::test_validate_duration_at_maximum ... ok
test test_duration_validation::test_create_bond_above_max_duration_rejected - should panic ... ok
test test_duration_validation::test_create_bond_zero_duration_rejected - should panic ... ok
test test_duration_validation::test_validate_duration_at_minimum ... ok
test test_create_bond::test_supply_cap_withdrawal_reduces_supply ... FAILED
test test_duration_validation::test_create_rolling_bond_invalid_duration_rejected - should panic ... ok
test test_duration_validation::test_validate_duration_below_maximum ... ok
test test_duration_validation::test_validate_duration_just_above_maximum - should panic ... ok
test test_duration_validation::test_validate_duration_just_below_minimum - should panic ... ok
test test_duration_validation::test_validate_duration_mid_range ... ok
test test_duration_validation::test_validate_duration_one_second - should panic ... ok
test test_duration_validation::test_validate_duration_u64_max - should panic ... ok
test test_duration_validation::test_validate_duration_zero - should panic ... ok
test test_early_exit_penalty::test_calculate_penalty_unit ... ok
test test_create_bond::test_supply_cap_with_multiple_bonds ... FAILED
test test_early_exit_penalty::test_set_early_exit_config_invalid_bps - should panic ... FAILED
test test_duration_validation::test_create_bond_typical_duration ... ok
test test_duration_validation::test_create_bond_max_duration ... ok
test test_duration_validation::test_create_bond_min_duration ... ok
test test_early_exit_penalty::test_set_early_exit_config_unauthorized - should panic ... ok
test test_duration_validation::test_create_rolling_bond_valid_duration ... ok
test test_early_exit_penalty::test_early_exit_fails_without_config - should panic ... ok
test test_early_exit_penalty::test_early_exit_penalty_calculation_zero_penalty_rate ... ok
test test_early_exit_penalty::test_early_exit_penalty_calculation_max_penalty ... ok
test test_early_exit_penalty::test_early_exit_emits_penalty_event ... ok
test test_emergency::test_emergency_withdraw_rejected_when_disabled - should panic ... ok
test test_early_exit_penalty::test_early_exit_penalty_half_remaining ... ok
test test_emergency::test_emergency_withdraw_rejects_non_positive_amount - should panic ... ok
test test_emergency::test_emergency_withdraw_requires_governance_approver - should panic ... ok
test test_emergency::test_set_emergency_config_rejects_invalid_fee_bps - should panic ... FAILED
test test_emergency::test_emergency_withdraw_multiple_records_increment_ids ... ok
test test_early_exit_penalty::test_early_exit_rejected_after_lock_up - should panic ... ok
test test_emergency::test_set_emergency_config_records_transition ... ok
test test_emergency::test_emergency_withdraw_success_records_audit_trail ... ok
test test_emergency::test_emergency_withdraw_respects_slashed_available_balance - should panic ... ok
test test_emergency::test_set_emergency_mode_rejects_wrong_governance - should panic ... ok
test test_emergency::test_set_emergency_config_rejects_non_admin - should panic ... ok
test test_emergency::test_set_emergency_mode_records_transition ... ok
test test_evidence::test_evidence_workflow ... ok
test test_evidence::test_evidence_for_different_proposals ... ok
test test_evidence::test_get_nonexistent_evidence - should panic ... ok
test test_evidence::test_evidence_count ... ok
test test_emergency::test_set_emergency_mode_requires_elevated_approval_and_updates_state ... ok
test test_evidence::test_evidence_types ... ok
test test_evidence::test_get_evidence_details ... ok
test test_events_v2::test_v2_event_indexing_improvements ... FAILED
test test_events_v2::test_event_schema_compatibility ... ok
test test_evidence::test_get_proposal_evidence_empty ... ok
test test_evidence::test_get_proposal_evidence_details ... ok
test test_evidence::test_submit_evidence_empty_hash - should panic ... ok
test test_evidence::test_hash_exists ... ok
test test_evidence::test_submit_evidence_long_description - should panic ... ok
test test_evidence::test_hash_uniqueness_across_proposals ... ok
test test_events_v2::test_event_indexing_query_efficiency ... FAILED
test test_evidence::test_submit_duplicate_hash - should panic ... ok
test test_evidence::test_submit_evidence_ipfs ... ok
test test_evidence::test_submit_evidence_sha256 ... ok
test test_evidence::test_multiple_submitters_same_proposal ... ok
test test_evidence::test_multiple_evidence_per_proposal ... ok
test test_fees::test_fee_over_max_rejected - should panic ... FAILED
test test_fees::test_fee_accumulates_in_pool ... ok
test test_fees::test_set_fee_config_unauthorized - should panic ... ok
test test_fees::test_set_fee_config ... ok
test test_fees::test_fee_calculated_on_create_bond ... ok
test test_fees::test_fee_max_bps_capped ... ok
test test_fees::test_fee_large_amount ... ok
test test_fees::test_fee_one_percent ... ok
test test_fees::test_fee_zero_when_not_configured ... ok
test test_fees::test_fee_zero_bps ... ok
test test_governance_approval::test_initialize_governance ... ok
test test_governance_approval::test_initialize_governance_unauthorized - should panic ... ok
test test_governance_approval::test_double_vote_rejected - should panic ... ok
test test_governance_approval::test_get_governance_vote ... ok
test test_governance_approval::test_delegate_vote ... ok
test test_governance_approval::test_non_governor_cannot_vote - should panic ... ok
test test_governance_approval::test_propose_slash ... ok
test test_governance_approval::test_only_proposer_executes - should panic ... ok
test test_governance_approval::test_vote_reject_then_execute_fails - should panic ... ok
test test_grace_period::non_admin_cannot_set_grace_window - should panic ... ok
test test_grace_period::grace_window_rejects_one_second_past_grace_end - should panic ... ok
test test_immutable_config::immutable_config_tests::test_admin_cannot_be_reinitialized ... FAILED
test test_immutable_config::immutable_config_tests::test_admin_requires_initialization ... ok
test test_grace_period::grace_window_accepts_at_exact_grace_end ... ok
test test_grace_period::grace_window_accepts_within_grace ... ok
test test_governance_approval::test_vote_approve_and_execute ... ok
test test_grace_period::setting_grace_to_zero_restores_strict_enforcement - should panic ... ok
test test_grace_period::strict_mode_rejects_one_second_past_deadline - should panic ... ok
test test_immutable_config::immutable_config_tests::test_token_requires_initialization ... ok
test test_immutable_config::immutable_config_tests::test_token_can_only_be_set_once ... FAILED
test test_immutable_config_working::immutable_config_tests::test_admin_cannot_be_reinitialized ... FAILED
test test_immutable_config::immutable_config_tests::test_admin_initialized_correctly ... ok
test test_governance_approval::test_quorum_two_of_three ... ok
test test_grace_period::grace_window_applies_to_revoke ... ok
test test_grace_period::nonce_reuse_rejected_within_grace_window - should panic ... ok
test test_immutable_config_working::immutable_config_tests::test_admin_initialized_correctly ... ok
test test_increase_bond::test_increase_bond_fails_without_token_configuration - should panic ... ok
test test_grace_period::strict_mode_accepts_at_exact_deadline ... ok
test test_liquidation_scanner::test_deregister_nonexistent_is_noop ... ok
test test_liquidation_scanner::test_deregister_bond_holder_decreases_size ... ok
test test_liquidation_scanner::test_advance_keeper_cursor_reset_to_zero_allowed ... ok
test test_increase_bond::test_increase_bond_fails_without_allowance - should panic ... ok
test test_increase_bond::test_increase_bond_emits_event ... ok
test test_liquidation_scanner::test_get_keeper_cursor_default_zero ... ok
test test_increase_bond::test_increase_bond_overflow_protection - should panic ... ok
test test_liquidation_scanner::test_advance_keeper_cursor_backwards_rejected - should panic ... ok
test test_increase_bond::test_increase_bond_rejects_zero_amount - should panic ... ok
test test_increase_bond::test_increase_bond_fails_for_non_owner - should panic ... ok
test test_increase_bond::test_increase_bond_preserves_other_fields ... ok
test test_increase_bond::test_increase_bond_success_transfers_and_updates_storage ... ok
test test_liquidation_scanner::test_register_bond_holder_increases_size ... ok
test test_liquidation_scanner::test_register_bond_holder_idempotent ... ok
test test_liquidation_scanner::test_register_emits_event ... FAILED
test test_liquidation_scanner::test_no_candidates_when_no_bonds_active ... ok
test test_liquidation_scanner::test_pagination_next_cursor_resets_to_zero_on_completion ... ok
test test_liquidation_scanner::test_max_iter_hard_cap_enforced ... ok
test test_liquidation_scanner::test_scan_empty_registry_returns_done ... ok
test test_liquidation_scanner::test_pagination_done_flag_set_on_last_page ... ok
test test_liquidation_scanner::test_scan_emits_page_event ... FAILED
test test_liquidation_scanner::test_register_multiple_holders ... ok
test test_liquidation_scanner::test_pagination_covers_all_holders_no_overlap ... ok
test test_market_activation::test_activation_fails_without_token_config - should panic ... ok
test test_liquidation_scanner::test_scan_with_cursor_beyond_registry_panics - should panic ... ok
test test_liquidation_scanner::test_zero_max_iter_uses_default ... ok
test test_market_activation::test_activation_fails_with_duration_above_maximum - should panic ... ok
test test_math::test_bps_basic ... ok
test test_math::test_bps_overflow_panics - should panic ... ok
test test_math::test_mul_overflow_panics - should panic ... ok
test test_market_activation::test_activation_fails_with_duration_below_minimum - should panic ... ok
test test_math::test_mul_u64_overflow_panics - should panic ... ok
test test_math::test_sub_underflow_panics - should panic ... ok
test test_market_activation::test_activation_fails_with_negative_amount - should panic ... ok
test test_market_activation::test_activation_fails_with_zero_gold_threshold - should panic ... ok
test test_market_activation::test_activation_fails_with_platinum_equal_to_gold - should panic ... ok
test test_market_activation::test_activation_fails_with_zero_amount - should panic ... ok
test test_market_activation::test_set_gold_threshold_above_max_panics - should panic ... ok
test test_market_activation::test_set_platinum_threshold_above_max_panics - should panic ... ok
test test_market_activation::test_set_protocol_fee_bps_above_max_panics - should panic ... ok
test test_market_activation::test_set_protocol_fee_bps_zero_is_valid ... ok
test test_max_leverage::test_default_max_leverage ... ok
test test_market_activation::test_valid_bond_activation_succeeds ... FAILED
test test_max_leverage::test_set_max_leverage_above_hard_ceiling_rejected - should panic ... ok
test test_max_leverage::test_set_max_leverage_by_admin ... ok
test test_max_leverage::test_create_bond_above_cap_reverts - should panic ... ok
test test_max_leverage::test_leverage_18_decimal_scale_above_cap_reverts - should panic ... ok
test test_max_leverage::test_set_max_leverage_max_bound ... ok
test test_max_leverage::test_leverage_6_decimal_above_cap_reverts - should panic ... ok
test test_max_leverage::test_set_max_leverage_min_bound ... ok
test test_max_leverage::test_set_max_leverage_non_admin_rejected - should panic ... ok
test test_max_leverage::test_create_bond_at_cap_succeeds ... ok
test test_max_leverage::test_set_max_leverage_zero_rejected - should panic ... ok
test test_max_leverage::test_create_bond_below_cap_succeeds ... ok
test test_ownership_transfer::test_admin_transfer_to_self - should panic ... ok
test test_max_leverage::test_leverage_18_decimal_scale_at_cap_succeeds ... ok
test test_ownership_transfer::test_admin_transfer_flow ... ok
test test_ownership_transfer::test_admin_transfer_wrong_acceptor - should panic ... ok
test test_ownership_transfer::test_transfer_upgrade_admin_unauthorized - should panic ... ok
test test_max_leverage::test_reduced_cap_blocks_previously_valid_amount - should panic ... ok
test test_max_leverage::test_leverage_6_decimal_at_cap_succeeds ... ok
test test_parameters::test_default_attestation_fee_bps ... ok
test test_parameters::test_attestation_fee_event_args ... FAILED
test test_parameters::test_default_bronze_threshold ... ok
test test_parameters::test_default_gold_threshold ... ok
test test_ownership_transfer::test_upgrade_admin_transfer_flow ... ok
test test_parameters::test_default_platinum_threshold ... ok
test test_parameters::test_default_silver_threshold ... ok
test test_parameters::test_all_parameters_independent ... ok
test test_parameters::test_default_protocol_fee_bps ... ok
test test_parameters::test_default_withdrawal_cooldown_secs ... ok
test test_parameters::test_default_slash_cooldown_secs ... ok
test test_parameters::test_event_contains_old_and_new_values ... ok
test test_parameters::test_multiple_protocol_fee_updates ... ok
test test_parameters::test_multiple_parameter_changes_emit_multiple_events ... ok
test test_parameters::test_no_duplicate_events_on_parameter_update ... FAILED
test test_parameters::test_parameter_change_event_emitted_on_update ... ok
test test_parameters::test_multiple_tier_threshold_updates ... ok
test test_parameters::test_parameter_update_v2_event_args ... ok
test test_parameters::test_max_values_for_all_parameters ... ok
test test_parameters::test_pause_signer_event_includes_old_and_new ... ok
test test_parameters::test_protocol_fee_event_args ... FAILED
test test_parameters::test_pause_threshold_event_includes_old_and_new ... ok
test test_parameters::test_set_attestation_fee_bps_above_max - should panic ... ok
test test_parameters::test_set_attestation_fee_bps_at_max_boundary ... ok
test test_parameters::test_set_attestation_fee_bps_at_min_boundary ... ok
test test_parameters::test_set_attestation_fee_bps_non_governance_rejected - should panic ... ok
test test_parameters::test_set_bronze_threshold_at_max_boundary ... ok
test test_parameters::test_set_bronze_threshold_above_max - should panic ... ok
test test_parameters::test_set_bronze_threshold_negative - should panic ... ok
test test_parameters::test_set_bronze_threshold_at_min_boundary ... ok
test test_parameters::test_set_bronze_threshold_non_governance_rejected - should panic ... ok
test test_parameters::test_set_gold_threshold_above_max - should panic ... ok
test test_parameters::test_set_gold_threshold_at_max_boundary ... ok
test test_parameters::test_set_gold_threshold_at_min_boundary ... ok
test test_parameters::test_set_gold_threshold_below_min - should panic ... ok
test test_parameters::test_set_gold_threshold_non_governance_rejected - should panic ... ok
test test_parameters::test_set_platinum_threshold_above_max - should panic ... ok
test test_parameters::test_set_platinum_threshold_at_max_boundary ... ok
test test_parameters::test_set_parameter_to_same_value ... ok
test test_parameters::test_set_platinum_threshold_non_governance_rejected - should panic ... ok
test test_parameters::test_set_platinum_threshold_below_min - should panic ... ok
test test_parameters::test_set_platinum_threshold_at_min_boundary ... ok
test test_parameters::test_set_protocol_fee_bps_above_max - should panic ... ok
test test_parameters::test_set_protocol_fee_bps_at_max_boundary ... ok
test test_parameters::test_set_protocol_fee_bps_at_min_boundary ... ok
test test_parameters::test_set_protocol_fee_bps_below_min - should panic ... ok
test test_parameters::test_set_protocol_fee_bps_non_governance_rejected - should panic ... ok
test test_parameters::test_set_silver_threshold_above_max - should panic ... ok
test test_parameters::test_set_silver_threshold_at_min_boundary ... ok
test test_parameters::test_set_silver_threshold_at_max_boundary ... ok
test test_parameters::test_set_silver_threshold_non_governance_rejected - should panic ... ok
test test_parameters::test_set_silver_threshold_below_min - should panic ... ok
test test_parameters::test_set_slash_cooldown_above_max - should panic ... ok
test test_parameters::test_set_slash_cooldown_at_max_boundary ... ok
test test_parameters::test_set_slash_cooldown_at_min_boundary ... ok
test test_parameters::test_set_slash_cooldown_non_governance_rejected - should panic ... ok
test test_parameters::test_set_withdrawal_cooldown_above_max - should panic ... ok
test test_parameters::test_set_withdrawal_cooldown_at_max_boundary ... ok
test test_parameters::test_set_withdrawal_cooldown_at_min_boundary ... ok
test test_parameters::test_set_withdrawal_cooldown_non_governance_rejected - should panic ... ok
test test_parameters::test_update_bronze_threshold_success ... ok
test test_parameters::test_update_attestation_fee_bps_success ... ok
test test_parameters::test_update_gold_threshold_success ... ok
test test_parameters::test_update_platinum_threshold_success ... ok
test test_parameters::test_update_protocol_fee_bps_success ... ok
test test_parameters::test_update_silver_threshold_success ... ok
test test_parameters::test_update_slash_cooldown_success ... ok
test test_parameters::test_update_withdrawal_cooldown_success ... ok
test test_parameters::test_zero_cooldown_periods_allowed ... ok
test test_parameters::test_withdrawal_cooldown_event_args ... FAILED
test test_parameters::test_zero_fee_rates_allowed ... ok
test test_pausable::test_pause_blocks_state_changes_but_allows_reads ... ok
test test_pausable::test_execute_requires_threshold ... ok
test test_pausable::test_pause_multisig_flow ... ok
test test_reentrancy::test_double_withdraw_rejected - should panic ... ok
test test_reentrancy::test_cross_function_reentrancy_blocked - should panic ... ok
test test_reentrancy::test_lock_not_held_initially ... ok
test test_reentrancy::test_cooldown_withdrawal_reentrancy_blocked - should panic ... ok
test test_reentrancy::test_fee_collection_reentrancy_blocked - should panic ... ok
test test_reentrancy::test_lock_released_after_partial_withdraw ... ok
test test_reentrancy::test_lock_released_after_fee_collection ... ok
test test_reentrancy::test_lock_released_after_slash ... FAILED
test test_reentrancy::test_normal_fee_collection_succeeds ... ok
test test_reentrancy::test_lock_released_after_withdraw ... ok
test test_reentrancy::test_normal_slash_succeeds ... FAILED
test test_reentrancy::test_sequential_operations_succeed ... FAILED
test test_reentrancy::test_normal_withdraw_succeeds ... ok
test test_reentrancy::test_set_callback_non_admin_rejected - should panic ... ok
test test_reentrancy::test_slash_exceeds_bond_rejected - should panic ... FAILED
test test_reentrancy::test_partial_withdraw_reentrancy_blocked - should panic ... ok
test test_reentrancy::test_slash_reentrancy_blocked - should panic ... ok
test test_reentrancy::test_state_committed_before_callback_slash ... FAILED
test test_reentrancy_bug_exploration::test_nested_reentrancy_blocked - should panic ... FAILED
test test_reentrancy_bug_exploration::test_rolling_withdraw_reentrancy_attack - should panic ... FAILED
test test_reentrancy::test_state_committed_before_callback_withdraw_bond ... FAILED
test test_reentrancy_bug_exploration::test_withdraw_bond_reentrancy_attack - should panic ... FAILED
test test_reentrancy::test_withdraw_early_reentrancy_blocked - should panic ... ok
test test_reentrancy_bug_exploration::test_withdraw_early_reentrancy_attack - should panic ... FAILED
test test_reentrancy::test_withdraw_non_owner_rejected - should panic ... ok
test test_reentrancy::test_withdraw_reentrancy_blocked - should panic ... ok
test test_reentrancy_preservation::property_withdraw_bond_before_lockup_error_preserved - should panic ... ok
test test_reentrancy_preservation::property_withdraw_bond_insufficient_balance_error_preserved - should panic ... ok
test test_reentrancy_preservation::property_withdraw_bond_normal_behavior_preserved ... FAILED
test test_reentrancy_preservation::property_withdraw_bond_negative_amount_error_preserved - should panic ... ok
test test_reentrancy_preservation::property_withdraw_bond_full_unchanged ... FAILED
test test_reentrancy_preservation::property_withdraw_early_after_lockup_error_preserved - should panic ... ok
test test_reentrancy_preservation::property_zero_amount_withdrawal_preserved ... ok
test test_replay_prevention::deadline_at_exact_timestamp_accepted ... ok
test test_replay_prevention::expired_deadline_rejected_on_add_attestation - should panic ... ok
test test_replay_prevention::nonce_starts_at_zero ... ok
test test_replay_prevention::wrong_contract_address_rejected_on_add_attestation - should panic ... ok
test test_replay_prevention::expired_deadline_rejected_on_revoke - should panic ... ok
test test_replay_prevention::nonce_increments_after_revoke ... ok
test test_replay_prevention::wrong_nonce_rejected - should panic ... ok
test test_replay_prevention::replay_add_attestation_rejected - should panic ... ok
test test_replay_prevention::wrong_contract_address_rejected_on_revoke - should panic ... ok
test test_replay_prevention::replay_revoke_rejected - should panic ... ok
test test_replay_prevention::nonce_increments_after_add_attestation ... ok
test test_rolling_bond::test_renew_if_rolling_advances_period ... ok
test test_rolling_bond::test_renew_if_rolling_no_op_before_period_end ... ok
test test_rolling_bond::test_renew_if_rolling_no_op_for_non_rolling ... ok
test test_rolling_bond::test_request_withdrawal ... ok
test test_rolling_bond::test_request_withdrawal_non_rolling - should panic ... ok
test test_rolling_bond::test_request_withdrawal_twice - should panic ... ok
test test_rolling_bond::test_rolling_bond_creation ... ok
test test_rolling_bond::test_withdraw_after_notice_period ... ok
test test_same_ledger_liquidation_guard::test_slash_same_ledger_after_increase_bond_rejected - should panic ... ok
test test_same_ledger_liquidation_guard::test_slash_same_ledger_after_top_up_rejected - should panic ... ok
test test_same_ledger_liquidation_guard::test_slash_next_ledger_after_create_bond_allowed ... ok
test test_slashing::test_error_message_no_bond - should panic ... ok
test test_same_ledger_liquidation_guard::test_withdraw_unaffected_after_create_same_ledger ... ok
test test_same_ledger_liquidation_guard::test_slash_next_ledger_after_increase_bond_allowed ... ok
test test_slashing::test_cumulative_slash_with_capping ... ok
test test_slashing::test_error_message_not_admin - should panic ... ok
test test_slashing::test_full_slash_prevents_further_slashing ... ok
test test_slashing::test_slash_after_partial_withdrawal ... ok
test test_slashing::test_slash_basic_success ... ok
test test_slashing::test_slash_after_withdraw_respects_new_available ... ok
test test_slashing::test_slash_does_not_affect_other_fields ... ok
test test_slashing::test_slash_available_decreases_after_each_slash ... ok
test test_slashing::test_slash_capped_at_available_not_bonded ... ok
test test_slashing::test_slash_entire_amount ... ok
test test_slashing::test_slash_event_emitted_basic ... ok
test test_slashing::test_slash_exact_half ... ok
test test_slashing::test_cumulative_slash_incremental ... ok
test test_slashing::test_slash_event_contains_correct_event_data ... ok
test test_slashing::test_slash_history_capped_slash_records_actual_amount ... FAILED
test test_slashing::test_slash_history_count_increments ... FAILED
test test_slashing::test_slash_history_cumulative ... ok
test test_slashing::test_slash_history_zero_slash_no_record ... FAILED
test test_slashing::test_slash_history_record_fields ... FAILED
test test_slashing::test_slash_history_single_slash ... ok
test test_slashing::test_slash_history_total_slashed_after_accumulates ... FAILED
test test_slashing::test_slash_identity_cannot_slash_own_bond - should panic ... ok
test test_slashing::test_slash_history_get_all_records ... FAILED
test test_slashing::test_slash_max_i128_capped ... ok
test test_slashing::test_slash_large_amounts ... ok
test test_slashing::test_slash_on_very_large_bond ... ok
test test_slashing::test_slash_over_amount_capped ... ok
test test_slashing::test_slash_multiple_events ... ok
test test_slashing::test_slash_overflow_prevention ... ok
test test_slashing::test_slash_small_amount ... ok
test test_slashing::test_slash_multiple_accumulate ... ok
test test_slashing::test_slash_result_matches_get_state ... ok
test test_slashing::test_slash_state_persists ... ok
test test_slashing::test_slash_unauthorized_different_address - should panic ... ok
test test_slashing::test_slash_then_withdraw_then_slash_again ... ok
test test_slashing::test_slash_zero_amount ... ok
test test_slashing::test_slash_way_over_amount_capped ... ok
test test_slashing::test_withdraw_after_slash_respects_available ... ok
test test_slashing::test_slash_zero_available_is_noop ... ok
test test_slashing::test_slash_unauthorized_rejection - should panic ... ok
test test_slashing::test_withdraw_more_than_available_after_slash - should panic ... ok
test test_slashing::test_withdraw_exact_available_balance ... ok
test test_slashing::test_withdraw_when_fully_slashed - should panic ... ok
test test_status_snapshot::test_snapshot_available_balance_unslashed ... ok
test test_status_snapshot::test_snapshot_available_balance_partially_slashed ... ok
test test_status_snapshot::test_snapshot_available_balance_fully_slashed ... ok
test test_status_snapshot::test_snapshot_cooldown_active ... ok
test test_status_snapshot::test_snapshot_cooldown_elapsed ... ok
test test_status_snapshot::test_snapshot_cooldown_exactly_at_end ... ok
test test_status_snapshot::test_snapshot_combined_state ... ok
test test_status_snapshot::test_snapshot_cooldown_no_request ... ok
test test_status_snapshot::test_snapshot_cooldown_partially_elapsed ... ok
test test_status_snapshot::test_snapshot_symbol_unused_in_test ... ok
test test_status_snapshot::test_snapshot_cooldown_zero_period ... ok
test test_status_snapshot::test_snapshot_emergency_mode_default_false ... ok
test test_status_snapshot::test_snapshot_does_not_mutate_bond ... ok
test test_status_snapshot::test_snapshot_panics_when_no_bond - should panic ... ok
test test_status_snapshot::test_snapshot_emergency_mode_set_false ... ok
test test_status_snapshot::test_snapshot_emergency_mode_enabled ... ok
test test_status_snapshot::test_snapshot_tier_boundary_gold_min ... ok
test test_status_snapshot::test_snapshot_tier_boundary_bronze_max ... ok
test test_status_snapshot::test_snapshot_tier_boundary_platinum_min ... ok
test test_status_snapshot::test_snapshot_emergency_mode_toggled ... ok
test test_status_snapshot::test_snapshot_tier_boundary_silver_min ... ok
test test_status_snapshot::test_snapshot_tier_gold ... ok
test test_tiered_bond::test_tier_thresholds ... ok
test test_status_snapshot::test_snapshot_tier_bronze ... ok
test test_status_snapshot::test_snapshot_tier_platinum ... ok
test test_upgrade_auth::test_cannot_revoke_last_upgrade_admin ... FAILED
test test_upgrade_auth::test_grant_and_revoke_upgrade_authorization ... FAILED
test test_upgrade_auth::test_proposal_expiry_handling ... FAILED
test test_upgrade_auth::test_unauthorized_upgrade_attempts ... FAILED
test test_upgrade_auth::test_upgrade_authorization_expiry ... FAILED
test test_upgrade_auth::test_upgrade_authorization_initialization ... FAILED
test test_upgrade_auth::test_upgrade_execution_with_proposal ... FAILED
test test_upgrade_auth::test_upgrade_history_tracking ... FAILED
test test_upgrade_auth::test_upgrade_proposal_and_approval ... FAILED
test test_validation::test_boundary_values ... ok
test test_status_snapshot::test_snapshot_tier_silver ... ok
test test_status_snapshot::test_snapshot_tier_updates_after_top_up ... ok
test test_status_snapshot::test_snapshot_timestamp_reflects_ledger ... ok
test test_tiered_bond::test_get_tier_after_create_bond ... ok
test test_tiered_bond::test_tier_downgrade_on_withdraw ... ok
test test_tiered_bond::test_tier_unchanged_within_threshold ... ok
test test_tiered_bond::test_tier_upgrade_on_top_up ... ok
test test_validation::test_error_message_includes_amount_and_maximum - should panic ... ok
test test_validation::test_error_message_includes_amount_and_minimum - should panic ... ok
test test_validation::test_create_bond_with_amount_above_maximum - should panic ... ok
test test_validation::test_create_bond_with_amount_below_minimum - should panic ... ok
test test_validation::test_create_bond_with_negative_amount - should panic ... ok
test test_validation::test_validate_bond_amount_above_maximum - should panic ... ok
test test_validation::test_validate_bond_amount_below_minimum - should panic ... ok
test test_validation::test_create_bond_then_top_up_valid_scenario ... ok
test test_validation::test_validate_bond_amount_large_negative - should panic ... ok
test test_validation::test_validate_bond_amount_negative - should panic ... ok
test test_validation::test_validate_bond_amount_max_i128 - should panic ... ok
test test_validation::test_validate_bond_amount_valid ... ok
test test_validation::test_validate_bond_amount_zero - should panic ... ok
test test_validation::test_create_bond_with_min_amount_then_invalid_top_up - should panic ... FAILED
test test_validation::test_create_bond_with_zero_amount - should panic ... ok
test test_validation::test_create_bond_with_valid_amount ... ok
test test_validation::test_top_up_with_negative_amount - should panic ... FAILED
test test_validation::test_top_up_with_zero_amount - should panic ... FAILED
test test_validation::test_top_up_with_valid_amount ... ok
test test_verifier::admin_can_deactivate_verifier ... ok
test test_verifier::register_verifier_enforces_min_stake - should panic ... ok
test test_verifier::reactivation_fails_if_withdrawn_below_min_stake - should panic ... ok
test test_weighted_attestation::compute_weight_zero_stake_returns_default ... ok
test test_verifier::set_and_get_verifier_stake_requirement_emits_event ... ok
test test_verifier::deactivate_verifier_prevents_attestation_and_allows_withdrawal ... ok
test test_verifier::register_verifier_top_up_increases_stake ... ok
test test_verifier::register_verifier_transfers_stake_sets_active ... ok
test test_verifier::register_verifier_while_active_with_zero_deposit_panics - should panic ... ok
test test_weighted_attestation::get_attester_stake_default_zero ... ok
test test_weighted_attestation::get_weight_config_returns_set_values ... ok
test test_weighted_attestation::set_attester_stake_negative_panics - should panic ... ok
test test_weighted_attestation::default_weight_is_one ... ok
test test_verifier::withdraw_verifier_stake_while_active_panics - should panic ... ok
test test_weighted_attestation::set_weight_config_caps_max_at_protocol_limit ... ok
test test_verifier::verifier_reputation_updates_on_attestation_and_revocation ... ok
test test_weighted_attestation::weight_capped_by_config ... ok
test test_weighted_attestation::weight_increases_with_stake ... ok
test test_weighted_attestation::weight_capped_by_max_attestation_weight ... ok
test test_withdraw_bond::test_withdraw_alias_calls_withdraw_bond ... ok
test test_withdraw_bond::test_withdraw_bond_after_lockup_non_rolling ... ok
test test_weighted_attestation::weight_updates_when_stake_changes ... ok
test test_withdraw_bond::test_withdraw_bond_before_lockup_panics - should panic ... ok
test test_withdraw_bond::test_withdraw_bond_after_slash ... ok
test test_withdraw_bond::test_withdraw_bond_insufficient_balance - should panic ... ok
test test_withdraw_bond::test_withdraw_bond_full_withdrawal ... ok
test test_withdraw_bond::test_withdraw_bond_partial_withdrawal ... ok
test test_zero_address::zero_address_tests::test_register_attester_rejects_zero_address ... FAILED
test test_withdraw_bond::test_withdraw_bond_rolling_before_cooldown_panics - should panic ... ok
test test_zero_address::zero_address_tests::test_register_verifier_rejects_zero_address ... FAILED
test test_withdraw_bond::test_withdraw_bond_rolling_before_notice_panics - should panic ... ok
test test_zero_address::zero_address_tests::test_set_early_exit_config_rejects_zero_address ... FAILED
test test_withdraw_bond::test_withdraw_bond_rolling_after_cooldown ... ok
test test_withdraw_bond::test_withdraw_bond_zero_amount ... ok
test test_zero_address::zero_address_tests::test_set_emergency_config_rejects_zero_addresses ... FAILED
test test_zero_address::zero_address_tests::test_set_token_rejects_zero_address ... FAILED
test test_zero_address::zero_address_tests::test_set_usdc_token_rejects_zero_address ... FAILED
test test_zero_address::zero_address_tests::test_valid_addresses_succeed ... FAILED
test test_zero_address_working::zero_address_tests::test_valid_addresses_succeed ... FAILED
test token_integration_test::test_get_usdc_network_none_when_unset ... ok
test token_integration_test::test_get_usdc_token_without_configuration_panics - should panic ... FAILED
test token_integration_test::test_set_token_rejects_non_admin - should panic ... ok
test token_integration_test::test_set_usdc_token_and_network ... ok
test token_integration_test::test_create_bond_without_approval_panics - should panic ... ok
test validation::tests::test_validate_bond_amount_above_maximum - should panic ... ok
test validation::tests::test_validate_bond_amount_below_minimum - should panic ... ok
test validation::tests::test_validate_bond_amount_negative - should panic ... ok
test token_integration_test::test_create_bond_rejects_contract_self_approval_pattern - should panic ... FAILED
test validation::tests::test_validate_bond_amount_valid ... ok
test validation::tests::test_validate_bond_amount_zero - should panic ... ok
test validation::tests::test_validate_recipient_self_transfer - should panic ... ok
test validation::tests::test_validate_recipient_valid ... ok
test token_integration_test::test_set_usdc_token_rejects_unknown_network - should panic ... ok
test token_integration_test::test_create_bond_moves_tokens_into_contract ... ok
test token_integration_test::test_top_up_negative_amount_panics - should panic ... ok
test token_integration_test::test_top_up_requires_remaining_allowance - should panic ... ok
test token_integration_test::test_withdraw_negative_amount_panics - should panic ... ok
test token_integration_test::test_withdraw_transfers_tokens_back_to_identity ... ok
test test_reentrancy_preservation::property_sequential_withdrawals_preserved ... ok
test test_reentrancy_preservation::property_execute_cooldown_withdrawal_preserved ... ok
test fuzz::test_bond_fuzz::fuzz_bond_operations ... ok
test test_reentrancy_preservation::property_withdraw_early_penalty_calculations_preserved ... ok

failures:

---- fuzz::test_reward_accrual_fuzz::reward_accrual_non_negative_across_weight_range stdout ----

thread 'fuzz::test_reward_accrual_fuzz::reward_accrual_non_negative_across_weight_range' (37712) panicked at C:\Users\fuhad\.cargo\registry\src\index.crates.io-1949cf8c6b5b557f\soroban-env-host-22.1.3\src\host.rs:847:9:
HostError: Error(WasmVm, InvalidAction)

Event log (newest first):
   0: [Diagnostic Event] topics:[error, Error(WasmVm, InvalidAction)], data:"escalating error to panic"
   1: [Diagnostic Event] topics:[error, Error(WasmVm, InvalidAction)], data:["contract call failed", add_attestation, [CAAAAAAAAAAAAAAAAAAAAAAAAAAAAAAAAAAAAAAAAAAAAAAAAAAAHK3M, CAAAAAAAAAAAAAAAAAAAAAAAAAAAAAAAAAAAAAAAAAAAAAAAAAAAITA4, "fuzz", CAAAAAAAAAAAAAAAAAAAAAAAAAAAAAAAAAAAAAAAAAAAAAAAAAAAD2KM, 100000, 0]]
   2: [Failed Diagnostic Event (not emitted)] contract:CAAAAAAAAAAAAAAAAAAAAAAAAAAAAAAAAAAAAAAAAAAAAAAAAAAAD2KM, topics:[error, Error(WasmVm, InvalidAction)], data:"caught error from function"
   3: [Failed Diagnostic Event (not emitted)] contract:CAAAAAAAAAAAAAAAAAAAAAAAAAAAAAAAAAAAAAAAAAAAAAAAAAAAD2KM, topics:[log], data:["caught panic 'attestation weight mul overflow' from contract function 'Symbol(obj#591)'", CAAAAAAAAAAAAAAAAAAAAAAAAAAAAAAAAAAAAAAAAAAAAAAAAAAAHK3M, CAAAAAAAAAAAAAAAAAAAAAAAAAAAAAAAAAAAAAAAAAAAAAAAAAAAITA4, "fuzz", CAAAAAAAAAAAAAAAAAAAAAAAAAAAAAAAAAAAAAAAAAAAAAAAAAAAD2KM, 100000, 0]
   4: [Diagnostic Event] topics:[fn_call, CAAAAAAAAAAAAAAAAAAAAAAAAAAAAAAAAAAAAAAAAAAAAAAAAAAAD2KM, add_attestation], data:[CAAAAAAAAAAAAAAAAAAAAAAAAAAAAAAAAAAAAAAAAAAAAAAAAAAAHK3M, CAAAAAAAAAAAAAAAAAAAAAAAAAAAAAAAAAAAAAAAAAAAAAAAAAAAITA4, "fuzz", CAAAAAAAAAAAAAAAAAAAAAAAAAAAAAAAAAAAAAAAAAAAAAAAAAAAD2KM, 100000, 0]

note: run with `RUST_BACKTRACE=1` environment variable to display a backtrace
Writing test snapshot file for test "fuzz::test_reward_accrual_fuzz::reward_accrual_non_negative_across_weight_range" to "test_snapshots\\fuzz\\test_reward_accrual_fuzz\\reward_accrual_non_negative_across_weight_range.1.json".

---- fuzz::test_reward_accrual_fuzz::reward_accrual_no_overflow_at_max_weight stdout ----

thread 'fuzz::test_reward_accrual_fuzz::reward_accrual_no_overflow_at_max_weight' (32644) panicked at C:\Users\fuhad\.cargo\registry\src\index.crates.io-1949cf8c6b5b557f\soroban-env-host-22.1.3\src\host.rs:847:9:
HostError: Error(WasmVm, InvalidAction)

Event log (newest first):
   0: [Diagnostic Event] topics:[error, Error(WasmVm, InvalidAction)], data:"escalating error to panic"
   1: [Diagnostic Event] topics:[error, Error(WasmVm, InvalidAction)], data:["contract call failed", add_attestation, [CAAAAAAAAAAAAAAAAAAAAAAAAAAAAAAAAAAAAAAAAAAAAAAAAAAAHK3M, CAAAAAAAAAAAAAAAAAAAAAAAAAAAAAAAAAAAAAAAAAAAAAAAAAAAITA4, "fuzz", CAAAAAAAAAAAAAAAAAAAAAAAAAAAAAAAAAAAAAAAAAAAAAAAAAAAD2KM, 100000, 0]]
   2: [Failed Diagnostic Event (not emitted)] contract:CAAAAAAAAAAAAAAAAAAAAAAAAAAAAAAAAAAAAAAAAAAAAAAAAAAAD2KM, topics:[error, Error(WasmVm, InvalidAction)], data:"caught error from function"
   3: [Failed Diagnostic Event (not emitted)] contract:CAAAAAAAAAAAAAAAAAAAAAAAAAAAAAAAAAAAAAAAAAAAAAAAAAAAD2KM, topics:[log], data:["caught panic 'attestation weight mul overflow' from contract function 'Symbol(obj#591)'", CAAAAAAAAAAAAAAAAAAAAAAAAAAAAAAAAAAAAAAAAAAAAAAAAAAAHK3M, CAAAAAAAAAAAAAAAAAAAAAAAAAAAAAAAAAAAAAAAAAAAAAAAAAAAITA4, "fuzz", CAAAAAAAAAAAAAAAAAAAAAAAAAAAAAAAAAAAAAAAAAAAAAAAAAAAD2KM, 100000, 0]
   4: [Diagnostic Event] topics:[fn_call, CAAAAAAAAAAAAAAAAAAAAAAAAAAAAAAAAAAAAAAAAAAAAAAAAAAAD2KM, add_attestation], data:[CAAAAAAAAAAAAAAAAAAAAAAAAAAAAAAAAAAAAAAAAAAAAAAAAAAAHK3M, CAAAAAAAAAAAAAAAAAAAAAAAAAAAAAAAAAAAAAAAAAAAAAAAAAAAITA4, "fuzz", CAAAAAAAAAAAAAAAAAAAAAAAAAAAAAAAAAAAAAAAAAAAAAAAAAAAD2KM, 100000, 0]

Writing test snapshot file for test "fuzz::test_reward_accrual_fuzz::reward_accrual_no_overflow_at_max_weight" to "test_snapshots\\fuzz\\test_reward_accrual_fuzz\\reward_accrual_no_overflow_at_max_weight.1.json".

---- integration::test_bond_lifecycle::test_lifecycle_create_topup_slash_withdraw stdout ----

thread 'integration::test_bond_lifecycle::test_lifecycle_create_topup_slash_withdraw' (31936) panicked at C:\Users\fuhad\.cargo\registry\src\index.crates.io-1949cf8c6b5b557f\soroban-env-host-22.1.3\src\host.rs:847:9:
HostError: Error(WasmVm, InvalidAction)

Event log (newest first):
   0: [Diagnostic Event] topics:[error, Error(WasmVm, InvalidAction)], data:"escalating error to panic"
   1: [Diagnostic Event] topics:[error, Error(WasmVm, InvalidAction)], data:["contract call failed", slash, [CAAAAAAAAAAAAAAAAAAAAAAAAAAAAAAAAAAAAAAAAAAAAAAAAAAAFCT4, 300]]
   2: [Failed Diagnostic Event (not emitted)] contract:CAAAAAAAAAAAAAAAAAAAAAAAAAAAAAAAAAAAAAAAAAAAAAAAAAAAD2KM, topics:[error, Error(WasmVm, InvalidAction)], data:"caught error from function"
   3: [Failed Diagnostic Event (not emitted)] contract:CAAAAAAAAAAAAAAAAAAAAAAAAAAAAAAAAAAAAAAAAAAAAAAAAAAAD2KM, topics:[log], data:["caught panic 'slash blocked: collateral increased in this ledger' from contract function 'Symbol(slash)'", CAAAAAAAAAAAAAAAAAAAAAAAAAAAAAAAAAAAAAAAAAAAAAAAAAAAFCT4, 300]
   4: [Diagnostic Event] topics:[fn_call, CAAAAAAAAAAAAAAAAAAAAAAAAAAAAAAAAAAAAAAAAAAAAAAAAAAAD2KM, slash], data:[CAAAAAAAAAAAAAAAAAAAAAAAAAAAAAAAAAAAAAAAAAAAAAAAAAAAFCT4, 300]

Writing test snapshot file for test "integration::test_bond_lifecycle::test_lifecycle_create_topup_slash_withdraw" to "test_snapshots\\integration\\test_bond_lifecycle\\test_lifecycle_create_topup_slash_withdraw.1.json".

---- test_access_control::test_admin_can_call_privileged_methods stdout ----

thread 'test_access_control::test_admin_can_call_privileged_methods' (33860) panicked at C:\Users\fuhad\.cargo\registry\src\index.crates.io-1949cf8c6b5b557f\soroban-env-host-22.1.3\src\host.rs:847:9:
HostError: Error(Auth, InvalidAction)

Event log (newest first):
   0: [Diagnostic Event] topics:[error, Error(Auth, InvalidAction)], data:"escalating error to panic"
   1: [Diagnostic Event] topics:[error, Error(Auth, InvalidAction)], data:["contract call failed", set_grace_window, [CAAAAAAAAAAAAAAAAAAAAAAAAAAAAAAAAAAAAAAAAAAAAAAAAAAAFCT4, 300]]
   2: [Failed Diagnostic Event (not emitted)] contract:CAAAAAAAAAAAAAAAAAAAAAAAAAAAAAAAAAAAAAAAAAAAAAAAAAAAD2KM, topics:[error, Error(Auth, InvalidAction)], data:"caught error from function"
   3: [Failed Diagnostic Event (not emitted)] contract:CAAAAAAAAAAAAAAAAAAAAAAAAAAAAAAAAAAAAAAAAAAAAAAAAAAAD2KM, topics:[error, Error(Auth, InvalidAction)], data:"escalating error to panic"
   4: [Failed Diagnostic Event (not emitted)] contract:CAAAAAAAAAAAAAAAAAAAAAAAAAAAAAAAAAAAAAAAAAAAAAAAAAAAD2KM, topics:[error, Error(Auth, InvalidAction)], data:["Unauthorized function call for address", CAAAAAAAAAAAAAAAAAAAAAAAAAAAAAAAAAAAAAAAAAAAAAAAAAAAFCT4]
   5: [Diagnostic Event] topics:[fn_call, CAAAAAAAAAAAAAAAAAAAAAAAAAAAAAAAAAAAAAAAAAAAAAAAAAAAD2KM, set_grace_window], data:[CAAAAAAAAAAAAAAAAAAAAAAAAAAAAAAAAAAAAAAAAAAAAAAAAAAAFCT4, 300]

Writing test snapshot file for test "test_access_control::test_admin_can_call_privileged_methods" to "test_snapshots\\test_access_control\\test_admin_can_call_privileged_methods.1.json".

---- test_create_bond::test_create_bond_duration_overflow stdout ----

thread 'test_create_bond::test_create_bond_duration_overflow' (20540) panicked at C:\Users\fuhad\.cargo\registry\src\index.crates.io-1949cf8c6b5b557f\soroban-env-host-22.1.3\src\host.rs:847:9:
HostError: Error(WasmVm, InvalidAction)

Event log (newest first):
   0: [Diagnostic Event] topics:[error, Error(WasmVm, InvalidAction)], data:"escalating error to panic"
   1: [Diagnostic Event] topics:[error, Error(WasmVm, InvalidAction)], data:["contract call failed", create_bond, [CAAAAAAAAAAAAAAAAAAAAAAAAAAAAAAAAAAAAAAAAAAAAAAAAAAAHK3M, 1000, 2000]]
   2: [Failed Diagnostic Event (not emitted)] contract:CAAAAAAAAAAAAAAAAAAAAAAAAAAAAAAAAAAAAAAAAAAAAAAAAAAAD2KM, topics:[error, Error(WasmVm, InvalidAction)], data:"caught error from function"
   3: [Failed Diagnostic Event (not emitted)] contract:CAAAAAAAAAAAAAAAAAAAAAAAAAAAAAAAAAAAAAAAAAAAAAAAAAAAD2KM, topics:[log], data:["caught panic 'bond duration too short: minimum is 86400 seconds (1 day)' from contract function 'Symbol(obj#97)'", CAAAAAAAAAAAAAAAAAAAAAAAAAAAAAAAAAAAAAAAAAAAAAAAAAAAHK3M, 1000, 2000]
   4: [Diagnostic Event] topics:[fn_call, CAAAAAAAAAAAAAAAAAAAAAAAAAAAAAAAAAAAAAAAAAAAAAAAAAAAD2KM, create_bond], data:[CAAAAAAAAAAAAAAAAAAAAAAAAAAAAAAAAAAAAAAAAAAAAAAAAAAAHK3M, 1000, 2000]

Writing test snapshot file for test "test_create_bond::test_create_bond_duration_overflow" to "test_snapshots\\test_create_bond\\test_create_bond_duration_overflow.1.json".
note: panic did not contain expected string
      panic message: "HostError: Error(WasmVm, InvalidAction)\n\nEvent log (newest first):\n   0: [Diagnostic Event] topics:[error, Error(WasmVm, InvalidAction)], data:\"escalating error to panic\"\n   1: [Diagnostic Event] topics:[error, Error(WasmVm, InvalidAction)], data:[\"contract call failed\", create_bond, [CAAAAAAAAAAAAAAAAAAAAAAAAAAAAAAAAAAAAAAAAAAAAAAAAAAAHK3M, 1000, 2000]]\n   2: [Failed Diagnostic Event (not emitted)] contract:CAAAAAAAAAAAAAAAAAAAAAAAAAAAAAAAAAAAAAAAAAAAAAAAAAAAD2KM, topics:[error, Error(WasmVm, InvalidAction)], data:\"caught error from function\"\n   3: [Failed Diagnostic Event (not emitted)] contract:CAAAAAAAAAAAAAAAAAAAAAAAAAAAAAAAAAAAAAAAAAAAAAAAAAAAD2KM, topics:[log], data:[\"caught panic 'bond duration too short: minimum is 86400 seconds (1 day)' from contract function 'Symbol(obj#97)'\", CAAAAAAAAAAAAAAAAAAAAAAAAAAAAAAAAAAAAAAAAAAAAAAAAAAAHK3M, 1000, 2000]\n   4: [Diagnostic Event] topics:[fn_call, CAAAAAAAAAAAAAAAAAAAAAAAAAAAAAAAAAAAAAAAAAAAAAAAAAAAD2KM, create_bond], data:[CAAAAAAAAAAAAAAAAAAAAAAAAAAAAAAAAAAAAAAAAAAAAAAAAAAAHK3M, 1000, 2000]\n"
 expected substring: "bond end timestamp would overflow"
---- test_create_bond::test_create_bond_max_duration stdout ----

thread 'test_create_bond::test_create_bond_max_duration' (19068) panicked at C:\Users\fuhad\.cargo\registry\src\index.crates.io-1949cf8c6b5b557f\soroban-env-host-22.1.3\src\host.rs:847:9:
HostError: Error(WasmVm, InvalidAction)

Event log (newest first):
   0: [Diagnostic Event] topics:[error, Error(WasmVm, InvalidAction)], data:"escalating error to panic"
   1: [Diagnostic Event] topics:[error, Error(WasmVm, InvalidAction)], data:["contract call failed", create_bond, [CAAAAAAAAAAAAAAAAAAAAAAAAAAAAAAAAAAAAAAAAAAAAAAAAAAAHK3M, 1000, 9223372036854775807]]
   2: [Failed Diagnostic Event (not emitted)] contract:CAAAAAAAAAAAAAAAAAAAAAAAAAAAAAAAAAAAAAAAAAAAAAAAAAAAD2KM, topics:[error, Error(WasmVm, InvalidAction)], data:"caught error from function"
   3: [Failed Diagnostic Event (not emitted)] contract:CAAAAAAAAAAAAAAAAAAAAAAAAAAAAAAAAAAAAAAAAAAAAAAAAAAAD2KM, topics:[log], data:["caught panic 'bond duration too long: maximum is 31536000 seconds (365 days)' from contract function 'Symbol(obj#435)'", CAAAAAAAAAAAAAAAAAAAAAAAAAAAAAAAAAAAAAAAAAAAAAAAAAAAHK3M, 1000, 9223372036854775807]
   4: [Diagnostic Event] topics:[fn_call, CAAAAAAAAAAAAAAAAAAAAAAAAAAAAAAAAAAAAAAAAAAAAAAAAAAAD2KM, create_bond], data:[CAAAAAAAAAAAAAAAAAAAAAAAAAAAAAAAAAAAAAAAAAAAAAAAAAAAHK3M, 1000, 9223372036854775807]

Writing test snapshot file for test "test_create_bond::test_create_bond_max_duration" to "test_snapshots\\test_create_bond\\test_create_bond_max_duration.1.json".

---- test_create_bond::test_create_bond_max_amount stdout ----

thread 'test_create_bond::test_create_bond_max_amount' (31760) panicked at C:\Users\fuhad\.cargo\registry\src\index.crates.io-1949cf8c6b5b557f\soroban-env-host-22.1.3\src\host.rs:847:9:
HostError: Error(WasmVm, InvalidAction)

Event log (newest first):
   0: [Diagnostic Event] topics:[error, Error(WasmVm, InvalidAction)], data:"escalating error to panic"
   1: [Diagnostic Event] topics:[error, Error(WasmVm, InvalidAction)], data:["contract call failed", create_bond, [CAAAAAAAAAAAAAAAAAAAAAAAAAAAAAAAAAAAAAAAAAAAAAAAAAAAHK3M, 170141183460469231731687303715884105727, 86400]]
   2: [Failed Diagnostic Event (not emitted)] contract:CAAAAAAAAAAAAAAAAAAAAAAAAAAAAAAAAAAAAAAAAAAAAAAAAAAAD2KM, topics:[error, Error(WasmVm, InvalidAction)], data:"caught error from function"
   3: [Failed Diagnostic Event (not emitted)] contract:CAAAAAAAAAAAAAAAAAAAAAAAAAAAAAAAAAAAAAAAAAAAAAAAAAAAD2KM, topics:[log], data:["caught panic 'bond amount exceeds maximum allowed: 170141183460469231731687303715884105727 (maximum: 100000000000000)' from contract function 'Symbol(obj#435)'", CAAAAAAAAAAAAAAAAAAAAAAAAAAAAAAAAAAAAAAAAAAAAAAAAAAAHK3M, 170141183460469231731687303715884105727, 86400]
   4: [Diagnostic Event] topics:[fn_call, CAAAAAAAAAAAAAAAAAAAAAAAAAAAAAAAAAAAAAAAAAAAAAAAAAAAD2KM, create_bond], data:[CAAAAAAAAAAAAAAAAAAAAAAAAAAAAAAAAAAAAAAAAAAAAAAAAAAAHK3M, 170141183460469231731687303715884105727, 86400]

Writing test snapshot file for test "test_create_bond::test_create_bond_max_amount" to "test_snapshots\\test_create_bond\\test_create_bond_max_amount.1.json".

---- test_create_bond::test_create_bond_different_identities stdout ----

thread 'test_create_bond::test_create_bond_different_identities' (9652) panicked at C:\Users\fuhad\.cargo\registry\src\index.crates.io-1949cf8c6b5b557f\soroban-env-host-22.1.3\src\host.rs:847:9:
HostError: Error(WasmVm, InvalidAction)

Event log (newest first):
   0: [Diagnostic Event] topics:[error, Error(WasmVm, InvalidAction)], data:"escalating error to panic"
   1: [Diagnostic Event] topics:[error, Error(WasmVm, InvalidAction)], data:["contract call failed", create_bond, [CAAAAAAAAAAAAAAAAAAAAAAAAAAAAAAAAAAAAAAAAAAAAAAAAAAAK3IM, 1000, 86400]]
   2: [Failed Diagnostic Event (not emitted)] contract:CAAAAAAAAAAAAAAAAAAAAAAAAAAAAAAAAAAAAAAAAAAAAAAAAAAAD2KM, topics:[error, Error(WasmVm, InvalidAction)], data:"caught error from function"
   3: [Failed Diagnostic Event (not emitted)] contract:CAAAAAAAAAAAAAAAAAAAAAAAAAAAAAAAAAAAAAAAAAAAAAAAAAAAD2KM, topics:[log], data:["caught panic 'insufficient token allowance' from contract function 'Symbol(obj#439)'", CAAAAAAAAAAAAAAAAAAAAAAAAAAAAAAAAAAAAAAAAAAAAAAAAAAAK3IM, 1000, 86400]
   4: [Failed Diagnostic Event (not emitted)] contract:CCABDO7UZXYE4W6GVSEGSNNZTKSLFQGKXXQTH6OX7M7GKZ4Z6CUJNGZN, topics:[fn_return, allowance], data:0
   5: [Failed Diagnostic Event (not emitted)] contract:CAAAAAAAAAAAAAAAAAAAAAAAAAAAAAAAAAAAAAAAAAAAAAAAAAAAD2KM, topics:[fn_call, CCABDO7UZXYE4W6GVSEGSNNZTKSLFQGKXXQTH6OX7M7GKZ4Z6CUJNGZN, allowance], data:[CAAAAAAAAAAAAAAAAAAAAAAAAAAAAAAAAAAAAAAAAAAAAAAAAAAAK3IM, CAAAAAAAAAAAAAAAAAAAAAAAAAAAAAAAAAAAAAAAAAAAAAAAAAAAD2KM]
   6: [Diagnostic Event] topics:[fn_call, CAAAAAAAAAAAAAAAAAAAAAAAAAAAAAAAAAAAAAAAAAAAAAAAAAAAD2KM, create_bond], data:[CAAAAAAAAAAAAAAAAAAAAAAAAAAAAAAAAAAAAAAAAAAAAAAAAAAAK3IM, 1000, 86400]

Writing test snapshot file for test "test_create_bond::test_create_bond_different_identities" to "test_snapshots\\test_create_bond\\test_create_bond_different_identities.1.json".

---- test_create_bond::test_create_bond_min_positive_amount stdout ----

thread 'test_create_bond::test_create_bond_min_positive_amount' (25576) panicked at C:\Users\fuhad\.cargo\registry\src\index.crates.io-1949cf8c6b5b557f\soroban-env-host-22.1.3\src\host.rs:847:9:
HostError: Error(WasmVm, InvalidAction)

Event log (newest first):
   0: [Diagnostic Event] topics:[error, Error(WasmVm, InvalidAction)], data:"escalating error to panic"
   1: [Diagnostic Event] topics:[error, Error(WasmVm, InvalidAction)], data:["contract call failed", create_bond, [CAAAAAAAAAAAAAAAAAAAAAAAAAAAAAAAAAAAAAAAAAAAAAAAAAAAHK3M, 1, 86400]]
   2: [Failed Diagnostic Event (not emitted)] contract:CAAAAAAAAAAAAAAAAAAAAAAAAAAAAAAAAAAAAAAAAAAAAAAAAAAAD2KM, topics:[error, Error(WasmVm, InvalidAction)], data:"caught error from function"
   3: [Failed Diagnostic Event (not emitted)] contract:CAAAAAAAAAAAAAAAAAAAAAAAAAAAAAAAAAAAAAAAAAAAAAAAAAAAD2KM, topics:[log], data:["caught panic 'bond amount below minimum required: 1 (minimum: 1000)' from contract function 'Symbol(obj#435)'", CAAAAAAAAAAAAAAAAAAAAAAAAAAAAAAAAAAAAAAAAAAAAAAAAAAAHK3M, 1, 86400]
   4: [Diagnostic Event] topics:[fn_call, CAAAAAAAAAAAAAAAAAAAAAAAAAAAAAAAAAAAAAAAAAAAAAAAAAAAD2KM, create_bond], data:[CAAAAAAAAAAAAAAAAAAAAAAAAAAAAAAAAAAAAAAAAAAAAAAAAAAAHK3M, 1, 86400]

Writing test snapshot file for test "test_create_bond::test_create_bond_min_positive_amount" to "test_snapshots\\test_create_bond\\test_create_bond_min_positive_amount.1.json".

---- test_create_bond::test_create_bond_usdc_amount stdout ----

thread 'test_create_bond::test_create_bond_usdc_amount' (6552) panicked at C:\Users\fuhad\.cargo\registry\src\index.crates.io-1949cf8c6b5b557f\soroban-env-host-22.1.3\src\host.rs:847:9:
HostError: Error(WasmVm, InvalidAction)

Event log (newest first):
   0: [Diagnostic Event] topics:[error, Error(WasmVm, InvalidAction)], data:"escalating error to panic"
   1: [Diagnostic Event] topics:[error, Error(WasmVm, InvalidAction)], data:["contract call failed", create_bond, [CAAAAAAAAAAAAAAAAAAAAAAAAAAAAAAAAAAAAAAAAAAAAAAAAAAAHK3M, 1000000000, 86400]]
   2: [Failed Diagnostic Event (not emitted)] contract:CAAAAAAAAAAAAAAAAAAAAAAAAAAAAAAAAAAAAAAAAAAAAAAAAAAAD2KM, topics:[error, Error(WasmVm, InvalidAction)], data:"caught error from function"
   3: [Failed Diagnostic Event (not emitted)] contract:CAAAAAAAAAAAAAAAAAAAAAAAAAAAAAAAAAAAAAAAAAAAAAAAAAAAD2KM, topics:[log], data:["caught panic 'leverage exceeds maximum: 1000000 (max: 100000)' from contract function 'Symbol(obj#435)'", CAAAAAAAAAAAAAAAAAAAAAAAAAAAAAAAAAAAAAAAAAAAAAAAAAAAHK3M, 1000000000, 86400]
   4: [Diagnostic Event] topics:[fn_call, CAAAAAAAAAAAAAAAAAAAAAAAAAAAAAAAAAAAAAAAAAAAAAAAAAAAD2KM, create_bond], data:[CAAAAAAAAAAAAAAAAAAAAAAAAAAAAAAAAAAAAAAAAAAAAAAAAAAAHK3M, 1000000000, 86400]

Writing test snapshot file for test "test_create_bond::test_create_bond_usdc_amount" to "test_snapshots\\test_create_bond\\test_create_bond_usdc_amount.1.json".

---- test_create_bond::test_create_bond_zero_duration stdout ----

thread 'test_create_bond::test_create_bond_zero_duration' (24504) panicked at C:\Users\fuhad\.cargo\registry\src\index.crates.io-1949cf8c6b5b557f\soroban-env-host-22.1.3\src\host.rs:847:9:
HostError: Error(WasmVm, InvalidAction)

Event log (newest first):
   0: [Diagnostic Event] topics:[error, Error(WasmVm, InvalidAction)], data:"escalating error to panic"
   1: [Diagnostic Event] topics:[error, Error(WasmVm, InvalidAction)], data:["contract call failed", create_bond, [CAAAAAAAAAAAAAAAAAAAAAAAAAAAAAAAAAAAAAAAAAAAAAAAAAAAHK3M, 1000, 0]]
   2: [Failed Diagnostic Event (not emitted)] contract:CAAAAAAAAAAAAAAAAAAAAAAAAAAAAAAAAAAAAAAAAAAAAAAAAAAAD2KM, topics:[error, Error(WasmVm, InvalidAction)], data:"caught error from function"
   3: [Failed Diagnostic Event (not emitted)] contract:CAAAAAAAAAAAAAAAAAAAAAAAAAAAAAAAAAAAAAAAAAAAAAAAAAAAD2KM, topics:[log], data:["caught panic 'bond duration too short: minimum is 86400 seconds (1 day)' from contract function 'Symbol(obj#435)'", CAAAAAAAAAAAAAAAAAAAAAAAAAAAAAAAAAAAAAAAAAAAAAAAAAAAHK3M, 1000, 0]
   4: [Diagnostic Event] topics:[fn_call, CAAAAAAAAAAAAAAAAAAAAAAAAAAAAAAAAAAAAAAAAAAAAAAAAAAAD2KM, create_bond], data:[CAAAAAAAAAAAAAAAAAAAAAAAAAAAAAAAAAAAAAAAAAAAAAAAAAAAHK3M, 1000, 0]

Writing test snapshot file for test "test_create_bond::test_create_bond_zero_duration" to "test_snapshots\\test_create_bond\\test_create_bond_zero_duration.1.json".

---- test_decimals::test_tier_silver_with_18_decimals stdout ----

thread 'test_decimals::test_tier_silver_with_18_decimals' (9984) panicked at C:\Users\fuhad\.cargo\registry\src\index.crates.io-1949cf8c6b5b557f\soroban-env-host-22.1.3\src\host.rs:847:9:
HostError: Error(WasmVm, InvalidAction)

Event log (newest first):
   0: [Diagnostic Event] topics:[error, Error(WasmVm, InvalidAction)], data:"escalating error to panic"
   1: [Diagnostic Event] topics:[error, Error(WasmVm, InvalidAction)], data:["contract call failed", create_bond_with_rolling, [CAAAAAAAAAAAAAAAAAAAAAAAAAAAAAAAAAAAAAAAAAAAAAAAAAAAHK3M, 1000000000000000000000, 86400, false, 0]]
   2: [Failed Diagnostic Event (not emitted)] contract:CAAAAAAAAAAAAAAAAAAAAAAAAAAAAAAAAAAAAAAAAAAAAAAAAAAAD2KM, topics:[error, Error(WasmVm, InvalidAction)], data:"caught error from function"
   3: [Failed Diagnostic Event (not emitted)] contract:CAAAAAAAAAAAAAAAAAAAAAAAAAAAAAAAAAAAAAAAAAAAAAAAAAAAD2KM, topics:[log], data:["caught panic 'bond amount exceeds maximum allowed: 1000000000000000000000 (maximum: 100000000000000)' from contract function 'Symbol(obj#189)'", CAAAAAAAAAAAAAAAAAAAAAAAAAAAAAAAAAAAAAAAAAAAAAAAAAAAHK3M, 1000000000000000000000, 86400, false, 0]
   4: [Diagnostic Event] topics:[fn_call, CAAAAAAAAAAAAAAAAAAAAAAAAAAAAAAAAAAAAAAAAAAAAAAAAAAAD2KM, create_bond_with_rolling], data:[CAAAAAAAAAAAAAAAAAAAAAAAAAAAAAAAAAAAAAAAAAAAAAAAAAAAHK3M, 1000000000000000000000, 86400, false, 0]

Writing test snapshot file for test "test_decimals::test_tier_silver_with_18_decimals" to "test_snapshots\\test_decimals\\test_tier_silver_with_18_decimals.1.json".

---- test_decimals::test_validation_bounds_18_decimals stdout ----

thread 'test_decimals::test_validation_bounds_18_decimals' (10120) panicked at C:\Users\fuhad\.cargo\registry\src\index.crates.io-1949cf8c6b5b557f\soroban-env-host-22.1.3\src\host.rs:847:9:
HostError: Error(WasmVm, InvalidAction)

Event log (newest first):
   0: [Diagnostic Event] topics:[error, Error(WasmVm, InvalidAction)], data:"escalating error to panic"
   1: [Diagnostic Event] topics:[error, Error(WasmVm, InvalidAction)], data:["contract call failed", create_bond_with_rolling, [CAAAAAAAAAAAAAAAAAAAAAAAAAAAAAAAAAAAAAAAAAAAAAAAAAAAHK3M, 999999999999999999, 86400, false, 0]]
   2: [Failed Diagnostic Event (not emitted)] contract:CAAAAAAAAAAAAAAAAAAAAAAAAAAAAAAAAAAAAAAAAAAAAAAAAAAAD2KM, topics:[error, Error(WasmVm, InvalidAction)], data:"caught error from function"
   3: [Failed Diagnostic Event (not emitted)] contract:CAAAAAAAAAAAAAAAAAAAAAAAAAAAAAAAAAAAAAAAAAAAAAAAAAAAD2KM, topics:[log], data:["caught panic 'bond amount exceeds maximum allowed: 999999999999999999 (maximum: 100000000000000)' from contract function 'Symbol(obj#189)'", CAAAAAAAAAAAAAAAAAAAAAAAAAAAAAAAAAAAAAAAAAAAAAAAAAAAHK3M, 999999999999999999, 86400, false, 0]
   4: [Diagnostic Event] topics:[fn_call, CAAAAAAAAAAAAAAAAAAAAAAAAAAAAAAAAAAAAAAAAAAAAAAAAAAAD2KM, create_bond_with_rolling], data:[CAAAAAAAAAAAAAAAAAAAAAAAAAAAAAAAAAAAAAAAAAAAAAAAAAAAHK3M, 999999999999999999, 86400, false, 0]

Writing test snapshot file for test "test_decimals::test_validation_bounds_18_decimals" to "test_snapshots\\test_decimals\\test_validation_bounds_18_decimals.1.json".
note: panic did not contain expected string
      panic message: "HostError: Error(WasmVm, InvalidAction)\n\nEvent log (newest first):\n   0: [Diagnostic Event] topics:[error, Error(WasmVm, InvalidAction)], data:\"escalating error to panic\"\n   1: [Diagnostic Event] topics:[error, Error(WasmVm, InvalidAction)], data:[\"contract call failed\", create_bond_with_rolling, [CAAAAAAAAAAAAAAAAAAAAAAAAAAAAAAAAAAAAAAAAAAAAAAAAAAAHK3M, 999999999999999999, 86400, false, 0]]\n   2: [Failed Diagnostic Event (not emitted)] contract:CAAAAAAAAAAAAAAAAAAAAAAAAAAAAAAAAAAAAAAAAAAAAAAAAAAAD2KM, topics:[error, Error(WasmVm, InvalidAction)], data:\"caught error from function\"\n   3: [Failed Diagnostic Event (not emitted)] contract:CAAAAAAAAAAAAAAAAAAAAAAAAAAAAAAAAAAAAAAAAAAAAAAAAAAAD2KM, topics:[log], data:[\"caught panic 'bond amount exceeds maximum allowed: 999999999999999999 (maximum: 100000000000000)' from contract function 'Symbol(obj#189)'\", CAAAAAAAAAAAAAAAAAAAAAAAAAAAAAAAAAAAAAAAAAAAAAAAAAAAHK3M, 999999999999999999, 86400, false, 0]\n   4: [Diagnostic Event] topics:[fn_call, CAAAAAAAAAAAAAAAAAAAAAAAAAAAAAAAAAAAAAAAAAAAAAAAAAAAD2KM, create_bond_with_rolling], data:[CAAAAAAAAAAAAAAAAAAAAAAAAAAAAAAAAAAAAAAAAAAAAAAAAAAAHK3M, 999999999999999999, 86400, false, 0]\n"
 expected substring: "bond amount below minimum required"
---- test_decimals::test_24_decimals_panics stdout ----

thread 'test_decimals::test_24_decimals_panics' (9068) panicked at C:\Users\fuhad\.cargo\registry\src\index.crates.io-1949cf8c6b5b557f\soroban-env-host-22.1.3\src\host.rs:847:9:
HostError: Error(WasmVm, InvalidAction)

Event log (newest first):
   0: [Diagnostic Event] topics:[error, Error(WasmVm, InvalidAction)], data:"escalating error to panic"
   1: [Diagnostic Event] topics:[error, Error(WasmVm, InvalidAction)], data:["contract call failed", create_bond_with_rolling, [CAAAAAAAAAAAAAAAAAAAAAAAAAAAAAAAAAAAAAAAAAAAAAAAAAAAHK3M, 1000000000, 86400, false, 0]]
   2: [Failed Diagnostic Event (not emitted)] contract:CAAAAAAAAAAAAAAAAAAAAAAAAAAAAAAAAAAAAAAAAAAAAAAAAAAAD2KM, topics:[error, Error(WasmVm, InvalidAction)], data:"caught error from function"
   3: [Failed Diagnostic Event (not emitted)] contract:CAAAAAAAAAAAAAAAAAAAAAAAAAAAAAAAAAAAAAAAAAAAAAAAAAAAD2KM, topics:[log], data:["caught panic 'unsupported token: transfer amount mismatch (code 213)' from contract function 'Symbol(obj#189)'", CAAAAAAAAAAAAAAAAAAAAAAAAAAAAAAAAAAAAAAAAAAAAAAAAAAAHK3M, 1000000000, 86400, false, 0]
   4: [Failed Diagnostic Event (not emitted)] contract:CAAAAAAAAAAAAAAAAAAAAAAAAAAAAAAAAAAAAAAAAAAAAAAAAAAAITA4, topics:[fn_return, balance], data:1000000000000000000000000
   5: [Failed Diagnostic Event (not emitted)] contract:CAAAAAAAAAAAAAAAAAAAAAAAAAAAAAAAAAAAAAAAAAAAAAAAAAAAD2KM, topics:[fn_call, CAAAAAAAAAAAAAAAAAAAAAAAAAAAAAAAAAAAAAAAAAAAAAAAAAAAITA4, balance], data:CAAAAAAAAAAAAAAAAAAAAAAAAAAAAAAAAAAAAAAAAAAAAAAAAAAAD2KM
   6: [Failed Diagnostic Event (not emitted)] contract:CAAAAAAAAAAAAAAAAAAAAAAAAAAAAAAAAAAAAAAAAAAAAAAAAAAAITA4, topics:[fn_return, transfer_from], data:Void
   7: [Failed Diagnostic Event (not emitted)] contract:CAAAAAAAAAAAAAAAAAAAAAAAAAAAAAAAAAAAAAAAAAAAAAAAAAAAD2KM, topics:[fn_call, CAAAAAAAAAAAAAAAAAAAAAAAAAAAAAAAAAAAAAAAAAAAAAAAAAAAITA4, transfer_from], data:[CAAAAAAAAAAAAAAAAAAAAAAAAAAAAAAAAAAAAAAAAAAAAAAAAAAAD2KM, CAAAAAAAAAAAAAAAAAAAAAAAAAAAAAAAAAAAAAAAAAAAAAAAAAAAHK3M, CAAAAAAAAAAAAAAAAAAAAAAAAAAAAAAAAAAAAAAAAAAAAAAAAAAAD2KM, 1000000000]
   8: [Failed Diagnostic Event (not emitted)] contract:CAAAAAAAAAAAAAAAAAAAAAAAAAAAAAAAAAAAAAAAAAAAAAAAAAAAITA4, topics:[fn_return, balance], data:1000000000000000000000000
   9: [Failed Diagnostic Event (not emitted)] contract:CAAAAAAAAAAAAAAAAAAAAAAAAAAAAAAAAAAAAAAAAAAAAAAAAAAAD2KM, topics:[fn_call, CAAAAAAAAAAAAAAAAAAAAAAAAAAAAAAAAAAAAAAAAAAAAAAAAAAAITA4, balance], data:CAAAAAAAAAAAAAAAAAAAAAAAAAAAAAAAAAAAAAAAAAAAAAAAAAAAD2KM
   10: [Failed Diagnostic Event (not emitted)] contract:CAAAAAAAAAAAAAAAAAAAAAAAAAAAAAAAAAAAAAAAAAAAAAAAAAAAITA4, topics:[fn_return, allowance], data:170141183460469231731687303715884105727
   11: [Failed Diagnostic Event (not emitted)] contract:CAAAAAAAAAAAAAAAAAAAAAAAAAAAAAAAAAAAAAAAAAAAAAAAAAAAD2KM, topics:[fn_call, CAAAAAAAAAAAAAAAAAAAAAAAAAAAAAAAAAAAAAAAAAAAAAAAAAAAITA4, allowance], data:[CAAAAAAAAAAAAAAAAAAAAAAAAAAAAAAAAAAAAAAAAAAAAAAAAAAAHK3M, CAAAAAAAAAAAAAAAAAAAAAAAAAAAAAAAAAAAAAAAAAAAAAAAAAAAD2KM]
   12: [Diagnostic Event] topics:[fn_call, CAAAAAAAAAAAAAAAAAAAAAAAAAAAAAAAAAAAAAAAAAAAAAAAAAAAD2KM, create_bond_with_rolling], data:[CAAAAAAAAAAAAAAAAAAAAAAAAAAAAAAAAAAAAAAAAAAAAAAAAAAAHK3M, 1000000000, 86400, false, 0]

Writing test snapshot file for test "test_decimals::test_24_decimals_panics" to "test_snapshots\\test_decimals\\test_24_decimals_panics.1.json".
note: panic did not contain expected string
      panic message: "HostError: Error(WasmVm, InvalidAction)\n\nEvent log (newest first):\n   0: [Diagnostic Event] topics:[error, Error(WasmVm, InvalidAction)], data:\"escalating error to panic\"\n   1: [Diagnostic Event] topics:[error, Error(WasmVm, InvalidAction)], data:[\"contract call failed\", create_bond_with_rolling, [CAAAAAAAAAAAAAAAAAAAAAAAAAAAAAAAAAAAAAAAAAAAAAAAAAAAHK3M, 1000000000, 86400, false, 0]]\n   2: [Failed Diagnostic Event (not emitted)] contract:CAAAAAAAAAAAAAAAAAAAAAAAAAAAAAAAAAAAAAAAAAAAAAAAAAAAD2KM, topics:[error, Error(WasmVm, InvalidAction)], data:\"caught error from function\"\n   3: [Failed Diagnostic Event (not emitted)] contract:CAAAAAAAAAAAAAAAAAAAAAAAAAAAAAAAAAAAAAAAAAAAAAAAAAAAD2KM, topics:[log], data:[\"caught panic 'unsupported token: transfer amount mismatch (code 213)' from contract function 'Symbol(obj#189)'\", CAAAAAAAAAAAAAAAAAAAAAAAAAAAAAAAAAAAAAAAAAAAAAAAAAAAHK3M, 1000000000, 86400, false, 0]\n   4: [Failed Diagnostic Event (not emitted)] contract:CAAAAAAAAAAAAAAAAAAAAAAAAAAAAAAAAAAAAAAAAAAAAAAAAAAAITA4, topics:[fn_return, balance], data:1000000000000000000000000\n   5: [Failed Diagnostic Event (not emitted)] contract:CAAAAAAAAAAAAAAAAAAAAAAAAAAAAAAAAAAAAAAAAAAAAAAAAAAAD2KM, topics:[fn_call, CAAAAAAAAAAAAAAAAAAAAAAAAAAAAAAAAAAAAAAAAAAAAAAAAAAAITA4, balance], data:CAAAAAAAAAAAAAAAAAAAAAAAAAAAAAAAAAAAAAAAAAAAAAAAAAAAD2KM\n   6: [Failed Diagnostic Event (not emitted)] contract:CAAAAAAAAAAAAAAAAAAAAAAAAAAAAAAAAAAAAAAAAAAAAAAAAAAAITA4, topics:[fn_return, transfer_from], data:Void\n   7: [Failed Diagnostic Event (not emitted)] contract:CAAAAAAAAAAAAAAAAAAAAAAAAAAAAAAAAAAAAAAAAAAAAAAAAAAAD2KM, topics:[fn_call, CAAAAAAAAAAAAAAAAAAAAAAAAAAAAAAAAAAAAAAAAAAAAAAAAAAAITA4, transfer_from], data:[CAAAAAAAAAAAAAAAAAAAAAAAAAAAAAAAAAAAAAAAAAAAAAAAAAAAD2KM, CAAAAAAAAAAAAAAAAAAAAAAAAAAAAAAAAAAAAAAAAAAAAAAAAAAAHK3M, CAAAAAAAAAAAAAAAAAAAAAAAAAAAAAAAAAAAAAAAAAAAAAAAAAAAD2KM, 1000000000]\n   8: [Failed Diagnostic Event (not emitted)] contract:CAAAAAAAAAAAAAAAAAAAAAAAAAAAAAAAAAAAAAAAAAAAAAAAAAAAITA4, topics:[fn_return, balance], data:1000000000000000000000000\n   9: [Failed Diagnostic Event (not emitted)] contract:CAAAAAAAAAAAAAAAAAAAAAAAAAAAAAAAAAAAAAAAAAAAAAAAAAAAD2KM, topics:[fn_call, CAAAAAAAAAAAAAAAAAAAAAAAAAAAAAAAAAAAAAAAAAAAAAAAAAAAITA4, balance], data:CAAAAAAAAAAAAAAAAAAAAAAAAAAAAAAAAAAAAAAAAAAAAAAAAAAAD2KM\n   10: [Failed Diagnostic Event (not emitted)] contract:CAAAAAAAAAAAAAAAAAAAAAAAAAAAAAAAAAAAAAAAAAAAAAAAAAAAITA4, topics:[fn_return, allowance], data:170141183460469231731687303715884105727\n   11: [Failed Diagnostic Event (not emitted)] contract:CAAAAAAAAAAAAAAAAAAAAAAAAAAAAAAAAAAAAAAAAAAAAAAAAAAAD2KM, topics:[fn_call, CAAAAAAAAAAAAAAAAAAAAAAAAAAAAAAAAAAAAAAAAAAAAAAAAAAAITA4, allowance], data:[CAAAAAAAAAAAAAAAAAAAAAAAAAAAAAAAAAAAAAAAAAAAAAAAAAAAHK3M, CAAAAAAAAAAAAAAAAAAAAAAAAAAAAAAAAAAAAAAAAAAAAAAAAAAAD2KM]\n   12: [Diagnostic Event] topics:[fn_call, CAAAAAAAAAAAAAAAAAAAAAAAAAAAAAAAAAAAAAAAAAAAAAAAAAAAD2KM, create_bond_with_rolling], data:[CAAAAAAAAAAAAAAAAAAAAAAAAAAAAAAAAAAAAAAAAAAAAAAAAAAAHK3M, 1000000000, 86400, false, 0]\n"
 expected substring: "token decimals exceeds supported maximum of 18"
---- test_decimals::test_tier_silver_with_8_decimals stdout ----

thread 'test_decimals::test_tier_silver_with_8_decimals' (37904) panicked at C:\Users\fuhad\.cargo\registry\src\index.crates.io-1949cf8c6b5b557f\soroban-env-host-22.1.3\src\host.rs:847:9:
HostError: Error(WasmVm, InvalidAction)

Event log (newest first):
   0: [Diagnostic Event] topics:[error, Error(WasmVm, InvalidAction)], data:"escalating error to panic"
   1: [Diagnostic Event] topics:[error, Error(WasmVm, InvalidAction)], data:["contract call failed", create_bond_with_rolling, [CAAAAAAAAAAAAAAAAAAAAAAAAAAAAAAAAAAAAAAAAAAAAAAAAAAAHK3M, 100000000000, 86400, false, 0]]
   2: [Failed Diagnostic Event (not emitted)] contract:CAAAAAAAAAAAAAAAAAAAAAAAAAAAAAAAAAAAAAAAAAAAAAAAAAAAD2KM, topics:[error, Error(WasmVm, InvalidAction)], data:"caught error from function"
   3: [Failed Diagnostic Event (not emitted)] contract:CAAAAAAAAAAAAAAAAAAAAAAAAAAAAAAAAAAAAAAAAAAAAAAAAAAAD2KM, topics:[log], data:["caught panic 'unsupported token: transfer amount mismatch (code 213)' from contract function 'Symbol(obj#189)'", CAAAAAAAAAAAAAAAAAAAAAAAAAAAAAAAAAAAAAAAAAAAAAAAAAAAHK3M, 100000000000, 86400, false, 0]
   4: [Failed Diagnostic Event (not emitted)] contract:CAAAAAAAAAAAAAAAAAAAAAAAAAAAAAAAAAAAAAAAAAAAAAAAAAAAITA4, topics:[fn_return, balance], data:1000000000000000000000000
   5: [Failed Diagnostic Event (not emitted)] contract:CAAAAAAAAAAAAAAAAAAAAAAAAAAAAAAAAAAAAAAAAAAAAAAAAAAAD2KM, topics:[fn_call, CAAAAAAAAAAAAAAAAAAAAAAAAAAAAAAAAAAAAAAAAAAAAAAAAAAAITA4, balance], data:CAAAAAAAAAAAAAAAAAAAAAAAAAAAAAAAAAAAAAAAAAAAAAAAAAAAD2KM
   6: [Failed Diagnostic Event (not emitted)] contract:CAAAAAAAAAAAAAAAAAAAAAAAAAAAAAAAAAAAAAAAAAAAAAAAAAAAITA4, topics:[fn_return, transfer_from], data:Void
   7: [Failed Diagnostic Event (not emitted)] contract:CAAAAAAAAAAAAAAAAAAAAAAAAAAAAAAAAAAAAAAAAAAAAAAAAAAAD2KM, topics:[fn_call, CAAAAAAAAAAAAAAAAAAAAAAAAAAAAAAAAAAAAAAAAAAAAAAAAAAAITA4, transfer_from], data:[CAAAAAAAAAAAAAAAAAAAAAAAAAAAAAAAAAAAAAAAAAAAAAAAAAAAD2KM, CAAAAAAAAAAAAAAAAAAAAAAAAAAAAAAAAAAAAAAAAAAAAAAAAAAAHK3M, CAAAAAAAAAAAAAAAAAAAAAAAAAAAAAAAAAAAAAAAAAAAAAAAAAAAD2KM, 100000000000]
   8: [Failed Diagnostic Event (not emitted)] contract:CAAAAAAAAAAAAAAAAAAAAAAAAAAAAAAAAAAAAAAAAAAAAAAAAAAAITA4, topics:[fn_return, balance], data:1000000000000000000000000
   9: [Failed Diagnostic Event (not emitted)] contract:CAAAAAAAAAAAAAAAAAAAAAAAAAAAAAAAAAAAAAAAAAAAAAAAAAAAD2KM, topics:[fn_call, CAAAAAAAAAAAAAAAAAAAAAAAAAAAAAAAAAAAAAAAAAAAAAAAAAAAITA4, balance], data:CAAAAAAAAAAAAAAAAAAAAAAAAAAAAAAAAAAAAAAAAAAAAAAAAAAAD2KM
   10: [Failed Diagnostic Event (not emitted)] contract:CAAAAAAAAAAAAAAAAAAAAAAAAAAAAAAAAAAAAAAAAAAAAAAAAAAAITA4, topics:[fn_return, allowance], data:170141183460469231731687303715884105727
   11: [Failed Diagnostic Event (not emitted)] contract:CAAAAAAAAAAAAAAAAAAAAAAAAAAAAAAAAAAAAAAAAAAAAAAAAAAAD2KM, topics:[fn_call, CAAAAAAAAAAAAAAAAAAAAAAAAAAAAAAAAAAAAAAAAAAAAAAAAAAAITA4, allowance], data:[CAAAAAAAAAAAAAAAAAAAAAAAAAAAAAAAAAAAAAAAAAAAAAAAAAAAHK3M, CAAAAAAAAAAAAAAAAAAAAAAAAAAAAAAAAAAAAAAAAAAAAAAAAAAAD2KM]
   12: [Diagnostic Event] topics:[fn_call, CAAAAAAAAAAAAAAAAAAAAAAAAAAAAAAAAAAAAAAAAAAAAAAAAAAAD2KM, create_bond_with_rolling], data:[CAAAAAAAAAAAAAAAAAAAAAAAAAAAAAAAAAAAAAAAAAAAAAAAAAAAHK3M, 100000000000, 86400, false, 0]

Writing test snapshot file for test "test_decimals::test_tier_silver_with_8_decimals" to "test_snapshots\\test_decimals\\test_tier_silver_with_8_decimals.1.json".

---- test_decimals::test_tier_silver_with_6_decimals stdout ----

thread 'test_decimals::test_tier_silver_with_6_decimals' (17884) panicked at C:\Users\fuhad\.cargo\registry\src\index.crates.io-1949cf8c6b5b557f\soroban-env-host-22.1.3\src\host.rs:847:9:
HostError: Error(WasmVm, InvalidAction)

Event log (newest first):
   0: [Diagnostic Event] topics:[error, Error(WasmVm, InvalidAction)], data:"escalating error to panic"
   1: [Diagnostic Event] topics:[error, Error(WasmVm, InvalidAction)], data:["contract call failed", create_bond_with_rolling, [CAAAAAAAAAAAAAAAAAAAAAAAAAAAAAAAAAAAAAAAAAAAAAAAAAAAHK3M, 1000000000, 86400, false, 0]]
   2: [Failed Diagnostic Event (not emitted)] contract:CAAAAAAAAAAAAAAAAAAAAAAAAAAAAAAAAAAAAAAAAAAAAAAAAAAAD2KM, topics:[error, Error(WasmVm, InvalidAction)], data:"caught error from function"
   3: [Failed Diagnostic Event (not emitted)] contract:CAAAAAAAAAAAAAAAAAAAAAAAAAAAAAAAAAAAAAAAAAAAAAAAAAAAD2KM, topics:[log], data:["caught panic 'unsupported token: transfer amount mismatch (code 213)' from contract function 'Symbol(obj#189)'", CAAAAAAAAAAAAAAAAAAAAAAAAAAAAAAAAAAAAAAAAAAAAAAAAAAAHK3M, 1000000000, 86400, false, 0]
   4: [Failed Diagnostic Event (not emitted)] contract:CAAAAAAAAAAAAAAAAAAAAAAAAAAAAAAAAAAAAAAAAAAAAAAAAAAAITA4, topics:[fn_return, balance], data:1000000000000000000000000
   5: [Failed Diagnostic Event (not emitted)] contract:CAAAAAAAAAAAAAAAAAAAAAAAAAAAAAAAAAAAAAAAAAAAAAAAAAAAD2KM, topics:[fn_call, CAAAAAAAAAAAAAAAAAAAAAAAAAAAAAAAAAAAAAAAAAAAAAAAAAAAITA4, balance], data:CAAAAAAAAAAAAAAAAAAAAAAAAAAAAAAAAAAAAAAAAAAAAAAAAAAAD2KM
   6: [Failed Diagnostic Event (not emitted)] contract:CAAAAAAAAAAAAAAAAAAAAAAAAAAAAAAAAAAAAAAAAAAAAAAAAAAAITA4, topics:[fn_return, transfer_from], data:Void
   7: [Failed Diagnostic Event (not emitted)] contract:CAAAAAAAAAAAAAAAAAAAAAAAAAAAAAAAAAAAAAAAAAAAAAAAAAAAD2KM, topics:[fn_call, CAAAAAAAAAAAAAAAAAAAAAAAAAAAAAAAAAAAAAAAAAAAAAAAAAAAITA4, transfer_from], data:[CAAAAAAAAAAAAAAAAAAAAAAAAAAAAAAAAAAAAAAAAAAAAAAAAAAAD2KM, CAAAAAAAAAAAAAAAAAAAAAAAAAAAAAAAAAAAAAAAAAAAAAAAAAAAHK3M, CAAAAAAAAAAAAAAAAAAAAAAAAAAAAAAAAAAAAAAAAAAAAAAAAAAAD2KM, 1000000000]
   8: [Failed Diagnostic Event (not emitted)] contract:CAAAAAAAAAAAAAAAAAAAAAAAAAAAAAAAAAAAAAAAAAAAAAAAAAAAITA4, topics:[fn_return, balance], data:1000000000000000000000000
   9: [Failed Diagnostic Event (not emitted)] contract:CAAAAAAAAAAAAAAAAAAAAAAAAAAAAAAAAAAAAAAAAAAAAAAAAAAAD2KM, topics:[fn_call, CAAAAAAAAAAAAAAAAAAAAAAAAAAAAAAAAAAAAAAAAAAAAAAAAAAAITA4, balance], data:CAAAAAAAAAAAAAAAAAAAAAAAAAAAAAAAAAAAAAAAAAAAAAAAAAAAD2KM
   10: [Failed Diagnostic Event (not emitted)] contract:CAAAAAAAAAAAAAAAAAAAAAAAAAAAAAAAAAAAAAAAAAAAAAAAAAAAITA4, topics:[fn_return, allowance], data:170141183460469231731687303715884105727
   11: [Failed Diagnostic Event (not emitted)] contract:CAAAAAAAAAAAAAAAAAAAAAAAAAAAAAAAAAAAAAAAAAAAAAAAAAAAD2KM, topics:[fn_call, CAAAAAAAAAAAAAAAAAAAAAAAAAAAAAAAAAAAAAAAAAAAAAAAAAAAITA4, allowance], data:[CAAAAAAAAAAAAAAAAAAAAAAAAAAAAAAAAAAAAAAAAAAAAAAAAAAAHK3M, CAAAAAAAAAAAAAAAAAAAAAAAAAAAAAAAAAAAAAAAAAAAAAAAAAAAD2KM]
   12: [Diagnostic Event] topics:[fn_call, CAAAAAAAAAAAAAAAAAAAAAAAAAAAAAAAAAAAAAAAAAAAAAAAAAAAD2KM, create_bond_with_rolling], data:[CAAAAAAAAAAAAAAAAAAAAAAAAAAAAAAAAAAAAAAAAAAAAAAAAAAAHK3M, 1000000000, 86400, false, 0]

Writing test snapshot file for test "test_decimals::test_tier_silver_with_6_decimals" to "test_snapshots\\test_decimals\\test_tier_silver_with_6_decimals.1.json".

---- test_decimals::test_withdraw_correct_amount_6_decimals stdout ----

thread 'test_decimals::test_withdraw_correct_amount_6_decimals' (23272) panicked at C:\Users\fuhad\.cargo\registry\src\index.crates.io-1949cf8c6b5b557f\soroban-env-host-22.1.3\src\host.rs:847:9:
HostError: Error(WasmVm, InvalidAction)

Event log (newest first):
   0: [Diagnostic Event] topics:[error, Error(WasmVm, InvalidAction)], data:"escalating error to panic"
   1: [Diagnostic Event] topics:[error, Error(WasmVm, InvalidAction)], data:["contract call failed", create_bond_with_rolling, [CAAAAAAAAAAAAAAAAAAAAAAAAAAAAAAAAAAAAAAAAAAAAAAAAAAAHK3M, 1000000000, 86400, false, 0]]
   2: [Failed Diagnostic Event (not emitted)] contract:CAAAAAAAAAAAAAAAAAAAAAAAAAAAAAAAAAAAAAAAAAAAAAAAAAAAD2KM, topics:[error, Error(WasmVm, InvalidAction)], data:"caught error from function"
   3: [Failed Diagnostic Event (not emitted)] contract:CAAAAAAAAAAAAAAAAAAAAAAAAAAAAAAAAAAAAAAAAAAAAAAAAAAAD2KM, topics:[log], data:["caught panic 'unsupported token: transfer amount mismatch (code 213)' from contract function 'Symbol(obj#189)'", CAAAAAAAAAAAAAAAAAAAAAAAAAAAAAAAAAAAAAAAAAAAAAAAAAAAHK3M, 1000000000, 86400, false, 0]
   4: [Failed Diagnostic Event (not emitted)] contract:CAAAAAAAAAAAAAAAAAAAAAAAAAAAAAAAAAAAAAAAAAAAAAAAAAAAITA4, topics:[fn_return, balance], data:1000000000000000000000000
   5: [Failed Diagnostic Event (not emitted)] contract:CAAAAAAAAAAAAAAAAAAAAAAAAAAAAAAAAAAAAAAAAAAAAAAAAAAAD2KM, topics:[fn_call, CAAAAAAAAAAAAAAAAAAAAAAAAAAAAAAAAAAAAAAAAAAAAAAAAAAAITA4, balance], data:CAAAAAAAAAAAAAAAAAAAAAAAAAAAAAAAAAAAAAAAAAAAAAAAAAAAD2KM
   6: [Failed Diagnostic Event (not emitted)] contract:CAAAAAAAAAAAAAAAAAAAAAAAAAAAAAAAAAAAAAAAAAAAAAAAAAAAITA4, topics:[fn_return, transfer_from], data:Void
   7: [Failed Diagnostic Event (not emitted)] contract:CAAAAAAAAAAAAAAAAAAAAAAAAAAAAAAAAAAAAAAAAAAAAAAAAAAAD2KM, topics:[fn_call, CAAAAAAAAAAAAAAAAAAAAAAAAAAAAAAAAAAAAAAAAAAAAAAAAAAAITA4, transfer_from], data:[CAAAAAAAAAAAAAAAAAAAAAAAAAAAAAAAAAAAAAAAAAAAAAAAAAAAD2KM, CAAAAAAAAAAAAAAAAAAAAAAAAAAAAAAAAAAAAAAAAAAAAAAAAAAAHK3M, CAAAAAAAAAAAAAAAAAAAAAAAAAAAAAAAAAAAAAAAAAAAAAAAAAAAD2KM, 1000000000]
   8: [Failed Diagnostic Event (not emitted)] contract:CAAAAAAAAAAAAAAAAAAAAAAAAAAAAAAAAAAAAAAAAAAAAAAAAAAAITA4, topics:[fn_return, balance], data:1000000000000000000000000
   9: [Failed Diagnostic Event (not emitted)] contract:CAAAAAAAAAAAAAAAAAAAAAAAAAAAAAAAAAAAAAAAAAAAAAAAAAAAD2KM, topics:[fn_call, CAAAAAAAAAAAAAAAAAAAAAAAAAAAAAAAAAAAAAAAAAAAAAAAAAAAITA4, balance], data:CAAAAAAAAAAAAAAAAAAAAAAAAAAAAAAAAAAAAAAAAAAAAAAAAAAAD2KM
   10: [Failed Diagnostic Event (not emitted)] contract:CAAAAAAAAAAAAAAAAAAAAAAAAAAAAAAAAAAAAAAAAAAAAAAAAAAAITA4, topics:[fn_return, allowance], data:170141183460469231731687303715884105727
   11: [Failed Diagnostic Event (not emitted)] contract:CAAAAAAAAAAAAAAAAAAAAAAAAAAAAAAAAAAAAAAAAAAAAAAAAAAAD2KM, topics:[fn_call, CAAAAAAAAAAAAAAAAAAAAAAAAAAAAAAAAAAAAAAAAAAAAAAAAAAAITA4, allowance], data:[CAAAAAAAAAAAAAAAAAAAAAAAAAAAAAAAAAAAAAAAAAAAAAAAAAAAHK3M, CAAAAAAAAAAAAAAAAAAAAAAAAAAAAAAAAAAAAAAAAAAAAAAAAAAAD2KM]
   12: [Diagnostic Event] topics:[fn_call, CAAAAAAAAAAAAAAAAAAAAAAAAAAAAAAAAAAAAAAAAAAAAAAAAAAAD2KM, create_bond_with_rolling], data:[CAAAAAAAAAAAAAAAAAAAAAAAAAAAAAAAAAAAAAAAAAAAAAAAAAAAHK3M, 1000000000, 86400, false, 0]

Writing test snapshot file for test "test_decimals::test_withdraw_correct_amount_6_decimals" to "test_snapshots\\test_decimals\\test_withdraw_correct_amount_6_decimals.1.json".

---- test_create_bond::test_supply_cap_withdrawal_reduces_supply stdout ----

thread 'test_create_bond::test_supply_cap_withdrawal_reduces_supply' (8864) panicked at C:\Users\fuhad\.cargo\registry\src\index.crates.io-1949cf8c6b5b557f\soroban-env-host-22.1.3\src\host.rs:847:9:
HostError: Error(WasmVm, InvalidAction)

Event log (newest first):
   0: [Diagnostic Event] topics:[error, Error(WasmVm, InvalidAction)], data:"escalating error to panic"
   1: [Diagnostic Event] topics:[error, Error(WasmVm, InvalidAction)], data:["contract call failed", withdraw_bond, [3000]]
   2: [Failed Diagnostic Event (not emitted)] contract:CAAAAAAAAAAAAAAAAAAAAAAAAAAAAAAAAAAAAAAAAAAAAAAAAAAAD2KM, topics:[error, Error(WasmVm, InvalidAction)], data:"caught error from function"
   3: [Failed Diagnostic Event (not emitted)] contract:CAAAAAAAAAAAAAAAAAAAAAAAAAAAAAAAAAAAAAAAAAAAAAAAAAAAD2KM, topics:[log], data:["caught panic 'lock-up period not elapsed; use withdraw_early' from contract function 'Symbol(obj#981)'", 3000]
   4: [Diagnostic Event] topics:[fn_call, CAAAAAAAAAAAAAAAAAAAAAAAAAAAAAAAAAAAAAAAAAAAAAAAAAAAD2KM, withdraw_bond], data:3000

Writing test snapshot file for test "test_create_bond::test_supply_cap_withdrawal_reduces_supply" to "test_snapshots\\test_create_bond\\test_supply_cap_withdrawal_reduces_supply.1.json".

---- test_create_bond::test_supply_cap_with_multiple_bonds stdout ----

thread 'test_create_bond::test_supply_cap_with_multiple_bonds' (39312) panicked at C:\Users\fuhad\.cargo\registry\src\index.crates.io-1949cf8c6b5b557f\soroban-env-host-22.1.3\src\host.rs:847:9:
HostError: Error(WasmVm, InvalidAction)

Event log (newest first):
   0: [Diagnostic Event] topics:[error, Error(WasmVm, InvalidAction)], data:"escalating error to panic"
   1: [Diagnostic Event] topics:[error, Error(WasmVm, InvalidAction)], data:["contract call failed", create_bond, [CAAAAAAAAAAAAAAAAAAAAAAAAAAAAAAAAAAAAAAAAAAAAAAAAAAAHK3M, 5000, 86400]]
   2: [Failed Diagnostic Event (not emitted)] contract:CAAAAAAAAAAAAAAAAAAAAAAAAAAAAAAAAAAAAAAAAAAAAAAAAAAAD2KM, topics:[error, Error(WasmVm, InvalidAction)], data:"caught error from function"
   3: [Failed Diagnostic Event (not emitted)] contract:CAAAAAAAAAAAAAAAAAAAAAAAAAAAAAAAAAAAAAAAAAAAAAAAAAAAD2KM, topics:[log], data:["caught panic 'supply cap exceeded' from contract function 'Symbol(obj#981)'", CAAAAAAAAAAAAAAAAAAAAAAAAAAAAAAAAAAAAAAAAAAAAAAAAAAAHK3M, 5000, 86400]
   4: [Failed Diagnostic Event (not emitted)] contract:CCABDO7UZXYE4W6GVSEGSNNZTKSLFQGKXXQTH6OX7M7GKZ4Z6CUJNGZN, topics:[fn_return, balance], data:11000
   5: [Failed Diagnostic Event (not emitted)] contract:CAAAAAAAAAAAAAAAAAAAAAAAAAAAAAAAAAAAAAAAAAAAAAAAAAAAD2KM, topics:[fn_call, CCABDO7UZXYE4W6GVSEGSNNZTKSLFQGKXXQTH6OX7M7GKZ4Z6CUJNGZN, balance], data:CAAAAAAAAAAAAAAAAAAAAAAAAAAAAAAAAAAAAAAAAAAAAAAAAAAAD2KM
   6: [Failed Diagnostic Event (not emitted)] contract:CCABDO7UZXYE4W6GVSEGSNNZTKSLFQGKXXQTH6OX7M7GKZ4Z6CUJNGZN, topics:[fn_return, transfer_from], data:Void
   7: [Failed Contract Event (not emitted)] contract:CCABDO7UZXYE4W6GVSEGSNNZTKSLFQGKXXQTH6OX7M7GKZ4Z6CUJNGZN, topics:[transfer, CAAAAAAAAAAAAAAAAAAAAAAAAAAAAAAAAAAAAAAAAAAAAAAAAAAAHK3M, CAAAAAAAAAAAAAAAAAAAAAAAAAAAAAAAAAAAAAAAAAAAAAAAAAAAD2KM, "aaa:GAAAAAAAAAAAAAAAAAAAAAAAAAAAAAAAAAAAAAAAAAAAAAAAAAAAJXFF"], data:5000
   8: [Failed Diagnostic Event (not emitted)] contract:CAAAAAAAAAAAAAAAAAAAAAAAAAAAAAAAAAAAAAAAAAAAAAAAAAAAD2KM, topics:[fn_call, CCABDO7UZXYE4W6GVSEGSNNZTKSLFQGKXXQTH6OX7M7GKZ4Z6CUJNGZN, transfer_from], data:[CAAAAAAAAAAAAAAAAAAAAAAAAAAAAAAAAAAAAAAAAAAAAAAAAAAAD2KM, CAAAAAAAAAAAAAAAAAAAAAAAAAAAAAAAAAAAAAAAAAAAAAAAAAAAHK3M, CAAAAAAAAAAAAAAAAAAAAAAAAAAAAAAAAAAAAAAAAAAAAAAAAAAAD2KM, 5000]
   9: [Failed Diagnostic Event (not emitted)] contract:CCABDO7UZXYE4W6GVSEGSNNZTKSLFQGKXXQTH6OX7M7GKZ4Z6CUJNGZN, topics:[fn_return, balance], data:6000
   10: [Failed Diagnostic Event (not emitted)] contract:CAAAAAAAAAAAAAAAAAAAAAAAAAAAAAAAAAAAAAAAAAAAAAAAAAAAD2KM, topics:[fn_call, CCABDO7UZXYE4W6GVSEGSNNZTKSLFQGKXXQTH6OX7M7GKZ4Z6CUJNGZN, balance], data:CAAAAAAAAAAAAAAAAAAAAAAAAAAAAAAAAAAAAAAAAAAAAAAAAAAAD2KM
   11: [Failed Diagnostic Event (not emitted)] contract:CCABDO7UZXYE4W6GVSEGSNNZTKSLFQGKXXQTH6OX7M7GKZ4Z6CUJNGZN, topics:[fn_return, allowance], data:99999999999994000
   12: [Failed Diagnostic Event (not emitted)] contract:CAAAAAAAAAAAAAAAAAAAAAAAAAAAAAAAAAAAAAAAAAAAAAAAAAAAD2KM, topics:[fn_call, CCABDO7UZXYE4W6GVSEGSNNZTKSLFQGKXXQTH6OX7M7GKZ4Z6CUJNGZN, allowance], data:[CAAAAAAAAAAAAAAAAAAAAAAAAAAAAAAAAAAAAAAAAAAAAAAAAAAAHK3M, CAAAAAAAAAAAAAAAAAAAAAAAAAAAAAAAAAAAAAAAAAAAAAAAAAAAD2KM]
   13: [Diagnostic Event] topics:[fn_call, CAAAAAAAAAAAAAAAAAAAAAAAAAAAAAAAAAAAAAAAAAAAAAAAAAAAD2KM, create_bond], data:[CAAAAAAAAAAAAAAAAAAAAAAAAAAAAAAAAAAAAAAAAAAAAAAAAAAAHK3M, 5000, 86400]

Writing test snapshot file for test "test_create_bond::test_supply_cap_with_multiple_bonds" to "test_snapshots\\test_create_bond\\test_supply_cap_with_multiple_bonds.1.json".

---- test_early_exit_penalty::test_set_early_exit_config_invalid_bps stdout ----

thread 'test_early_exit_penalty::test_set_early_exit_config_invalid_bps' (38660) panicked at C:\Users\fuhad\.cargo\registry\src\index.crates.io-1949cf8c6b5b557f\soroban-env-host-22.1.3\src\host.rs:847:9:
HostError: Error(WasmVm, InvalidAction)

Event log (newest first):
   0: [Diagnostic Event] topics:[error, Error(WasmVm, InvalidAction)], data:"escalating error to panic"
   1: [Diagnostic Event] topics:[error, Error(WasmVm, InvalidAction)], data:["contract call failed", set_early_exit_config, [CAAAAAAAAAAAAAAAAAAAAAAAAAAAAAAAAAAAAAAAAAAAAAAAAAAAFCT4, CAAAAAAAAAAAAAAAAAAAAAAAAAAAAAAAAAAAAAAAAAAAAAAAAAAAHK3M, 10001]]
   2: [Failed Diagnostic Event (not emitted)] contract:CAAAAAAAAAAAAAAAAAAAAAAAAAAAAAAAAAAAAAAAAAAAAAAAAAAAD2KM, topics:[error, Error(WasmVm, InvalidAction)], data:"caught error from function"
   3: [Failed Diagnostic Event (not emitted)] contract:CAAAAAAAAAAAAAAAAAAAAAAAAAAAAAAAAAAAAAAAAAAAAAAAAAAAD2KM, topics:[log], data:["caught panic 'penalty_bps must be <= 10000' from contract function 'Symbol(obj#93)'", CAAAAAAAAAAAAAAAAAAAAAAAAAAAAAAAAAAAAAAAAAAAAAAAAAAAFCT4, CAAAAAAAAAAAAAAAAAAAAAAAAAAAAAAAAAAAAAAAAAAAAAAAAAAAHK3M, 10001]
   4: [Diagnostic Event] topics:[fn_call, CAAAAAAAAAAAAAAAAAAAAAAAAAAAAAAAAAAAAAAAAAAAAAAAAAAAD2KM, set_early_exit_config], data:[CAAAAAAAAAAAAAAAAAAAAAAAAAAAAAAAAAAAAAAAAAAAAAAAAAAAFCT4, CAAAAAAAAAAAAAAAAAAAAAAAAAAAAAAAAAAAAAAAAAAAAAAAAAAAHK3M, 10001]

Writing test snapshot file for test "test_early_exit_penalty::test_set_early_exit_config_invalid_bps" to "test_snapshots\\test_early_exit_penalty\\test_set_early_exit_config_invalid_bps.1.json".
note: panic did not contain expected string
      panic message: "HostError: Error(WasmVm, InvalidAction)\n\nEvent log (newest first):\n   0: [Diagnostic Event] topics:[error, Error(WasmVm, InvalidAction)], data:\"escalating error to panic\"\n   1: [Diagnostic Event] topics:[error, Error(WasmVm, InvalidAction)], data:[\"contract call failed\", set_early_exit_config, [CAAAAAAAAAAAAAAAAAAAAAAAAAAAAAAAAAAAAAAAAAAAAAAAAAAAFCT4, CAAAAAAAAAAAAAAAAAAAAAAAAAAAAAAAAAAAAAAAAAAAAAAAAAAAHK3M, 10001]]\n   2: [Failed Diagnostic Event (not emitted)] contract:CAAAAAAAAAAAAAAAAAAAAAAAAAAAAAAAAAAAAAAAAAAAAAAAAAAAD2KM, topics:[error, Error(WasmVm, InvalidAction)], data:\"caught error from function\"\n   3: [Failed Diagnostic Event (not emitted)] contract:CAAAAAAAAAAAAAAAAAAAAAAAAAAAAAAAAAAAAAAAAAAAAAAAAAAAD2KM, topics:[log], data:[\"caught panic 'penalty_bps must be <= 10000' from contract function 'Symbol(obj#93)'\", CAAAAAAAAAAAAAAAAAAAAAAAAAAAAAAAAAAAAAAAAAAAAAAAAAAAFCT4, CAAAAAAAAAAAAAAAAAAAAAAAAAAAAAAAAAAAAAAAAAAAAAAAAAAAHK3M, 10001]\n   4: [Diagnostic Event] topics:[fn_call, CAAAAAAAAAAAAAAAAAAAAAAAAAAAAAAAAAAAAAAAAAAAAAAAAAAAD2KM, set_early_exit_config], data:[CAAAAAAAAAAAAAAAAAAAAAAAAAAAAAAAAAAAAAAAAAAAAAAAAAAAFCT4, CAAAAAAAAAAAAAAAAAAAAAAAAAAAAAAAAAAAAAAAAAAAAAAAAAAAHK3M, 10001]\n"
 expected substring: "penalty_bps must be <= BPS_DENOMINATOR"
---- test_emergency::test_set_emergency_config_rejects_invalid_fee_bps stdout ----

thread 'test_emergency::test_set_emergency_config_rejects_invalid_fee_bps' (12420) panicked at C:\Users\fuhad\.cargo\registry\src\index.crates.io-1949cf8c6b5b557f\soroban-env-host-22.1.3\src\host.rs:847:9:
HostError: Error(WasmVm, InvalidAction)

Event log (newest first):
   0: [Diagnostic Event] topics:[error, Error(WasmVm, InvalidAction)], data:"escalating error to panic"
   1: [Diagnostic Event] topics:[error, Error(WasmVm, InvalidAction)], data:["contract call failed", set_emergency_config, [CAAAAAAAAAAAAAAAAAAAAAAAAAAAAAAAAAAAAAAAAAAAAAAAAAAAFCT4, CAAAAAAAAAAAAAAAAAAAAAAAAAAAAAAAAAAAAAAAAAAAAAAAAAAAK3IM, CAAAAAAAAAAAAAAAAAAAAAAAAAAAAAAAAAAAAAAAAAAAAAAAAAAAMDR4, 10001, true]]
   2: [Failed Diagnostic Event (not emitted)] contract:CAAAAAAAAAAAAAAAAAAAAAAAAAAAAAAAAAAAAAAAAAAAAAAAAAAAD2KM, topics:[error, Error(WasmVm, InvalidAction)], data:"caught error from function"
   3: [Failed Diagnostic Event (not emitted)] contract:CAAAAAAAAAAAAAAAAAAAAAAAAAAAAAAAAAAAAAAAAAAAAAAAAAAAD2KM, topics:[log], data:["caught panic 'emergency fee bps must be <= 10000' from contract function 'Symbol(obj#439)'", CAAAAAAAAAAAAAAAAAAAAAAAAAAAAAAAAAAAAAAAAAAAAAAAAAAAFCT4, CAAAAAAAAAAAAAAAAAAAAAAAAAAAAAAAAAAAAAAAAAAAAAAAAAAAK3IM, CAAAAAAAAAAAAAAAAAAAAAAAAAAAAAAAAAAAAAAAAAAAAAAAAAAAMDR4, 10001, true]
   4: [Diagnostic Event] topics:[fn_call, CAAAAAAAAAAAAAAAAAAAAAAAAAAAAAAAAAAAAAAAAAAAAAAAAAAAD2KM, set_emergency_config], data:[CAAAAAAAAAAAAAAAAAAAAAAAAAAAAAAAAAAAAAAAAAAAAAAAAAAAFCT4, CAAAAAAAAAAAAAAAAAAAAAAAAAAAAAAAAAAAAAAAAAAAAAAAAAAAK3IM, CAAAAAAAAAAAAAAAAAAAAAAAAAAAAAAAAAAAAAAAAAAAAAAAAAAAMDR4, 10001, true]

Writing test snapshot file for test "test_emergency::test_set_emergency_config_rejects_invalid_fee_bps" to "test_snapshots\\test_emergency\\test_set_emergency_config_rejects_invalid_fee_bps.1.json".
note: panic did not contain expected string
      panic message: "HostError: Error(WasmVm, InvalidAction)\n\nEvent log (newest first):\n   0: [Diagnostic Event] topics:[error, Error(WasmVm, InvalidAction)], data:\"escalating error to panic\"\n   1: [Diagnostic Event] topics:[error, Error(WasmVm, InvalidAction)], data:[\"contract call failed\", set_emergency_config, [CAAAAAAAAAAAAAAAAAAAAAAAAAAAAAAAAAAAAAAAAAAAAAAAAAAAFCT4, CAAAAAAAAAAAAAAAAAAAAAAAAAAAAAAAAAAAAAAAAAAAAAAAAAAAK3IM, CAAAAAAAAAAAAAAAAAAAAAAAAAAAAAAAAAAAAAAAAAAAAAAAAAAAMDR4, 10001, true]]\n   2: [Failed Diagnostic Event (not emitted)] contract:CAAAAAAAAAAAAAAAAAAAAAAAAAAAAAAAAAAAAAAAAAAAAAAAAAAAD2KM, topics:[error, Error(WasmVm, InvalidAction)], data:\"caught error from function\"\n   3: [Failed Diagnostic Event (not emitted)] contract:CAAAAAAAAAAAAAAAAAAAAAAAAAAAAAAAAAAAAAAAAAAAAAAAAAAAD2KM, topics:[log], data:[\"caught panic 'emergency fee bps must be <= 10000' from contract function 'Symbol(obj#439)'\", CAAAAAAAAAAAAAAAAAAAAAAAAAAAAAAAAAAAAAAAAAAAAAAAAAAAFCT4, CAAAAAAAAAAAAAAAAAAAAAAAAAAAAAAAAAAAAAAAAAAAAAAAAAAAK3IM, CAAAAAAAAAAAAAAAAAAAAAAAAAAAAAAAAAAAAAAAAAAAAAAAAAAAMDR4, 10001, true]\n   4: [Diagnostic Event] topics:[fn_call, CAAAAAAAAAAAAAAAAAAAAAAAAAAAAAAAAAAAAAAAAAAAAAAAAAAAD2KM, set_emergency_config], data:[CAAAAAAAAAAAAAAAAAAAAAAAAAAAAAAAAAAAAAAAAAAAAAAAAAAAFCT4, CAAAAAAAAAAAAAAAAAAAAAAAAAAAAAAAAAAAAAAAAAAAAAAAAAAAK3IM, CAAAAAAAAAAAAAAAAAAAAAAAAAAAAAAAAAAAAAAAAAAAAAAAAAAAMDR4, 10001, true]\n"
 expected substring: "emergency fee bps must be <= BPS_DENOMINATOR"
---- test_events_v2::test_v2_event_indexing_improvements stdout ----

thread 'test_events_v2::test_v2_event_indexing_improvements' (35288) panicked at contracts\credence_bond\src\test_events_v2.rs:198:5:
assertion `left == right` failed: Should emit new bond_increased_v2 event
  left: 0
 right: 1
Writing test snapshot file for test "test_events_v2::test_v2_event_indexing_improvements" to "test_snapshots\\test_events_v2\\test_v2_event_indexing_improvements.1.json".

---- test_events_v2::test_event_indexing_query_efficiency stdout ----

thread 'test_events_v2::test_event_indexing_query_efficiency' (28608) panicked at contracts\credence_bond\src\test_events_v2.rs:275:5:
assertion `left == right` failed: Should find 2 bonds with amount >= 10,000
  left: 1
 right: 2
Writing test snapshot file for test "test_events_v2::test_event_indexing_query_efficiency" to "test_snapshots\\test_events_v2\\test_event_indexing_query_efficiency.1.json".

---- test_fees::test_fee_over_max_rejected stdout ----

thread 'test_fees::test_fee_over_max_rejected' (11828) panicked at C:\Users\fuhad\.cargo\registry\src\index.crates.io-1949cf8c6b5b557f\soroban-env-host-22.1.3\src\host.rs:847:9:
HostError: Error(WasmVm, InvalidAction)

Event log (newest first):
   0: [Diagnostic Event] topics:[error, Error(WasmVm, InvalidAction)], data:"escalating error to panic"
   1: [Diagnostic Event] topics:[error, Error(WasmVm, InvalidAction)], data:["contract call failed", set_fee_config, [CAAAAAAAAAAAAAAAAAAAAAAAAAAAAAAAAAAAAAAAAAAAAAAAAAAAFCT4, CAAAAAAAAAAAAAAAAAAAAAAAAAAAAAAAAAAAAAAAAAAAAAAAAAAAK3IM, 10001]]
   2: [Failed Diagnostic Event (not emitted)] contract:CAAAAAAAAAAAAAAAAAAAAAAAAAAAAAAAAAAAAAAAAAAAAAAAAAAAD2KM, topics:[error, Error(WasmVm, InvalidAction)], data:"caught error from function"
   3: [Failed Diagnostic Event (not emitted)] contract:CAAAAAAAAAAAAAAAAAAAAAAAAAAAAAAAAAAAAAAAAAAAAAAAAAAAD2KM, topics:[log], data:["caught panic 'fee_bps must be <= 10000' from contract function 'Symbol(obj#437)'", CAAAAAAAAAAAAAAAAAAAAAAAAAAAAAAAAAAAAAAAAAAAAAAAAAAAFCT4, CAAAAAAAAAAAAAAAAAAAAAAAAAAAAAAAAAAAAAAAAAAAAAAAAAAAK3IM, 10001]
   4: [Diagnostic Event] topics:[fn_call, CAAAAAAAAAAAAAAAAAAAAAAAAAAAAAAAAAAAAAAAAAAAAAAAAAAAD2KM, set_fee_config], data:[CAAAAAAAAAAAAAAAAAAAAAAAAAAAAAAAAAAAAAAAAAAAAAAAAAAAFCT4, CAAAAAAAAAAAAAAAAAAAAAAAAAAAAAAAAAAAAAAAAAAAAAAAAAAAK3IM, 10001]

Writing test snapshot file for test "test_fees::test_fee_over_max_rejected" to "test_snapshots\\test_fees\\test_fee_over_max_rejected.1.json".
note: panic did not contain expected string
      panic message: "HostError: Error(WasmVm, InvalidAction)\n\nEvent log (newest first):\n   0: [Diagnostic Event] topics:[error, Error(WasmVm, InvalidAction)], data:\"escalating error to panic\"\n   1: [Diagnostic Event] topics:[error, Error(WasmVm, InvalidAction)], data:[\"contract call failed\", set_fee_config, [CAAAAAAAAAAAAAAAAAAAAAAAAAAAAAAAAAAAAAAAAAAAAAAAAAAAFCT4, CAAAAAAAAAAAAAAAAAAAAAAAAAAAAAAAAAAAAAAAAAAAAAAAAAAAK3IM, 10001]]\n   2: [Failed Diagnostic Event (not emitted)] contract:CAAAAAAAAAAAAAAAAAAAAAAAAAAAAAAAAAAAAAAAAAAAAAAAAAAAD2KM, topics:[error, Error(WasmVm, InvalidAction)], data:\"caught error from function\"\n   3: [Failed Diagnostic Event (not emitted)] contract:CAAAAAAAAAAAAAAAAAAAAAAAAAAAAAAAAAAAAAAAAAAAAAAAAAAAD2KM, topics:[log], data:[\"caught panic 'fee_bps must be <= 10000' from contract function 'Symbol(obj#437)'\", CAAAAAAAAAAAAAAAAAAAAAAAAAAAAAAAAAAAAAAAAAAAAAAAAAAAFCT4, CAAAAAAAAAAAAAAAAAAAAAAAAAAAAAAAAAAAAAAAAAAAAAAAAAAAK3IM, 10001]\n   4: [Diagnostic Event] topics:[fn_call, CAAAAAAAAAAAAAAAAAAAAAAAAAAAAAAAAAAAAAAAAAAAAAAAAAAAD2KM, set_fee_config], data:[CAAAAAAAAAAAAAAAAAAAAAAAAAAAAAAAAAAAAAAAAAAAAAAAAAAAFCT4, CAAAAAAAAAAAAAAAAAAAAAAAAAAAAAAAAAAAAAAAAAAAAAAAAAAAK3IM, 10001]\n"
 expected substring: "fee_bps must be <= BPS_DENOMINATOR"
---- test_immutable_config::immutable_config_tests::test_admin_cannot_be_reinitialized stdout ----

thread 'test_immutable_config::immutable_config_tests::test_admin_cannot_be_reinitialized' (28944) panicked at contracts\credence_bond\src\test_immutable_config.rs:82:13:
assertion failed: result.is_err()
Writing test snapshot file for test "test_immutable_config::immutable_config_tests::test_admin_cannot_be_reinitialized" to "test_snapshots\\test_immutable_config\\immutable_config_tests\\test_admin_cannot_be_reinitialized.1.json".

---- test_immutable_config::immutable_config_tests::test_token_can_only_be_set_once stdout ----

thread 'test_immutable_config::immutable_config_tests::test_token_can_only_be_set_once' (41360) panicked at C:\Users\fuhad\.cargo\registry\src\index.crates.io-1949cf8c6b5b557f\soroban-env-host-22.1.3\src\host.rs:847:9:
HostError: Error(Auth, ExistingValue)

Event log (newest first):
   0: [Diagnostic Event] contract:CAAAAAAAAAAAAAAAAAAAAAAAAAAAAAAAAAAAAAAAAAAAAAAAAAAAITA4, topics:[error, Error(Auth, ExistingValue)], data:"escalating error to panic"
   1: [Diagnostic Event] contract:CAAAAAAAAAAAAAAAAAAAAAAAAAAAAAAAAAAAAAAAAAAAAAAAAAAAITA4, topics:[error, Error(Auth, ExistingValue)], data:"frame is already authorized"
   2: [Contract Event] contract:CAAAAAAAAAAAAAAAAAAAAAAAAAAAAAAAAAAAAAAAAAAAAAAAAAAAITA4, topics:[upgrade_auth_init, CAAAAAAAAAAAAAAAAAAAAAAAAAAAAAAAAAAAAAAAAAAAAAAAAAAAD2KM], data:Void

Writing test snapshot file for test "test_immutable_config::immutable_config_tests::test_token_can_only_be_set_once" to "test_snapshots\\test_immutable_config\\immutable_config_tests\\test_token_can_only_be_set_once.1.json".

---- test_immutable_config_working::immutable_config_tests::test_admin_cannot_be_reinitialized stdout ----

thread 'test_immutable_config_working::immutable_config_tests::test_admin_cannot_be_reinitialized' (2312) panicked at contracts\credence_bond\src\test_immutable_config_working.rs:47:13:
assertion failed: result.is_err()
Writing test snapshot file for test "test_immutable_config_working::immutable_config_tests::test_admin_cannot_be_reinitialized" to "test_snapshots\\test_immutable_config_working\\immutable_config_tests\\test_admin_cannot_be_reinitialized.1.json".

---- test_liquidation_scanner::test_register_emits_event stdout ----

thread 'test_liquidation_scanner::test_register_emits_event' (33660) panicked at contracts\credence_bond\src\test_liquidation_scanner.rs:234:5:
assertion failed: events_after > events_before
Writing test snapshot file for test "test_liquidation_scanner::test_register_emits_event" to "test_snapshots\\test_liquidation_scanner\\test_register_emits_event.1.json".

---- test_liquidation_scanner::test_scan_emits_page_event stdout ----

thread 'test_liquidation_scanner::test_scan_emits_page_event' (16376) panicked at contracts\credence_bond\src\test_liquidation_scanner.rs:248:5:
assertion failed: events_after > events_before
Writing test snapshot file for test "test_liquidation_scanner::test_scan_emits_page_event" to "test_snapshots\\test_liquidation_scanner\\test_scan_emits_page_event.1.json".

---- test_market_activation::test_valid_bond_activation_succeeds stdout ----

thread 'test_market_activation::test_valid_bond_activation_succeeds' (30044) panicked at C:\Users\fuhad\.cargo\registry\src\index.crates.io-1949cf8c6b5b557f\soroban-env-host-22.1.3\src\host.rs:847:9:
HostError: Error(WasmVm, InvalidAction)

Event log (newest first):
   0: [Diagnostic Event] topics:[error, Error(WasmVm, InvalidAction)], data:"escalating error to panic"
   1: [Diagnostic Event] topics:[error, Error(WasmVm, InvalidAction)], data:["contract call failed", create_bond, [CAAAAAAAAAAAAAAAAAAAAAAAAAAAAAAAAAAAAAAAAAAAAAAAAAAAHK3M, 1000000000, 2592000]]
   2: [Failed Diagnostic Event (not emitted)] contract:CAAAAAAAAAAAAAAAAAAAAAAAAAAAAAAAAAAAAAAAAAAAAAAAAAAAD2KM, topics:[error, Error(WasmVm, InvalidAction)], data:"caught error from function"
   3: [Failed Diagnostic Event (not emitted)] contract:CAAAAAAAAAAAAAAAAAAAAAAAAAAAAAAAAAAAAAAAAAAAAAAAAAAAD2KM, topics:[log], data:["caught panic 'leverage exceeds maximum: 1000000 (max: 100000)' from contract function 'Symbol(obj#1119)'", CAAAAAAAAAAAAAAAAAAAAAAAAAAAAAAAAAAAAAAAAAAAAAAAAAAAHK3M, 1000000000, 2592000]
   4: [Diagnostic Event] topics:[fn_call, CAAAAAAAAAAAAAAAAAAAAAAAAAAAAAAAAAAAAAAAAAAAAAAAAAAAD2KM, create_bond], data:[CAAAAAAAAAAAAAAAAAAAAAAAAAAAAAAAAAAAAAAAAAAAAAAAAAAAHK3M, 1000000000, 2592000]

Writing test snapshot file for test "test_market_activation::test_valid_bond_activation_succeeds" to "test_snapshots\\test_market_activation\\test_valid_bond_activation_succeeds.1.json".

---- test_parameters::test_attestation_fee_event_args stdout ----

thread 'test_parameters::test_attestation_fee_event_args' (6340) panicked at contracts\credence_bond\src\test_parameters.rs:794:5:
parameter_changed event not emitted
Writing test snapshot file for test "test_parameters::test_attestation_fee_event_args" to "test_snapshots\\test_parameters\\test_attestation_fee_event_args.1.json".

---- test_parameters::test_no_duplicate_events_on_parameter_update stdout ----

thread 'test_parameters::test_no_duplicate_events_on_parameter_update' (9148) panicked at contracts\credence_bond\src\test_parameters.rs:879:5:
assertion `left == right` failed: expected exactly 1 event per setter
  left: 0
 right: 1
Writing test snapshot file for test "test_parameters::test_no_duplicate_events_on_parameter_update" to "test_snapshots\\test_parameters\\test_no_duplicate_events_on_parameter_update.1.json".

---- test_parameters::test_protocol_fee_event_args stdout ----

thread 'test_parameters::test_protocol_fee_event_args' (9236) panicked at contracts\credence_bond\src\test_parameters.rs:771:5:
parameter_changed event not emitted
Writing test snapshot file for test "test_parameters::test_protocol_fee_event_args" to "test_snapshots\\test_parameters\\test_protocol_fee_event_args.1.json".

---- test_parameters::test_withdrawal_cooldown_event_args stdout ----

thread 'test_parameters::test_withdrawal_cooldown_event_args' (34352) panicked at contracts\credence_bond\src\test_parameters.rs:816:5:
assertion failed: last.is_some()
Writing test snapshot file for test "test_parameters::test_withdrawal_cooldown_event_args" to "test_snapshots\\test_parameters\\test_withdrawal_cooldown_event_args.1.json".

---- test_reentrancy::test_lock_released_after_slash stdout ----

thread 'test_reentrancy::test_lock_released_after_slash' (34024) panicked at C:\Users\fuhad\.cargo\registry\src\index.crates.io-1949cf8c6b5b557f\soroban-env-host-22.1.3\src\host.rs:847:9:
HostError: Error(WasmVm, InvalidAction)

Event log (newest first):
   0: [Diagnostic Event] topics:[error, Error(WasmVm, InvalidAction)], data:"escalating error to panic"
   1: [Diagnostic Event] topics:[error, Error(WasmVm, InvalidAction)], data:["contract call failed", slash_bond, [CAAAAAAAAAAAAAAAAAAAAAAAAAAAAAAAAAAAAAAAAAAAAAAAAAAAFCT4, 100]]
   2: [Failed Diagnostic Event (not emitted)] contract:CAAAAAAAAAAAAAAAAAAAAAAAAAAAAAAAAAAAAAAAAAAAAAAAAAAAD2KM, topics:[error, Error(WasmVm, InvalidAction)], data:"caught error from function"
   3: [Failed Diagnostic Event (not emitted)] contract:CAAAAAAAAAAAAAAAAAAAAAAAAAAAAAAAAAAAAAAAAAAAAAAAAAAAD2KM, topics:[log], data:["caught panic 'slash blocked: collateral increased in this ledger' from contract function 'Symbol(obj#887)'", CAAAAAAAAAAAAAAAAAAAAAAAAAAAAAAAAAAAAAAAAAAAAAAAAAAAFCT4, 100]
   4: [Diagnostic Event] topics:[fn_call, CAAAAAAAAAAAAAAAAAAAAAAAAAAAAAAAAAAAAAAAAAAAAAAAAAAAD2KM, slash_bond], data:[CAAAAAAAAAAAAAAAAAAAAAAAAAAAAAAAAAAAAAAAAAAAAAAAAAAAFCT4, 100]

Writing test snapshot file for test "test_reentrancy::test_lock_released_after_slash" to "test_snapshots\\test_reentrancy\\test_lock_released_after_slash.1.json".

---- test_reentrancy::test_normal_slash_succeeds stdout ----

thread 'test_reentrancy::test_normal_slash_succeeds' (24992) panicked at C:\Users\fuhad\.cargo\registry\src\index.crates.io-1949cf8c6b5b557f\soroban-env-host-22.1.3\src\host.rs:847:9:
HostError: Error(WasmVm, InvalidAction)

Event log (newest first):
   0: [Diagnostic Event] topics:[error, Error(WasmVm, InvalidAction)], data:"escalating error to panic"
   1: [Diagnostic Event] topics:[error, Error(WasmVm, InvalidAction)], data:["contract call failed", slash_bond, [CAAAAAAAAAAAAAAAAAAAAAAAAAAAAAAAAAAAAAAAAAAAAAAAAAAAFCT4, 3000]]
   2: [Failed Diagnostic Event (not emitted)] contract:CAAAAAAAAAAAAAAAAAAAAAAAAAAAAAAAAAAAAAAAAAAAAAAAAAAAD2KM, topics:[error, Error(WasmVm, InvalidAction)], data:"caught error from function"
   3: [Failed Diagnostic Event (not emitted)] contract:CAAAAAAAAAAAAAAAAAAAAAAAAAAAAAAAAAAAAAAAAAAAAAAAAAAAD2KM, topics:[log], data:["caught panic 'slash blocked: collateral increased in this ledger' from contract function 'Symbol(obj#765)'", CAAAAAAAAAAAAAAAAAAAAAAAAAAAAAAAAAAAAAAAAAAAAAAAAAAAFCT4, 3000]
   4: [Diagnostic Event] topics:[fn_call, CAAAAAAAAAAAAAAAAAAAAAAAAAAAAAAAAAAAAAAAAAAAAAAAAAAAD2KM, slash_bond], data:[CAAAAAAAAAAAAAAAAAAAAAAAAAAAAAAAAAAAAAAAAAAAAAAAAAAAFCT4, 3000]

Writing test snapshot file for test "test_reentrancy::test_normal_slash_succeeds" to "test_snapshots\\test_reentrancy\\test_normal_slash_succeeds.1.json".

---- test_reentrancy::test_sequential_operations_succeed stdout ----

thread 'test_reentrancy::test_sequential_operations_succeed' (29508) panicked at C:\Users\fuhad\.cargo\registry\src\index.crates.io-1949cf8c6b5b557f\soroban-env-host-22.1.3\src\host.rs:847:9:
HostError: Error(WasmVm, InvalidAction)

Event log (newest first):
   0: [Diagnostic Event] topics:[error, Error(WasmVm, InvalidAction)], data:"escalating error to panic"
   1: [Diagnostic Event] topics:[error, Error(WasmVm, InvalidAction)], data:["contract call failed", slash_bond, [CAAAAAAAAAAAAAAAAAAAAAAAAAAAAAAAAAAAAAAAAAAAAAAAAAAAFCT4, 1000]]
   2: [Failed Diagnostic Event (not emitted)] contract:CAAAAAAAAAAAAAAAAAAAAAAAAAAAAAAAAAAAAAAAAAAAAAAAAAAAD2KM, topics:[error, Error(WasmVm, InvalidAction)], data:"caught error from function"
   3: [Failed Diagnostic Event (not emitted)] contract:CAAAAAAAAAAAAAAAAAAAAAAAAAAAAAAAAAAAAAAAAAAAAAAAAAAAD2KM, topics:[log], data:["caught panic 'slash blocked: collateral increased in this ledger' from contract function 'Symbol(obj#765)'", CAAAAAAAAAAAAAAAAAAAAAAAAAAAAAAAAAAAAAAAAAAAAAAAAAAAFCT4, 1000]
   4: [Diagnostic Event] topics:[fn_call, CAAAAAAAAAAAAAAAAAAAAAAAAAAAAAAAAAAAAAAAAAAAAAAAAAAAD2KM, slash_bond], data:[CAAAAAAAAAAAAAAAAAAAAAAAAAAAAAAAAAAAAAAAAAAAAAAAAAAAFCT4, 1000]

Writing test snapshot file for test "test_reentrancy::test_sequential_operations_succeed" to "test_snapshots\\test_reentrancy\\test_sequential_operations_succeed.1.json".

---- test_reentrancy::test_slash_exceeds_bond_rejected stdout ----

thread 'test_reentrancy::test_slash_exceeds_bond_rejected' (30220) panicked at C:\Users\fuhad\.cargo\registry\src\index.crates.io-1949cf8c6b5b557f\soroban-env-host-22.1.3\src\host.rs:847:9:
HostError: Error(WasmVm, InvalidAction)

Event log (newest first):
   0: [Diagnostic Event] topics:[error, Error(WasmVm, InvalidAction)], data:"escalating error to panic"
   1: [Diagnostic Event] topics:[error, Error(WasmVm, InvalidAction)], data:["contract call failed", slash_bond, [CAAAAAAAAAAAAAAAAAAAAAAAAAAAAAAAAAAAAAAAAAAAAAAAAAAAFCT4, 20000]]
   2: [Failed Diagnostic Event (not emitted)] contract:CAAAAAAAAAAAAAAAAAAAAAAAAAAAAAAAAAAAAAAAAAAAAAAAAAAAD2KM, topics:[error, Error(WasmVm, InvalidAction)], data:"caught error from function"
   3: [Failed Diagnostic Event (not emitted)] contract:CAAAAAAAAAAAAAAAAAAAAAAAAAAAAAAAAAAAAAAAAAAAAAAAAAAAD2KM, topics:[log], data:["caught panic 'slash blocked: collateral increased in this ledger' from contract function 'Symbol(obj#765)'", CAAAAAAAAAAAAAAAAAAAAAAAAAAAAAAAAAAAAAAAAAAAAAAAAAAAFCT4, 20000]
   4: [Diagnostic Event] topics:[fn_call, CAAAAAAAAAAAAAAAAAAAAAAAAAAAAAAAAAAAAAAAAAAAAAAAAAAAD2KM, slash_bond], data:[CAAAAAAAAAAAAAAAAAAAAAAAAAAAAAAAAAAAAAAAAAAAAAAAAAAAFCT4, 20000]

Writing test snapshot file for test "test_reentrancy::test_slash_exceeds_bond_rejected" to "test_snapshots\\test_reentrancy\\test_slash_exceeds_bond_rejected.1.json".
note: panic did not contain expected string
      panic message: "HostError: Error(WasmVm, InvalidAction)\n\nEvent log (newest first):\n   0: [Diagnostic Event] topics:[error, Error(WasmVm, InvalidAction)], data:\"escalating error to panic\"\n   1: [Diagnostic Event] topics:[error, Error(WasmVm, InvalidAction)], data:[\"contract call failed\", slash_bond, [CAAAAAAAAAAAAAAAAAAAAAAAAAAAAAAAAAAAAAAAAAAAAAAAAAAAFCT4, 20000]]\n   2: [Failed Diagnostic Event (not emitted)] contract:CAAAAAAAAAAAAAAAAAAAAAAAAAAAAAAAAAAAAAAAAAAAAAAAAAAAD2KM, topics:[error, Error(WasmVm, InvalidAction)], data:\"caught error from function\"\n   3: [Failed Diagnostic Event (not emitted)] contract:CAAAAAAAAAAAAAAAAAAAAAAAAAAAAAAAAAAAAAAAAAAAAAAAAAAAD2KM, topics:[log], data:[\"caught panic 'slash blocked: collateral increased in this ledger' from contract function 'Symbol(obj#765)'\", CAAAAAAAAAAAAAAAAAAAAAAAAAAAAAAAAAAAAAAAAAAAAAAAAAAAFCT4, 20000]\n   4: [Diagnostic Event] topics:[fn_call, CAAAAAAAAAAAAAAAAAAAAAAAAAAAAAAAAAAAAAAAAAAAAAAAAAAAD2KM, slash_bond], data:[CAAAAAAAAAAAAAAAAAAAAAAAAAAAAAAAAAAAAAAAAAAAAAAAAAAAFCT4, 20000]\n"
 expected substring: "slash exceeds bond"
---- test_reentrancy::test_state_committed_before_callback_slash stdout ----

thread 'test_reentrancy::test_state_committed_before_callback_slash' (20804) panicked at C:\Users\fuhad\.cargo\registry\src\index.crates.io-1949cf8c6b5b557f\soroban-env-host-22.1.3\src\host.rs:847:9:
HostError: Error(WasmVm, InvalidAction)

Event log (newest first):
   0: [Diagnostic Event] topics:[error, Error(WasmVm, InvalidAction)], data:"escalating error to panic"
   1: [Diagnostic Event] topics:[error, Error(WasmVm, InvalidAction)], data:["contract call failed", slash_bond, [CAAAAAAAAAAAAAAAAAAAAAAAAAAAAAAAAAAAAAAAAAAAAAAAAAAAFCT4, 2500]]
   2: [Failed Diagnostic Event (not emitted)] contract:CAAAAAAAAAAAAAAAAAAAAAAAAAAAAAAAAAAAAAAAAAAAAAAAAAAAD2KM, topics:[error, Error(WasmVm, InvalidAction)], data:"caught error from function"
   3: [Failed Diagnostic Event (not emitted)] contract:CAAAAAAAAAAAAAAAAAAAAAAAAAAAAAAAAAAAAAAAAAAAAAAAAAAAD2KM, topics:[log], data:["caught panic 'slash blocked: collateral increased in this ledger' from contract function 'Symbol(obj#887)'", CAAAAAAAAAAAAAAAAAAAAAAAAAAAAAAAAAAAAAAAAAAAAAAAAAAAFCT4, 2500]
   4: [Diagnostic Event] topics:[fn_call, CAAAAAAAAAAAAAAAAAAAAAAAAAAAAAAAAAAAAAAAAAAAAAAAAAAAD2KM, slash_bond], data:[CAAAAAAAAAAAAAAAAAAAAAAAAAAAAAAAAAAAAAAAAAAAAAAAAAAAFCT4, 2500]

Writing test snapshot file for test "test_reentrancy::test_state_committed_before_callback_slash" to "test_snapshots\\test_reentrancy\\test_state_committed_before_callback_slash.1.json".

---- test_reentrancy_bug_exploration::test_nested_reentrancy_blocked stdout ----

thread 'test_reentrancy_bug_exploration::test_nested_reentrancy_blocked' (32204) panicked at C:\Users\fuhad\.cargo\registry\src\index.crates.io-1949cf8c6b5b557f\soroban-env-host-22.1.3\src\host.rs:847:9:
HostError: Error(WasmVm, InvalidAction)

Event log (newest first):
   0: [Diagnostic Event] topics:[error, Error(WasmVm, InvalidAction)], data:"escalating error to panic"
   1: [Diagnostic Event] topics:[error, Error(WasmVm, InvalidAction)], data:["contract call failed", create_bond, [CAAAAAAAAAAAAAAAAAAAAAAAAAAAAAAAAAAAAAAAAAAAAAAAAAAAHK3M, 3000, 86400]]
   2: [Failed Diagnostic Event (not emitted)] contract:CAAAAAAAAAAAAAAAAAAAAAAAAAAAAAAAAAAAAAAAAAAAAAAAAAAAD2KM, topics:[error, Error(WasmVm, InvalidAction)], data:"caught error from function"
   3: [Failed Diagnostic Event (not emitted)] contract:CAAAAAAAAAAAAAAAAAAAAAAAAAAAAAAAAAAAAAAAAAAAAAAAAAAAD2KM, topics:[log], data:["caught panic 'token not configured - contract not properly initialized' from contract function 'Symbol(obj#93)'", CAAAAAAAAAAAAAAAAAAAAAAAAAAAAAAAAAAAAAAAAAAAAAAAAAAAHK3M, 3000, 86400]
   4: [Diagnostic Event] topics:[fn_call, CAAAAAAAAAAAAAAAAAAAAAAAAAAAAAAAAAAAAAAAAAAAAAAAAAAAD2KM, create_bond], data:[CAAAAAAAAAAAAAAAAAAAAAAAAAAAAAAAAAAAAAAAAAAAAAAAAAAAHK3M, 3000, 86400]

Writing test snapshot file for test "test_reentrancy_bug_exploration::test_nested_reentrancy_blocked" to "test_snapshots\\test_reentrancy_bug_exploration\\test_nested_reentrancy_blocked.1.json".
note: panic did not contain expected string
      panic message: "HostError: Error(WasmVm, InvalidAction)\n\nEvent log (newest first):\n   0: [Diagnostic Event] topics:[error, Error(WasmVm, InvalidAction)], data:\"escalating error to panic\"\n   1: [Diagnostic Event] topics:[error, Error(WasmVm, InvalidAction)], data:[\"contract call failed\", create_bond, [CAAAAAAAAAAAAAAAAAAAAAAAAAAAAAAAAAAAAAAAAAAAAAAAAAAAHK3M, 3000, 86400]]\n   2: [Failed Diagnostic Event (not emitted)] contract:CAAAAAAAAAAAAAAAAAAAAAAAAAAAAAAAAAAAAAAAAAAAAAAAAAAAD2KM, topics:[error, Error(WasmVm, InvalidAction)], data:\"caught error from function\"\n   3: [Failed Diagnostic Event (not emitted)] contract:CAAAAAAAAAAAAAAAAAAAAAAAAAAAAAAAAAAAAAAAAAAAAAAAAAAAD2KM, topics:[log], data:[\"caught panic 'token not configured - contract not properly initialized' from contract function 'Symbol(obj#93)'\", CAAAAAAAAAAAAAAAAAAAAAAAAAAAAAAAAAAAAAAAAAAAAAAAAAAAHK3M, 3000, 86400]\n   4: [Diagnostic Event] topics:[fn_call, CAAAAAAAAAAAAAAAAAAAAAAAAAAAAAAAAAAAAAAAAAAAAAAAAAAAD2KM, create_bond], data:[CAAAAAAAAAAAAAAAAAAAAAAAAAAAAAAAAAAAAAAAAAAAAAAAAAAAHK3M, 3000, 86400]\n"
 expected substring: "reentrancy detected"
---- test_reentrancy_bug_exploration::test_rolling_withdraw_reentrancy_attack stdout ----

thread 'test_reentrancy_bug_exploration::test_rolling_withdraw_reentrancy_attack' (2680) panicked at C:\Users\fuhad\.cargo\registry\src\index.crates.io-1949cf8c6b5b557f\soroban-env-host-22.1.3\src\host.rs:847:9:
HostError: Error(WasmVm, InvalidAction)

Event log (newest first):
   0: [Diagnostic Event] topics:[error, Error(WasmVm, InvalidAction)], data:"escalating error to panic"
   1: [Diagnostic Event] topics:[error, Error(WasmVm, InvalidAction)], data:["contract call failed", create_bond_with_rolling, [CAAAAAAAAAAAAAAAAAAAAAAAAAAAAAAAAAAAAAAAAAAAAAAAAAAAHK3M, 2000, 86400, true, 3600]]
   2: [Failed Diagnostic Event (not emitted)] contract:CAAAAAAAAAAAAAAAAAAAAAAAAAAAAAAAAAAAAAAAAAAAAAAAAAAAD2KM, topics:[error, Error(WasmVm, InvalidAction)], data:"caught error from function"
   3: [Failed Diagnostic Event (not emitted)] contract:CAAAAAAAAAAAAAAAAAAAAAAAAAAAAAAAAAAAAAAAAAAAAAAAAAAAD2KM, topics:[log], data:["caught panic 'token not configured - contract not properly initialized' from contract function 'Symbol(obj#189)'", CAAAAAAAAAAAAAAAAAAAAAAAAAAAAAAAAAAAAAAAAAAAAAAAAAAAHK3M, 2000, 86400, true, 3600]
   4: [Diagnostic Event] topics:[fn_call, CAAAAAAAAAAAAAAAAAAAAAAAAAAAAAAAAAAAAAAAAAAAAAAAAAAAD2KM, create_bond_with_rolling], data:[CAAAAAAAAAAAAAAAAAAAAAAAAAAAAAAAAAAAAAAAAAAAAAAAAAAAHK3M, 2000, 86400, true, 3600]

Writing test snapshot file for test "test_reentrancy_bug_exploration::test_rolling_withdraw_reentrancy_attack" to "test_snapshots\\test_reentrancy_bug_exploration\\test_rolling_withdraw_reentrancy_attack.1.json".
note: panic did not contain expected string
      panic message: "HostError: Error(WasmVm, InvalidAction)\n\nEvent log (newest first):\n   0: [Diagnostic Event] topics:[error, Error(WasmVm, InvalidAction)], data:\"escalating error to panic\"\n   1: [Diagnostic Event] topics:[error, Error(WasmVm, InvalidAction)], data:[\"contract call failed\", create_bond_with_rolling, [CAAAAAAAAAAAAAAAAAAAAAAAAAAAAAAAAAAAAAAAAAAAAAAAAAAAHK3M, 2000, 86400, true, 3600]]\n   2: [Failed Diagnostic Event (not emitted)] contract:CAAAAAAAAAAAAAAAAAAAAAAAAAAAAAAAAAAAAAAAAAAAAAAAAAAAD2KM, topics:[error, Error(WasmVm, InvalidAction)], data:\"caught error from function\"\n   3: [Failed Diagnostic Event (not emitted)] contract:CAAAAAAAAAAAAAAAAAAAAAAAAAAAAAAAAAAAAAAAAAAAAAAAAAAAD2KM, topics:[log], data:[\"caught panic 'token not configured - contract not properly initialized' from contract function 'Symbol(obj#189)'\", CAAAAAAAAAAAAAAAAAAAAAAAAAAAAAAAAAAAAAAAAAAAAAAAAAAAHK3M, 2000, 86400, true, 3600]\n   4: [Diagnostic Event] topics:[fn_call, CAAAAAAAAAAAAAAAAAAAAAAAAAAAAAAAAAAAAAAAAAAAAAAAAAAAD2KM, create_bond_with_rolling], data:[CAAAAAAAAAAAAAAAAAAAAAAAAAAAAAAAAAAAAAAAAAAAAAAAAAAAHK3M, 2000, 86400, true, 3600]\n"
 expected substring: "reentrancy detected"
---- test_reentrancy::test_state_committed_before_callback_withdraw_bond stdout ----

thread 'test_reentrancy::test_state_committed_before_callback_withdraw_bond' (9832) panicked at C:\Users\fuhad\.cargo\registry\src\index.crates.io-1949cf8c6b5b557f\soroban-env-host-22.1.3\src\host.rs:847:9:
HostError: Error(Context, InvalidAction)

Event log (newest first):
   0: [Diagnostic Event] topics:[error, Error(Context, InvalidAction)], data:"escalating error to panic"
   1: [Diagnostic Event] topics:[error, Error(Context, InvalidAction)], data:["contract call failed", withdraw_bond, [3000]]
   2: [Failed Diagnostic Event (not emitted)] contract:CAAAAAAAAAAAAAAAAAAAAAAAAAAAAAAAAAAAAAAAAAAAAAAAAAAAD2KM, topics:[error, Error(Context, InvalidAction)], data:"caught error from function"
   3: [Failed Diagnostic Event (not emitted)] contract:CAAAAAAAAAAAAAAAAAAAAAAAAAAAAAAAAAAAAAAAAAAAAAAAAAAAD2KM, topics:[error, Error(Context, InvalidAction)], data:"escalating error to panic"
   4: [Failed Diagnostic Event (not emitted)] contract:CAAAAAAAAAAAAAAAAAAAAAAAAAAAAAAAAAAAAAAAAAAAAAAAAAAAD2KM, topics:[error, Error(Context, InvalidAction)], data:["contract call failed", on_withdraw, [3000]]
   5: [Failed Diagnostic Event (not emitted)] contract:CAAAAAAAAAAAAAAAAAAAAAAAAAAAAAAAAAAAAAAAAAAAAAAAAAAAK3IM, topics:[error, Error(Context, InvalidAction)], data:"caught error from function"
   6: [Failed Diagnostic Event (not emitted)] contract:CAAAAAAAAAAAAAAAAAAAAAAAAAAAAAAAAAAAAAAAAAAAAAAAAAAAK3IM, topics:[error, Error(Context, InvalidAction)], data:"escalating error to panic"
   7: [Failed Diagnostic Event (not emitted)] contract:CAAAAAAAAAAAAAAAAAAAAAAAAAAAAAAAAAAAAAAAAAAAAAAAAAAAK3IM, topics:[error, Error(Context, InvalidAction)], data:["contract call failed", get_identity_state, []]
   8: [Failed Diagnostic Event (not emitted)] contract:CAAAAAAAAAAAAAAAAAAAAAAAAAAAAAAAAAAAAAAAAAAAAAAAAAAAK3IM, topics:[error, Error(Context, InvalidAction)], data:"Contract re-entry is not allowed"
   9: [Failed Diagnostic Event (not emitted)] contract:CAAAAAAAAAAAAAAAAAAAAAAAAAAAAAAAAAAAAAAAAAAAAAAAAAAAD2KM, topics:[fn_call, CAAAAAAAAAAAAAAAAAAAAAAAAAAAAAAAAAAAAAAAAAAAAAAAAAAAK3IM, on_withdraw], data:3000
   10: [Failed Diagnostic Event (not emitted)] contract:CCABDO7UZXYE4W6GVSEGSNNZTKSLFQGKXXQTH6OX7M7GKZ4Z6CUJNGZN, topics:[fn_return, balance], data:7000
   11: [Failed Diagnostic Event (not emitted)] contract:CAAAAAAAAAAAAAAAAAAAAAAAAAAAAAAAAAAAAAAAAAAAAAAAAAAAD2KM, topics:[fn_call, CCABDO7UZXYE4W6GVSEGSNNZTKSLFQGKXXQTH6OX7M7GKZ4Z6CUJNGZN, balance], data:CAAAAAAAAAAAAAAAAAAAAAAAAAAAAAAAAAAAAAAAAAAAAAAAAAAAD2KM
   12: [Failed Diagnostic Event (not emitted)] contract:CCABDO7UZXYE4W6GVSEGSNNZTKSLFQGKXXQTH6OX7M7GKZ4Z6CUJNGZN, topics:[fn_return, transfer], data:Void
   13: [Failed Contract Event (not emitted)] contract:CCABDO7UZXYE4W6GVSEGSNNZTKSLFQGKXXQTH6OX7M7GKZ4Z6CUJNGZN, topics:[transfer, CAAAAAAAAAAAAAAAAAAAAAAAAAAAAAAAAAAAAAAAAAAAAAAAAAAAD2KM, CAAAAAAAAAAAAAAAAAAAAAAAAAAAAAAAAAAAAAAAAAAAAAAAAAAAHK3M, "aaa:GAAAAAAAAAAAAAAAAAAAAAAAAAAAAAAAAAAAAAAAAAAAAAAAAAAAJXFF"], data:3000
   14: [Failed Diagnostic Event (not emitted)] contract:CAAAAAAAAAAAAAAAAAAAAAAAAAAAAAAAAAAAAAAAAAAAAAAAAAAAD2KM, topics:[fn_call, CCABDO7UZXYE4W6GVSEGSNNZTKSLFQGKXXQTH6OX7M7GKZ4Z6CUJNGZN, transfer], data:[CAAAAAAAAAAAAAAAAAAAAAAAAAAAAAAAAAAAAAAAAAAAAAAAAAAAD2KM, CAAAAAAAAAAAAAAAAAAAAAAAAAAAAAAAAAAAAAAAAAAAAAAAAAAAHK3M, 3000]
   15: [Failed Diagnostic Event (not emitted)] contract:CCABDO7UZXYE4W6GVSEGSNNZTKSLFQGKXXQTH6OX7M7GKZ4Z6CUJNGZN, topics:[fn_return, balance], data:10000
   16: [Failed Diagnostic Event (not emitted)] contract:CAAAAAAAAAAAAAAAAAAAAAAAAAAAAAAAAAAAAAAAAAAAAAAAAAAAD2KM, topics:[fn_call, CCABDO7UZXYE4W6GVSEGSNNZTKSLFQGKXXQTH6OX7M7GKZ4Z6CUJNGZN, balance], data:CAAAAAAAAAAAAAAAAAAAAAAAAAAAAAAAAAAAAAAAAAAAAAAAAAAAD2KM
   17: [Failed Contract Event (not emitted)] contract:CAAAAAAAAAAAAAAAAAAAAAAAAAAAAAAAAAAAAAAAAAAAAAAAAAAAD2KM, topics:[bond_withdrawn_v2, CAAAAAAAAAAAAAAAAAAAAAAAAAAAAAAAAAAAAAAAAAAAAAAAAAAAHK3M, 3000, 7000, 86401], data:[false, 0]
   18: [Failed Contract Event (not emitted)] contract:CAAAAAAAAAAAAAAAAAAAAAAAAAAAAAAAAAAAAAAAAAAAAAAAAAAAD2KM, topics:[bond_withdrawn, CAAAAAAAAAAAAAAAAAAAAAAAAAAAAAAAAAAAAAAAAAAAAAAAAAAAHK3M], data:[3000, 7000]
   19: [Diagnostic Event] topics:[fn_call, CAAAAAAAAAAAAAAAAAAAAAAAAAAAAAAAAAAAAAAAAAAAAAAAAAAAD2KM, withdraw_bond], data:3000

Writing test snapshot file for test "test_reentrancy::test_state_committed_before_callback_withdraw_bond" to "test_snapshots\\test_reentrancy\\test_state_committed_before_callback_withdraw_bond.1.json".

---- test_reentrancy_bug_exploration::test_withdraw_bond_reentrancy_attack stdout ----

thread 'test_reentrancy_bug_exploration::test_withdraw_bond_reentrancy_attack' (23512) panicked at C:\Users\fuhad\.cargo\registry\src\index.crates.io-1949cf8c6b5b557f\soroban-env-host-22.1.3\src\host.rs:847:9:
HostError: Error(WasmVm, InvalidAction)

Event log (newest first):
   0: [Diagnostic Event] topics:[error, Error(WasmVm, InvalidAction)], data:"escalating error to panic"
   1: [Diagnostic Event] topics:[error, Error(WasmVm, InvalidAction)], data:["contract call failed", create_bond, [CAAAAAAAAAAAAAAAAAAAAAAAAAAAAAAAAAAAAAAAAAAAAAAAAAAAHK3M, 2000, 86400]]
   2: [Failed Diagnostic Event (not emitted)] contract:CAAAAAAAAAAAAAAAAAAAAAAAAAAAAAAAAAAAAAAAAAAAAAAAAAAAD2KM, topics:[error, Error(WasmVm, InvalidAction)], data:"caught error from function"
   3: [Failed Diagnostic Event (not emitted)] contract:CAAAAAAAAAAAAAAAAAAAAAAAAAAAAAAAAAAAAAAAAAAAAAAAAAAAD2KM, topics:[log], data:["caught panic 'token not configured - contract not properly initialized' from contract function 'Symbol(obj#93)'", CAAAAAAAAAAAAAAAAAAAAAAAAAAAAAAAAAAAAAAAAAAAAAAAAAAAHK3M, 2000, 86400]
   4: [Diagnostic Event] topics:[fn_call, CAAAAAAAAAAAAAAAAAAAAAAAAAAAAAAAAAAAAAAAAAAAAAAAAAAAD2KM, create_bond], data:[CAAAAAAAAAAAAAAAAAAAAAAAAAAAAAAAAAAAAAAAAAAAAAAAAAAAHK3M, 2000, 86400]

Writing test snapshot file for test "test_reentrancy_bug_exploration::test_withdraw_bond_reentrancy_attack" to "test_snapshots\\test_reentrancy_bug_exploration\\test_withdraw_bond_reentrancy_attack.1.json".
note: panic did not contain expected string
      panic message: "HostError: Error(WasmVm, InvalidAction)\n\nEvent log (newest first):\n   0: [Diagnostic Event] topics:[error, Error(WasmVm, InvalidAction)], data:\"escalating error to panic\"\n   1: [Diagnostic Event] topics:[error, Error(WasmVm, InvalidAction)], data:[\"contract call failed\", create_bond, [CAAAAAAAAAAAAAAAAAAAAAAAAAAAAAAAAAAAAAAAAAAAAAAAAAAAHK3M, 2000, 86400]]\n   2: [Failed Diagnostic Event (not emitted)] contract:CAAAAAAAAAAAAAAAAAAAAAAAAAAAAAAAAAAAAAAAAAAAAAAAAAAAD2KM, topics:[error, Error(WasmVm, InvalidAction)], data:\"caught error from function\"\n   3: [Failed Diagnostic Event (not emitted)] contract:CAAAAAAAAAAAAAAAAAAAAAAAAAAAAAAAAAAAAAAAAAAAAAAAAAAAD2KM, topics:[log], data:[\"caught panic 'token not configured - contract not properly initialized' from contract function 'Symbol(obj#93)'\", CAAAAAAAAAAAAAAAAAAAAAAAAAAAAAAAAAAAAAAAAAAAAAAAAAAAHK3M, 2000, 86400]\n   4: [Diagnostic Event] topics:[fn_call, CAAAAAAAAAAAAAAAAAAAAAAAAAAAAAAAAAAAAAAAAAAAAAAAAAAAD2KM, create_bond], data:[CAAAAAAAAAAAAAAAAAAAAAAAAAAAAAAAAAAAAAAAAAAAAAAAAAAAHK3M, 2000, 86400]\n"
 expected substring: "reentrancy detected"
---- test_reentrancy_bug_exploration::test_withdraw_early_reentrancy_attack stdout ----

thread 'test_reentrancy_bug_exploration::test_withdraw_early_reentrancy_attack' (7872) panicked at C:\Users\fuhad\.cargo\registry\src\index.crates.io-1949cf8c6b5b557f\soroban-env-host-22.1.3\src\host.rs:847:9:
HostError: Error(WasmVm, InvalidAction)

Event log (newest first):
   0: [Diagnostic Event] topics:[error, Error(WasmVm, InvalidAction)], data:"escalating error to panic"
   1: [Diagnostic Event] topics:[error, Error(WasmVm, InvalidAction)], data:["contract call failed", create_bond, [CAAAAAAAAAAAAAAAAAAAAAAAAAAAAAAAAAAAAAAAAAAAAAAAAAAAHK3M, 2000, 86400]]
   2: [Failed Diagnostic Event (not emitted)] contract:CAAAAAAAAAAAAAAAAAAAAAAAAAAAAAAAAAAAAAAAAAAAAAAAAAAAD2KM, topics:[error, Error(WasmVm, InvalidAction)], data:"caught error from function"
   3: [Failed Diagnostic Event (not emitted)] contract:CAAAAAAAAAAAAAAAAAAAAAAAAAAAAAAAAAAAAAAAAAAAAAAAAAAAD2KM, topics:[log], data:["caught panic 'token not configured - contract not properly initialized' from contract function 'Symbol(obj#181)'", CAAAAAAAAAAAAAAAAAAAAAAAAAAAAAAAAAAAAAAAAAAAAAAAAAAAHK3M, 2000, 86400]
   4: [Diagnostic Event] topics:[fn_call, CAAAAAAAAAAAAAAAAAAAAAAAAAAAAAAAAAAAAAAAAAAAAAAAAAAAD2KM, create_bond], data:[CAAAAAAAAAAAAAAAAAAAAAAAAAAAAAAAAAAAAAAAAAAAAAAAAAAAHK3M, 2000, 86400]

Writing test snapshot file for test "test_reentrancy_bug_exploration::test_withdraw_early_reentrancy_attack" to "test_snapshots\\test_reentrancy_bug_exploration\\test_withdraw_early_reentrancy_attack.1.json".
note: panic did not contain expected string
      panic message: "HostError: Error(WasmVm, InvalidAction)\n\nEvent log (newest first):\n   0: [Diagnostic Event] topics:[error, Error(WasmVm, InvalidAction)], data:\"escalating error to panic\"\n   1: [Diagnostic Event] topics:[error, Error(WasmVm, InvalidAction)], data:[\"contract call failed\", create_bond, [CAAAAAAAAAAAAAAAAAAAAAAAAAAAAAAAAAAAAAAAAAAAAAAAAAAAHK3M, 2000, 86400]]\n   2: [Failed Diagnostic Event (not emitted)] contract:CAAAAAAAAAAAAAAAAAAAAAAAAAAAAAAAAAAAAAAAAAAAAAAAAAAAD2KM, topics:[error, Error(WasmVm, InvalidAction)], data:\"caught error from function\"\n   3: [Failed Diagnostic Event (not emitted)] contract:CAAAAAAAAAAAAAAAAAAAAAAAAAAAAAAAAAAAAAAAAAAAAAAAAAAAD2KM, topics:[log], data:[\"caught panic 'token not configured - contract not properly initialized' from contract function 'Symbol(obj#181)'\", CAAAAAAAAAAAAAAAAAAAAAAAAAAAAAAAAAAAAAAAAAAAAAAAAAAAHK3M, 2000, 86400]\n   4: [Diagnostic Event] topics:[fn_call, CAAAAAAAAAAAAAAAAAAAAAAAAAAAAAAAAAAAAAAAAAAAAAAAAAAAD2KM, create_bond], data:[CAAAAAAAAAAAAAAAAAAAAAAAAAAAAAAAAAAAAAAAAAAAAAAAAAAAHK3M, 2000, 86400]\n"
 expected substring: "reentrancy detected"
---- test_reentrancy_preservation::property_withdraw_bond_normal_behavior_preserved stdout ----

thread 'test_reentrancy_preservation::property_withdraw_bond_normal_behavior_preserved' (11788) panicked at C:\Users\fuhad\.cargo\registry\src\index.crates.io-1949cf8c6b5b557f\soroban-env-host-22.1.3\src\host.rs:847:9:
HostError: Error(WasmVm, InvalidAction)

Event log (newest first):
   0: [Diagnostic Event] topics:[error, Error(WasmVm, InvalidAction)], data:"escalating error to panic"
   1: [Diagnostic Event] topics:[error, Error(WasmVm, InvalidAction)], data:["contract call failed", withdraw_bond, [821]]
   2: [Failed Diagnostic Event (not emitted)] contract:CAAAAAAAAAAAAAAAAAAAAAAAAAAAAAAAAAAAAAAAAAAAAAAAAAAAD2KM, topics:[error, Error(WasmVm, InvalidAction)], data:"caught error from function"
   3: [Failed Diagnostic Event (not emitted)] contract:CAAAAAAAAAAAAAAAAAAAAAAAAAAAAAAAAAAAAAAAAAAAAAAAAAAAD2KM, topics:[log], data:["caught panic 'cooldown window not elapsed; request_withdrawal first' from contract function 'Symbol(obj#907)'", 821]
   4: [Diagnostic Event] topics:[fn_call, CAAAAAAAAAAAAAAAAAAAAAAAAAAAAAAAAAAAAAAAAAAAAAAAAAAAD2KM, withdraw_bond], data:821

Writing test snapshot file for test "test_reentrancy_preservation::property_withdraw_bond_normal_behavior_preserved" to "test_snapshots\\test_reentrancy_preservation\\property_withdraw_bond_normal_behavior_preserved.1.json".

---- test_reentrancy_preservation::property_withdraw_bond_full_unchanged stdout ----

thread 'test_reentrancy_preservation::property_withdraw_bond_full_unchanged' (36860) panicked at contracts\credence_bond\src\test_reentrancy_preservation.rs:486:5:
assertion `left == right` failed: identity balance not updated correctly
  left: 99999999999995000
 right: 100000000000000000
Writing test snapshot file for test "test_reentrancy_preservation::property_withdraw_bond_full_unchanged" to "test_snapshots\\test_reentrancy_preservation\\property_withdraw_bond_full_unchanged.1.json".

---- test_slashing::test_slash_history_capped_slash_records_actual_amount stdout ----

thread 'test_slashing::test_slash_history_capped_slash_records_actual_amount' (25700) panicked at C:\Users\fuhad\.cargo\registry\src\index.crates.io-1949cf8c6b5b557f\soroban-sdk-22.0.10\src\storage.rs:89:9:
this function is not accessible outside of a contract, wrap the call with `env.as_contract()` to access it from a particular contract
Writing test snapshot file for test "test_slashing::test_slash_history_capped_slash_records_actual_amount" to "test_snapshots\\test_slashing\\test_slash_history_capped_slash_records_actual_amount.1.json".

---- test_slashing::test_slash_history_count_increments stdout ----

thread 'test_slashing::test_slash_history_count_increments' (34080) panicked at C:\Users\fuhad\.cargo\registry\src\index.crates.io-1949cf8c6b5b557f\soroban-sdk-22.0.10\src\storage.rs:89:9:
this function is not accessible outside of a contract, wrap the call with `env.as_contract()` to access it from a particular contract
Writing test snapshot file for test "test_slashing::test_slash_history_count_increments" to "test_snapshots\\test_slashing\\test_slash_history_count_increments.1.json".

---- test_slashing::test_slash_history_zero_slash_no_record stdout ----

thread 'test_slashing::test_slash_history_zero_slash_no_record' (8568) panicked at C:\Users\fuhad\.cargo\registry\src\index.crates.io-1949cf8c6b5b557f\soroban-sdk-22.0.10\src\storage.rs:89:9:
this function is not accessible outside of a contract, wrap the call with `env.as_contract()` to access it from a particular contract
Writing test snapshot file for test "test_slashing::test_slash_history_zero_slash_no_record" to "test_snapshots\\test_slashing\\test_slash_history_zero_slash_no_record.1.json".

---- test_slashing::test_slash_history_record_fields stdout ----

thread 'test_slashing::test_slash_history_record_fields' (26468) panicked at C:\Users\fuhad\.cargo\registry\src\index.crates.io-1949cf8c6b5b557f\soroban-sdk-22.0.10\src\storage.rs:89:9:
this function is not accessible outside of a contract, wrap the call with `env.as_contract()` to access it from a particular contract
Writing test snapshot file for test "test_slashing::test_slash_history_record_fields" to "test_snapshots\\test_slashing\\test_slash_history_record_fields.1.json".

---- test_slashing::test_slash_history_total_slashed_after_accumulates stdout ----

thread 'test_slashing::test_slash_history_total_slashed_after_accumulates' (35900) panicked at C:\Users\fuhad\.cargo\registry\src\index.crates.io-1949cf8c6b5b557f\soroban-sdk-22.0.10\src\storage.rs:89:9:
this function is not accessible outside of a contract, wrap the call with `env.as_contract()` to access it from a particular contract
Writing test snapshot file for test "test_slashing::test_slash_history_total_slashed_after_accumulates" to "test_snapshots\\test_slashing\\test_slash_history_total_slashed_after_accumulates.1.json".

---- test_slashing::test_slash_history_get_all_records stdout ----

thread 'test_slashing::test_slash_history_get_all_records' (35732) panicked at C:\Users\fuhad\.cargo\registry\src\index.crates.io-1949cf8c6b5b557f\soroban-sdk-22.0.10\src\storage.rs:89:9:
this function is not accessible outside of a contract, wrap the call with `env.as_contract()` to access it from a particular contract
Writing test snapshot file for test "test_slashing::test_slash_history_get_all_records" to "test_snapshots\\test_slashing\\test_slash_history_get_all_records.1.json".

---- test_upgrade_auth::test_cannot_revoke_last_upgrade_admin stdout ----

thread 'test_upgrade_auth::test_cannot_revoke_last_upgrade_admin' (39516) panicked at C:\Users\fuhad\.cargo\registry\src\index.crates.io-1949cf8c6b5b557f\soroban-sdk-22.0.10\src\storage.rs:141:9:
this function is not accessible outside of a contract, wrap the call with `env.as_contract()` to access it from a particular contract

---- test_upgrade_auth::test_grant_and_revoke_upgrade_authorization stdout ----

thread 'test_upgrade_auth::test_grant_and_revoke_upgrade_authorization' (12480) panicked at C:\Users\fuhad\.cargo\registry\src\index.crates.io-1949cf8c6b5b557f\soroban-sdk-22.0.10\src\storage.rs:141:9:
this function is not accessible outside of a contract, wrap the call with `env.as_contract()` to access it from a particular contract

---- test_upgrade_auth::test_proposal_expiry_handling stdout ----

thread 'test_upgrade_auth::test_proposal_expiry_handling' (35412) panicked at C:\Users\fuhad\.cargo\registry\src\index.crates.io-1949cf8c6b5b557f\soroban-sdk-22.0.10\src\storage.rs:141:9:
this function is not accessible outside of a contract, wrap the call with `env.as_contract()` to access it from a particular contract

---- test_upgrade_auth::test_unauthorized_upgrade_attempts stdout ----

thread 'test_upgrade_auth::test_unauthorized_upgrade_attempts' (12192) panicked at C:\Users\fuhad\.cargo\registry\src\index.crates.io-1949cf8c6b5b557f\soroban-sdk-22.0.10\src\storage.rs:141:9:
this function is not accessible outside of a contract, wrap the call with `env.as_contract()` to access it from a particular contract

---- test_upgrade_auth::test_upgrade_authorization_expiry stdout ----

thread 'test_upgrade_auth::test_upgrade_authorization_expiry' (1764) panicked at C:\Users\fuhad\.cargo\registry\src\index.crates.io-1949cf8c6b5b557f\soroban-sdk-22.0.10\src\storage.rs:141:9:
this function is not accessible outside of a contract, wrap the call with `env.as_contract()` to access it from a particular contract

---- test_upgrade_auth::test_upgrade_authorization_initialization stdout ----

thread 'test_upgrade_auth::test_upgrade_authorization_initialization' (36872) panicked at C:\Users\fuhad\.cargo\registry\src\index.crates.io-1949cf8c6b5b557f\soroban-sdk-22.0.10\src\storage.rs:141:9:
this function is not accessible outside of a contract, wrap the call with `env.as_contract()` to access it from a particular contract

---- test_upgrade_auth::test_upgrade_execution_with_proposal stdout ----

thread 'test_upgrade_auth::test_upgrade_execution_with_proposal' (22360) panicked at C:\Users\fuhad\.cargo\registry\src\index.crates.io-1949cf8c6b5b557f\soroban-sdk-22.0.10\src\storage.rs:141:9:
this function is not accessible outside of a contract, wrap the call with `env.as_contract()` to access it from a particular contract

---- test_upgrade_auth::test_upgrade_history_tracking stdout ----

thread 'test_upgrade_auth::test_upgrade_history_tracking' (22784) panicked at C:\Users\fuhad\.cargo\registry\src\index.crates.io-1949cf8c6b5b557f\soroban-sdk-22.0.10\src\storage.rs:141:9:
this function is not accessible outside of a contract, wrap the call with `env.as_contract()` to access it from a particular contract

---- test_upgrade_auth::test_upgrade_proposal_and_approval stdout ----

thread 'test_upgrade_auth::test_upgrade_proposal_and_approval' (25504) panicked at C:\Users\fuhad\.cargo\registry\src\index.crates.io-1949cf8c6b5b557f\soroban-sdk-22.0.10\src\storage.rs:141:9:
this function is not accessible outside of a contract, wrap the call with `env.as_contract()` to access it from a particular contract

---- test_validation::test_create_bond_with_min_amount_then_invalid_top_up stdout ----

thread 'test_validation::test_create_bond_with_min_amount_then_invalid_top_up' (39396) panicked at C:\Users\fuhad\.cargo\registry\src\index.crates.io-1949cf8c6b5b557f\soroban-env-host-22.1.3\src\host.rs:847:9:
HostError: Error(WasmVm, InvalidAction)

Event log (newest first):
   0: [Diagnostic Event] topics:[error, Error(WasmVm, InvalidAction)], data:"escalating error to panic"
   1: [Diagnostic Event] topics:[error, Error(WasmVm, InvalidAction)], data:["contract call failed", top_up, [0]]
   2: [Failed Diagnostic Event (not emitted)] contract:CAAAAAAAAAAAAAAAAAAAAAAAAAAAAAAAAAAAAAAAAAAAAAAAAAAAD2KM, topics:[error, Error(WasmVm, InvalidAction)], data:"caught error from function"
   3: [Failed Diagnostic Event (not emitted)] contract:CAAAAAAAAAAAAAAAAAAAAAAAAAAAAAAAAAAAAAAAAAAAAAAAAAAAD2KM, topics:[log], data:["caught panic 'amount must be positive' from contract function 'Symbol(top_up)'", 0]
   4: [Diagnostic Event] topics:[fn_call, CAAAAAAAAAAAAAAAAAAAAAAAAAAAAAAAAAAAAAAAAAAAAAAAAAAAD2KM, top_up], data:0

Writing test snapshot file for test "test_validation::test_create_bond_with_min_amount_then_invalid_top_up" to "test_snapshots\\test_validation\\test_create_bond_with_min_amount_then_invalid_top_up.1.json".
note: panic did not contain expected string
      panic message: "HostError: Error(WasmVm, InvalidAction)\n\nEvent log (newest first):\n   0: [Diagnostic Event] topics:[error, Error(WasmVm, InvalidAction)], data:\"escalating error to panic\"\n   1: [Diagnostic Event] topics:[error, Error(WasmVm, InvalidAction)], data:[\"contract call failed\", top_up, [0]]\n   2: [Failed Diagnostic Event (not emitted)] contract:CAAAAAAAAAAAAAAAAAAAAAAAAAAAAAAAAAAAAAAAAAAAAAAAAAAAD2KM, topics:[error, Error(WasmVm, InvalidAction)], data:\"caught error from function\"\n   3: [Failed Diagnostic Event (not emitted)] contract:CAAAAAAAAAAAAAAAAAAAAAAAAAAAAAAAAAAAAAAAAAAAAAAAAAAAD2KM, topics:[log], data:[\"caught panic 'amount must be positive' from contract function 'Symbol(top_up)'\", 0]\n   4: [Diagnostic Event] topics:[fn_call, CAAAAAAAAAAAAAAAAAAAAAAAAAAAAAAAAAAAAAAAAAAAAAAAAAAAD2KM, top_up], data:0\n"
 expected substring: "top-up amount below minimum required"
---- test_validation::test_top_up_with_negative_amount stdout ----

thread 'test_validation::test_top_up_with_negative_amount' (10544) panicked at C:\Users\fuhad\.cargo\registry\src\index.crates.io-1949cf8c6b5b557f\soroban-env-host-22.1.3\src\host.rs:847:9:
HostError: Error(WasmVm, InvalidAction)

Event log (newest first):
   0: [Diagnostic Event] topics:[error, Error(WasmVm, InvalidAction)], data:"escalating error to panic"
   1: [Diagnostic Event] topics:[error, Error(WasmVm, InvalidAction)], data:["contract call failed", top_up, [-1000]]
   2: [Failed Diagnostic Event (not emitted)] contract:CAAAAAAAAAAAAAAAAAAAAAAAAAAAAAAAAAAAAAAAAAAAAAAAAAAAD2KM, topics:[error, Error(WasmVm, InvalidAction)], data:"caught error from function"
   3: [Failed Diagnostic Event (not emitted)] contract:CAAAAAAAAAAAAAAAAAAAAAAAAAAAAAAAAAAAAAAAAAAAAAAAAAAAD2KM, topics:[log], data:["caught panic 'amount must be positive' from contract function 'Symbol(top_up)'", -1000]
   4: [Diagnostic Event] topics:[fn_call, CAAAAAAAAAAAAAAAAAAAAAAAAAAAAAAAAAAAAAAAAAAAAAAAAAAAD2KM, top_up], data:-1000

Writing test snapshot file for test "test_validation::test_top_up_with_negative_amount" to "test_snapshots\\test_validation\\test_top_up_with_negative_amount.1.json".
note: panic did not contain expected string
      panic message: "HostError: Error(WasmVm, InvalidAction)\n\nEvent log (newest first):\n   0: [Diagnostic Event] topics:[error, Error(WasmVm, InvalidAction)], data:\"escalating error to panic\"\n   1: [Diagnostic Event] topics:[error, Error(WasmVm, InvalidAction)], data:[\"contract call failed\", top_up, [-1000]]\n   2: [Failed Diagnostic Event (not emitted)] contract:CAAAAAAAAAAAAAAAAAAAAAAAAAAAAAAAAAAAAAAAAAAAAAAAAAAAD2KM, topics:[error, Error(WasmVm, InvalidAction)], data:\"caught error from function\"\n   3: [Failed Diagnostic Event (not emitted)] contract:CAAAAAAAAAAAAAAAAAAAAAAAAAAAAAAAAAAAAAAAAAAAAAAAAAAAD2KM, topics:[log], data:[\"caught panic 'amount must be positive' from contract function 'Symbol(top_up)'\", -1000]\n   4: [Diagnostic Event] topics:[fn_call, CAAAAAAAAAAAAAAAAAAAAAAAAAAAAAAAAAAAAAAAAAAAAAAAAAAAD2KM, top_up], data:-1000\n"
 expected substring: "top-up amount below minimum required"
---- test_validation::test_top_up_with_zero_amount stdout ----

thread 'test_validation::test_top_up_with_zero_amount' (39548) panicked at C:\Users\fuhad\.cargo\registry\src\index.crates.io-1949cf8c6b5b557f\soroban-env-host-22.1.3\src\host.rs:847:9:
HostError: Error(WasmVm, InvalidAction)

Event log (newest first):
   0: [Diagnostic Event] topics:[error, Error(WasmVm, InvalidAction)], data:"escalating error to panic"
   1: [Diagnostic Event] topics:[error, Error(WasmVm, InvalidAction)], data:["contract call failed", top_up, [0]]
   2: [Failed Diagnostic Event (not emitted)] contract:CAAAAAAAAAAAAAAAAAAAAAAAAAAAAAAAAAAAAAAAAAAAAAAAAAAAD2KM, topics:[error, Error(WasmVm, InvalidAction)], data:"caught error from function"
   3: [Failed Diagnostic Event (not emitted)] contract:CAAAAAAAAAAAAAAAAAAAAAAAAAAAAAAAAAAAAAAAAAAAAAAAAAAAD2KM, topics:[log], data:["caught panic 'amount must be positive' from contract function 'Symbol(top_up)'", 0]
   4: [Diagnostic Event] topics:[fn_call, CAAAAAAAAAAAAAAAAAAAAAAAAAAAAAAAAAAAAAAAAAAAAAAAAAAAD2KM, top_up], data:0

Writing test snapshot file for test "test_validation::test_top_up_with_zero_amount" to "test_snapshots\\test_validation\\test_top_up_with_zero_amount.1.json".
note: panic did not contain expected string
      panic message: "HostError: Error(WasmVm, InvalidAction)\n\nEvent log (newest first):\n   0: [Diagnostic Event] topics:[error, Error(WasmVm, InvalidAction)], data:\"escalating error to panic\"\n   1: [Diagnostic Event] topics:[error, Error(WasmVm, InvalidAction)], data:[\"contract call failed\", top_up, [0]]\n   2: [Failed Diagnostic Event (not emitted)] contract:CAAAAAAAAAAAAAAAAAAAAAAAAAAAAAAAAAAAAAAAAAAAAAAAAAAAD2KM, topics:[error, Error(WasmVm, InvalidAction)], data:\"caught error from function\"\n   3: [Failed Diagnostic Event (not emitted)] contract:CAAAAAAAAAAAAAAAAAAAAAAAAAAAAAAAAAAAAAAAAAAAAAAAAAAAD2KM, topics:[log], data:[\"caught panic 'amount must be positive' from contract function 'Symbol(top_up)'\", 0]\n   4: [Diagnostic Event] topics:[fn_call, CAAAAAAAAAAAAAAAAAAAAAAAAAAAAAAAAAAAAAAAAAAAAAAAAAAAD2KM, top_up], data:0\n"
 expected substring: "top-up amount below minimum required"
---- test_zero_address::zero_address_tests::test_register_attester_rejects_zero_address stdout ----

thread 'test_zero_address::zero_address_tests::test_register_attester_rejects_zero_address' (37076) panicked at C:\Users\fuhad\.cargo\registry\src\index.crates.io-1949cf8c6b5b557f\soroban-env-host-22.1.3\src\host.rs:847:9:
HostError: Error(Value, InvalidInput)

Event log (newest first):
   0: [Diagnostic Event] topics:[error, Error(Value, InvalidInput)], data:"escalating error to panic"
   1: [Diagnostic Event] topics:[error, Error(Value, InvalidInput)], data:["unexpected strkey length", "AAAAAAAAAAAAAAAAAAAAAAAAAAAAAAAAAAAAAAAAAAAA"]
   2: [Contract Event] contract:CAAAAAAAAAAAAAAAAAAAAAAAAAAAAAAAAAAAAAAAAAAAAAAAAAAAFCT4, topics:[upgrade_auth_init, CAAAAAAAAAAAAAAAAAAAAAAAAAAAAAAAAAAAAAAAAAAAAAAAAAAAD2KM], data:Void

Writing test snapshot file for test "test_zero_address::zero_address_tests::test_register_attester_rejects_zero_address" to "test_snapshots\\test_zero_address\\zero_address_tests\\test_register_attester_rejects_zero_address.1.json".

---- test_zero_address::zero_address_tests::test_register_verifier_rejects_zero_address stdout ----

thread 'test_zero_address::zero_address_tests::test_register_verifier_rejects_zero_address' (14064) panicked at C:\Users\fuhad\.cargo\registry\src\index.crates.io-1949cf8c6b5b557f\soroban-env-host-22.1.3\src\host.rs:847:9:
HostError: Error(Value, InvalidInput)

Event log (newest first):
   0: [Diagnostic Event] topics:[error, Error(Value, InvalidInput)], data:"escalating error to panic"
   1: [Diagnostic Event] topics:[error, Error(Value, InvalidInput)], data:["unexpected strkey length", "AAAAAAAAAAAAAAAAAAAAAAAAAAAAAAAAAAAAAAAAAAAA"]
   2: [Contract Event] contract:CAAAAAAAAAAAAAAAAAAAAAAAAAAAAAAAAAAAAAAAAAAAAAAAAAAAFCT4, topics:[upgrade_auth_init, CAAAAAAAAAAAAAAAAAAAAAAAAAAAAAAAAAAAAAAAAAAAAAAAAAAAD2KM], data:Void

Writing test snapshot file for test "test_zero_address::zero_address_tests::test_register_verifier_rejects_zero_address" to "test_snapshots\\test_zero_address\\zero_address_tests\\test_register_verifier_rejects_zero_address.1.json".

---- test_zero_address::zero_address_tests::test_set_early_exit_config_rejects_zero_address stdout ----

thread 'test_zero_address::zero_address_tests::test_set_early_exit_config_rejects_zero_address' (35068) panicked at C:\Users\fuhad\.cargo\registry\src\index.crates.io-1949cf8c6b5b557f\soroban-env-host-22.1.3\src\host.rs:847:9:
HostError: Error(Value, InvalidInput)

Event log (newest first):
   0: [Diagnostic Event] topics:[error, Error(Value, InvalidInput)], data:"escalating error to panic"
   1: [Diagnostic Event] topics:[error, Error(Value, InvalidInput)], data:["unexpected strkey length", "AAAAAAAAAAAAAAAAAAAAAAAAAAAAAAAAAAAAAAAAAAAA"]
   2: [Contract Event] contract:CAAAAAAAAAAAAAAAAAAAAAAAAAAAAAAAAAAAAAAAAAAAAAAAAAAAFCT4, topics:[upgrade_auth_init, CAAAAAAAAAAAAAAAAAAAAAAAAAAAAAAAAAAAAAAAAAAAAAAAAAAAD2KM], data:Void

Writing test snapshot file for test "test_zero_address::zero_address_tests::test_set_early_exit_config_rejects_zero_address" to "test_snapshots\\test_zero_address\\zero_address_tests\\test_set_early_exit_config_rejects_zero_address.1.json".

---- test_zero_address::zero_address_tests::test_set_emergency_config_rejects_zero_addresses stdout ----

thread 'test_zero_address::zero_address_tests::test_set_emergency_config_rejects_zero_addresses' (29416) panicked at C:\Users\fuhad\.cargo\registry\src\index.crates.io-1949cf8c6b5b557f\soroban-env-host-22.1.3\src\host.rs:847:9:
HostError: Error(Value, InvalidInput)

Event log (newest first):
   0: [Diagnostic Event] topics:[error, Error(Value, InvalidInput)], data:"escalating error to panic"
   1: [Diagnostic Event] topics:[error, Error(Value, InvalidInput)], data:["unexpected strkey length", "AAAAAAAAAAAAAAAAAAAAAAAAAAAAAAAAAAAAAAAAAAAA"]
   2: [Contract Event] contract:CAAAAAAAAAAAAAAAAAAAAAAAAAAAAAAAAAAAAAAAAAAAAAAAAAAAFCT4, topics:[upgrade_auth_init, CAAAAAAAAAAAAAAAAAAAAAAAAAAAAAAAAAAAAAAAAAAAAAAAAAAAD2KM], data:Void

Writing test snapshot file for test "test_zero_address::zero_address_tests::test_set_emergency_config_rejects_zero_addresses" to "test_snapshots\\test_zero_address\\zero_address_tests\\test_set_emergency_config_rejects_zero_addresses.1.json".

---- test_zero_address::zero_address_tests::test_set_token_rejects_zero_address stdout ----

thread 'test_zero_address::zero_address_tests::test_set_token_rejects_zero_address' (25948) panicked at C:\Users\fuhad\.cargo\registry\src\index.crates.io-1949cf8c6b5b557f\soroban-env-host-22.1.3\src\host.rs:847:9:
HostError: Error(Value, InvalidInput)

Event log (newest first):
   0: [Diagnostic Event] topics:[error, Error(Value, InvalidInput)], data:"escalating error to panic"
   1: [Diagnostic Event] topics:[error, Error(Value, InvalidInput)], data:["unexpected strkey length", "AAAAAAAAAAAAAAAAAAAAAAAAAAAAAAAAAAAAAAAAAAAA"]
   2: [Contract Event] contract:CAAAAAAAAAAAAAAAAAAAAAAAAAAAAAAAAAAAAAAAAAAAAAAAAAAAFCT4, topics:[upgrade_auth_init, CAAAAAAAAAAAAAAAAAAAAAAAAAAAAAAAAAAAAAAAAAAAAAAAAAAAD2KM], data:Void

Writing test snapshot file for test "test_zero_address::zero_address_tests::test_set_token_rejects_zero_address" to "test_snapshots\\test_zero_address\\zero_address_tests\\test_set_token_rejects_zero_address.1.json".

---- test_zero_address::zero_address_tests::test_set_usdc_token_rejects_zero_address stdout ----

thread 'test_zero_address::zero_address_tests::test_set_usdc_token_rejects_zero_address' (37836) panicked at C:\Users\fuhad\.cargo\registry\src\index.crates.io-1949cf8c6b5b557f\soroban-env-host-22.1.3\src\host.rs:847:9:
HostError: Error(Value, InvalidInput)

Event log (newest first):
   0: [Diagnostic Event] topics:[error, Error(Value, InvalidInput)], data:"escalating error to panic"
   1: [Diagnostic Event] topics:[error, Error(Value, InvalidInput)], data:["unexpected strkey length", "AAAAAAAAAAAAAAAAAAAAAAAAAAAAAAAAAAAAAAAAAAAA"]
   2: [Contract Event] contract:CAAAAAAAAAAAAAAAAAAAAAAAAAAAAAAAAAAAAAAAAAAAAAAAAAAAFCT4, topics:[upgrade_auth_init, CAAAAAAAAAAAAAAAAAAAAAAAAAAAAAAAAAAAAAAAAAAAAAAAAAAAD2KM], data:Void

Writing test snapshot file for test "test_zero_address::zero_address_tests::test_set_usdc_token_rejects_zero_address" to "test_snapshots\\test_zero_address\\zero_address_tests\\test_set_usdc_token_rejects_zero_address.1.json".

---- test_zero_address::zero_address_tests::test_valid_addresses_succeed stdout ----

thread 'test_zero_address::zero_address_tests::test_valid_addresses_succeed' (30064) panicked at C:\Users\fuhad\.cargo\registry\src\index.crates.io-1949cf8c6b5b557f\soroban-env-host-22.1.3\src\host.rs:847:9:
HostError: Error(Auth, ExistingValue)

Event log (newest first):
   0: [Diagnostic Event] contract:CAAAAAAAAAAAAAAAAAAAAAAAAAAAAAAAAAAAAAAAAAAAAAAAAAAAFCT4, topics:[error, Error(Auth, ExistingValue)], data:"escalating error to panic"
   1: [Diagnostic Event] contract:CAAAAAAAAAAAAAAAAAAAAAAAAAAAAAAAAAAAAAAAAAAAAAAAAAAAFCT4, topics:[error, Error(Auth, ExistingValue)], data:"frame is already authorized"

Writing test snapshot file for test "test_zero_address::zero_address_tests::test_valid_addresses_succeed" to "test_snapshots\\test_zero_address\\zero_address_tests\\test_valid_addresses_succeed.1.json".

---- test_zero_address_working::zero_address_tests::test_valid_addresses_succeed stdout ----

thread 'test_zero_address_working::zero_address_tests::test_valid_addresses_succeed' (35036) panicked at C:\Users\fuhad\.cargo\registry\src\index.crates.io-1949cf8c6b5b557f\soroban-env-host-22.1.3\src\host.rs:847:9:
HostError: Error(Auth, ExistingValue)

Event log (newest first):
   0: [Diagnostic Event] contract:CAAAAAAAAAAAAAAAAAAAAAAAAAAAAAAAAAAAAAAAAAAAAAAAAAAAFCT4, topics:[error, Error(Auth, ExistingValue)], data:"escalating error to panic"
   1: [Diagnostic Event] contract:CAAAAAAAAAAAAAAAAAAAAAAAAAAAAAAAAAAAAAAAAAAAAAAAAAAAFCT4, topics:[error, Error(Auth, ExistingValue)], data:"frame is already authorized"

Writing test snapshot file for test "test_zero_address_working::zero_address_tests::test_valid_addresses_succeed" to "test_snapshots\\test_zero_address_working\\zero_address_tests\\test_valid_addresses_succeed.1.json".

---- token_integration_test::test_get_usdc_token_without_configuration_panics stdout ----

thread 'token_integration_test::test_get_usdc_token_without_configuration_panics' (38056) panicked at C:\Users\fuhad\.cargo\registry\src\index.crates.io-1949cf8c6b5b557f\soroban-env-host-22.1.3\src\host.rs:847:9:
HostError: Error(WasmVm, InvalidAction)

Event log (newest first):
   0: [Diagnostic Event] topics:[error, Error(WasmVm, InvalidAction)], data:"escalating error to panic"
   1: [Diagnostic Event] topics:[error, Error(WasmVm, InvalidAction)], data:["contract call failed", get_usdc_token, []]
   2: [Failed Diagnostic Event (not emitted)] contract:CAAAAAAAAAAAAAAAAAAAAAAAAAAAAAAAAAAAAAAAAAAAAAAAAAAAD2KM, topics:[error, Error(WasmVm, InvalidAction)], data:"caught error from function"
   3: [Failed Diagnostic Event (not emitted)] contract:CAAAAAAAAAAAAAAAAAAAAAAAAAAAAAAAAAAAAAAAAAAAAAAAAAAAD2KM, topics:[log], data:"caught panic 'token not configured - contract not properly initialized' from contract function 'Symbol(obj#91)'"
   4: [Diagnostic Event] topics:[fn_call, CAAAAAAAAAAAAAAAAAAAAAAAAAAAAAAAAAAAAAAAAAAAAAAAAAAAD2KM, get_usdc_token], data:Void

Writing test snapshot file for test "token_integration_test::test_get_usdc_token_without_configuration_panics" to "test_snapshots\\token_integration_test\\test_get_usdc_token_without_configuration_panics.1.json".
note: panic did not contain expected string
      panic message: "HostError: Error(WasmVm, InvalidAction)\n\nEvent log (newest first):\n   0: [Diagnostic Event] topics:[error, Error(WasmVm, InvalidAction)], data:\"escalating error to panic\"\n   1: [Diagnostic Event] topics:[error, Error(WasmVm, InvalidAction)], data:[\"contract call failed\", get_usdc_token, []]\n   2: [Failed Diagnostic Event (not emitted)] contract:CAAAAAAAAAAAAAAAAAAAAAAAAAAAAAAAAAAAAAAAAAAAAAAAAAAAD2KM, topics:[error, Error(WasmVm, InvalidAction)], data:\"caught error from function\"\n   3: [Failed Diagnostic Event (not emitted)] contract:CAAAAAAAAAAAAAAAAAAAAAAAAAAAAAAAAAAAAAAAAAAAAAAAAAAAD2KM, topics:[log], data:\"caught panic 'token not configured - contract not properly initialized' from contract function 'Symbol(obj#91)'\"\n   4: [Diagnostic Event] topics:[fn_call, CAAAAAAAAAAAAAAAAAAAAAAAAAAAAAAAAAAAAAAAAAAAAAAAAAAAD2KM, get_usdc_token], data:Void\n"
 expected substring: "token not set"
---- token_integration_test::test_create_bond_rejects_contract_self_approval_pattern stdout ----

thread 'token_integration_test::test_create_bond_rejects_contract_self_approval_pattern' (23356) panicked at C:\Users\fuhad\.cargo\registry\src\index.crates.io-1949cf8c6b5b557f\soroban-env-host-22.1.3\src\host.rs:847:9:
HostError: Error(WasmVm, InvalidAction)

Event log (newest first):
   0: [Diagnostic Event] topics:[error, Error(WasmVm, InvalidAction)], data:"escalating error to panic"
   1: [Diagnostic Event] topics:[error, Error(WasmVm, InvalidAction)], data:["contract call failed", create_bond_with_rolling, [CAAAAAAAAAAAAAAAAAAAAAAAAAAAAAAAAAAAAAAAAAAAAAAAAAAAD2KM, 1000, 86400, false, 0]]
   2: [Failed Diagnostic Event (not emitted)] contract:CAAAAAAAAAAAAAAAAAAAAAAAAAAAAAAAAAAAAAAAAAAAAAAAAAAAD2KM, topics:[error, Error(WasmVm, InvalidAction)], data:"caught error from function"
   3: [Failed Diagnostic Event (not emitted)] contract:CAAAAAAAAAAAAAAAAAAAAAAAAAAAAAAAAAAAAAAAAAAAAAAAAAAAD2KM, topics:[log], data:["caught panic 'unsupported token: transfer amount mismatch (code 213)' from contract function 'Symbol(obj#421)'", CAAAAAAAAAAAAAAAAAAAAAAAAAAAAAAAAAAAAAAAAAAAAAAAAAAAD2KM, 1000, 86400, false, 0]
   4: [Failed Diagnostic Event (not emitted)] contract:CBUSYNQKASUYFWYC3M2GUEDMX4AIVWPALDBYJPNK6554BREHTGZ2IUNF, topics:[fn_return, balance], data:10000
   5: [Failed Diagnostic Event (not emitted)] contract:CAAAAAAAAAAAAAAAAAAAAAAAAAAAAAAAAAAAAAAAAAAAAAAAAAAAD2KM, topics:[fn_call, CBUSYNQKASUYFWYC3M2GUEDMX4AIVWPALDBYJPNK6554BREHTGZ2IUNF, balance], data:CAAAAAAAAAAAAAAAAAAAAAAAAAAAAAAAAAAAAAAAAAAAAAAAAAAAD2KM
   6: [Failed Diagnostic Event (not emitted)] contract:CBUSYNQKASUYFWYC3M2GUEDMX4AIVWPALDBYJPNK6554BREHTGZ2IUNF, topics:[fn_return, transfer_from], data:Void
   7: [Failed Contract Event (not emitted)] contract:CBUSYNQKASUYFWYC3M2GUEDMX4AIVWPALDBYJPNK6554BREHTGZ2IUNF, topics:[transfer, CAAAAAAAAAAAAAAAAAAAAAAAAAAAAAAAAAAAAAAAAAAAAAAAAAAAD2KM, CAAAAAAAAAAAAAAAAAAAAAAAAAAAAAAAAAAAAAAAAAAAAAAAAAAAD2KM, "aaa:GAAAAAAAAAAAAAAAAAAAAAAAAAAAAAAAAAAAAAAAAAAAAAAAAAAAGO6V"], data:1000
   8: [Failed Diagnostic Event (not emitted)] contract:CAAAAAAAAAAAAAAAAAAAAAAAAAAAAAAAAAAAAAAAAAAAAAAAAAAAD2KM, topics:[fn_call, CBUSYNQKASUYFWYC3M2GUEDMX4AIVWPALDBYJPNK6554BREHTGZ2IUNF, transfer_from], data:[CAAAAAAAAAAAAAAAAAAAAAAAAAAAAAAAAAAAAAAAAAAAAAAAAAAAD2KM, CAAAAAAAAAAAAAAAAAAAAAAAAAAAAAAAAAAAAAAAAAAAAAAAAAAAD2KM, CAAAAAAAAAAAAAAAAAAAAAAAAAAAAAAAAAAAAAAAAAAAAAAAAAAAD2KM, 1000]
   9: [Failed Diagnostic Event (not emitted)] contract:CBUSYNQKASUYFWYC3M2GUEDMX4AIVWPALDBYJPNK6554BREHTGZ2IUNF, topics:[fn_return, balance], data:10000
   10: [Failed Diagnostic Event (not emitted)] contract:CAAAAAAAAAAAAAAAAAAAAAAAAAAAAAAAAAAAAAAAAAAAAAAAAAAAD2KM, topics:[fn_call, CBUSYNQKASUYFWYC3M2GUEDMX4AIVWPALDBYJPNK6554BREHTGZ2IUNF, balance], data:CAAAAAAAAAAAAAAAAAAAAAAAAAAAAAAAAAAAAAAAAAAAAAAAAAAAD2KM
   11: [Failed Diagnostic Event (not emitted)] contract:CBUSYNQKASUYFWYC3M2GUEDMX4AIVWPALDBYJPNK6554BREHTGZ2IUNF, topics:[fn_return, allowance], data:10000
   12: [Failed Diagnostic Event (not emitted)] contract:CAAAAAAAAAAAAAAAAAAAAAAAAAAAAAAAAAAAAAAAAAAAAAAAAAAAD2KM, topics:[fn_call, CBUSYNQKASUYFWYC3M2GUEDMX4AIVWPALDBYJPNK6554BREHTGZ2IUNF, allowance], data:[CAAAAAAAAAAAAAAAAAAAAAAAAAAAAAAAAAAAAAAAAAAAAAAAAAAAD2KM, CAAAAAAAAAAAAAAAAAAAAAAAAAAAAAAAAAAAAAAAAAAAAAAAAAAAD2KM]
   13: [Diagnostic Event] topics:[fn_call, CAAAAAAAAAAAAAAAAAAAAAAAAAAAAAAAAAAAAAAAAAAAAAAAAAAAD2KM, create_bond_with_rolling], data:[CAAAAAAAAAAAAAAAAAAAAAAAAAAAAAAAAAAAAAAAAAAAAAAAAAAAD2KM, 1000, 86400, false, 0]

Writing test snapshot file for test "token_integration_test::test_create_bond_rejects_contract_self_approval_pattern" to "test_snapshots\\token_integration_test\\test_create_bond_rejects_contract_self_approval_pattern.1.json".
note: panic did not contain expected string
      panic message: "HostError: Error(WasmVm, InvalidAction)\n\nEvent log (newest first):\n   0: [Diagnostic Event] topics:[error, Error(WasmVm, InvalidAction)], data:\"escalating error to panic\"\n   1: [Diagnostic Event] topics:[error, Error(WasmVm, InvalidAction)], data:[\"contract call failed\", create_bond_with_rolling, [CAAAAAAAAAAAAAAAAAAAAAAAAAAAAAAAAAAAAAAAAAAAAAAAAAAAD2KM, 1000, 86400, false, 0]]\n   2: [Failed Diagnostic Event (not emitted)] contract:CAAAAAAAAAAAAAAAAAAAAAAAAAAAAAAAAAAAAAAAAAAAAAAAAAAAD2KM, topics:[error, Error(WasmVm, InvalidAction)], data:\"caught error from function\"\n   3: [Failed Diagnostic Event (not emitted)] contract:CAAAAAAAAAAAAAAAAAAAAAAAAAAAAAAAAAAAAAAAAAAAAAAAAAAAD2KM, topics:[log], data:[\"caught panic 'unsupported token: transfer amount mismatch (code 213)' from contract function 'Symbol(obj#421)'\", CAAAAAAAAAAAAAAAAAAAAAAAAAAAAAAAAAAAAAAAAAAAAAAAAAAAD2KM, 1000, 86400, false, 0]\n   4: [Failed Diagnostic Event (not emitted)] contract:CBUSYNQKASUYFWYC3M2GUEDMX4AIVWPALDBYJPNK6554BREHTGZ2IUNF, topics:[fn_return, balance], data:10000\n   5: [Failed Diagnostic Event (not emitted)] contract:CAAAAAAAAAAAAAAAAAAAAAAAAAAAAAAAAAAAAAAAAAAAAAAAAAAAD2KM, topics:[fn_call, CBUSYNQKASUYFWYC3M2GUEDMX4AIVWPALDBYJPNK6554BREHTGZ2IUNF, balance], data:CAAAAAAAAAAAAAAAAAAAAAAAAAAAAAAAAAAAAAAAAAAAAAAAAAAAD2KM\n   6: [Failed Diagnostic Event (not emitted)] contract:CBUSYNQKASUYFWYC3M2GUEDMX4AIVWPALDBYJPNK6554BREHTGZ2IUNF, topics:[fn_return, transfer_from], data:Void\n   7: [Failed Contract Event (not emitted)] contract:CBUSYNQKASUYFWYC3M2GUEDMX4AIVWPALDBYJPNK6554BREHTGZ2IUNF, topics:[transfer, CAAAAAAAAAAAAAAAAAAAAAAAAAAAAAAAAAAAAAAAAAAAAAAAAAAAD2KM, CAAAAAAAAAAAAAAAAAAAAAAAAAAAAAAAAAAAAAAAAAAAAAAAAAAAD2KM, \"aaa:GAAAAAAAAAAAAAAAAAAAAAAAAAAAAAAAAAAAAAAAAAAAAAAAAAAAGO6V\"], data:1000\n   8: [Failed Diagnostic Event (not emitted)] contract:CAAAAAAAAAAAAAAAAAAAAAAAAAAAAAAAAAAAAAAAAAAAAAAAAAAAD2KM, topics:[fn_call, CBUSYNQKASUYFWYC3M2GUEDMX4AIVWPALDBYJPNK6554BREHTGZ2IUNF, transfer_from], data:[CAAAAAAAAAAAAAAAAAAAAAAAAAAAAAAAAAAAAAAAAAAAAAAAAAAAD2KM, CAAAAAAAAAAAAAAAAAAAAAAAAAAAAAAAAAAAAAAAAAAAAAAAAAAAD2KM, CAAAAAAAAAAAAAAAAAAAAAAAAAAAAAAAAAAAAAAAAAAAAAAAAAAAD2KM, 1000]\n   9: [Failed Diagnostic Event (not emitted)] contract:CBUSYNQKASUYFWYC3M2GUEDMX4AIVWPALDBYJPNK6554BREHTGZ2IUNF, topics:[fn_return, balance], data:10000\n   10: [Failed Diagnostic Event (not emitted)] contract:CAAAAAAAAAAAAAAAAAAAAAAAAAAAAAAAAAAAAAAAAAAAAAAAAAAAD2KM, topics:[fn_call, CBUSYNQKASUYFWYC3M2GUEDMX4AIVWPALDBYJPNK6554BREHTGZ2IUNF, balance], data:CAAAAAAAAAAAAAAAAAAAAAAAAAAAAAAAAAAAAAAAAAAAAAAAAAAAD2KM\n   11: [Failed Diagnostic Event (not emitted)] contract:CBUSYNQKASUYFWYC3M2GUEDMX4AIVWPALDBYJPNK6554BREHTGZ2IUNF, topics:[fn_return, allowance], data:10000\n   12: [Failed Diagnostic Event (not emitted)] contract:CAAAAAAAAAAAAAAAAAAAAAAAAAAAAAAAAAAAAAAAAAAAAAAAAAAAD2KM, topics:[fn_call, CBUSYNQKASUYFWYC3M2GUEDMX4AIVWPALDBYJPNK6554BREHTGZ2IUNF, allowance], data:[CAAAAAAAAAAAAAAAAAAAAAAAAAAAAAAAAAAAAAAAAAAAAAAAAAAAD2KM, CAAAAAAAAAAAAAAAAAAAAAAAAAAAAAAAAAAAAAAAAAAAAAAAAAAAD2KM]\n   13: [Diagnostic Event] topics:[fn_call, CAAAAAAAAAAAAAAAAAAAAAAAAAAAAAAAAAAAAAAAAAAAAAAAAAAAD2KM, create_bond_with_rolling], data:[CAAAAAAAAAAAAAAAAAAAAAAAAAAAAAAAAAAAAAAAAAAAAAAAAAAAD2KM, 1000, 86400, false, 0]\n"
 expected substring: "self-approval is not allowed"

failures:
    fuzz::test_reward_accrual_fuzz::reward_accrual_no_overflow_at_max_weight
    fuzz::test_reward_accrual_fuzz::reward_accrual_non_negative_across_weight_range
    integration::test_bond_lifecycle::test_lifecycle_create_topup_slash_withdraw
    test_access_control::test_admin_can_call_privileged_methods
    test_create_bond::test_create_bond_different_identities
    test_create_bond::test_create_bond_duration_overflow
    test_create_bond::test_create_bond_max_amount
    test_create_bond::test_create_bond_max_duration
    test_create_bond::test_create_bond_min_positive_amount
    test_create_bond::test_create_bond_usdc_amount
    test_create_bond::test_create_bond_zero_duration
    test_create_bond::test_supply_cap_with_multiple_bonds
    test_create_bond::test_supply_cap_withdrawal_reduces_supply
    test_decimals::test_24_decimals_panics
    test_decimals::test_tier_silver_with_18_decimals
    test_decimals::test_tier_silver_with_6_decimals
    test_decimals::test_tier_silver_with_8_decimals
    test_decimals::test_validation_bounds_18_decimals
    test_decimals::test_withdraw_correct_amount_6_decimals
    test_early_exit_penalty::test_set_early_exit_config_invalid_bps
    test_emergency::test_set_emergency_config_rejects_invalid_fee_bps
    test_events_v2::test_event_indexing_query_efficiency
    test_events_v2::test_v2_event_indexing_improvements
    test_fees::test_fee_over_max_rejected
    test_immutable_config::immutable_config_tests::test_admin_cannot_be_reinitialized
    test_immutable_config::immutable_config_tests::test_token_can_only_be_set_once
    test_immutable_config_working::immutable_config_tests::test_admin_cannot_be_reinitialized
    test_liquidation_scanner::test_register_emits_event
    test_liquidation_scanner::test_scan_emits_page_event
    test_market_activation::test_valid_bond_activation_succeeds
    test_parameters::test_attestation_fee_event_args
    test_parameters::test_no_duplicate_events_on_parameter_update
    test_parameters::test_protocol_fee_event_args
    test_parameters::test_withdrawal_cooldown_event_args
    test_reentrancy::test_lock_released_after_slash
    test_reentrancy::test_normal_slash_succeeds
    test_reentrancy::test_sequential_operations_succeed
    test_reentrancy::test_slash_exceeds_bond_rejected
    test_reentrancy::test_state_committed_before_callback_slash
    test_reentrancy::test_state_committed_before_callback_withdraw_bond
    test_reentrancy_bug_exploration::test_nested_reentrancy_blocked
    test_reentrancy_bug_exploration::test_rolling_withdraw_reentrancy_attack
    test_reentrancy_bug_exploration::test_withdraw_bond_reentrancy_attack
    test_reentrancy_bug_exploration::test_withdraw_early_reentrancy_attack
    test_reentrancy_preservation::property_withdraw_bond_full_unchanged
    test_reentrancy_preservation::property_withdraw_bond_normal_behavior_preserved
    test_slashing::test_slash_history_capped_slash_records_actual_amount
    test_slashing::test_slash_history_count_increments
    test_slashing::test_slash_history_get_all_records
    test_slashing::test_slash_history_record_fields
    test_slashing::test_slash_history_total_slashed_after_accumulates
    test_slashing::test_slash_history_zero_slash_no_record
    test_upgrade_auth::test_cannot_revoke_last_upgrade_admin
    test_upgrade_auth::test_grant_and_revoke_upgrade_authorization
    test_upgrade_auth::test_proposal_expiry_handling
    test_upgrade_auth::test_unauthorized_upgrade_attempts
    test_upgrade_auth::test_upgrade_authorization_expiry
    test_upgrade_auth::test_upgrade_authorization_initialization
    test_upgrade_auth::test_upgrade_execution_with_proposal
    test_upgrade_auth::test_upgrade_history_tracking
    test_upgrade_auth::test_upgrade_proposal_and_approval
    test_validation::test_create_bond_with_min_amount_then_invalid_top_up
    test_validation::test_top_up_with_negative_amount
    test_validation::test_top_up_with_zero_amount
    test_zero_address::zero_address_tests::test_register_attester_rejects_zero_address
    test_zero_address::zero_address_tests::test_register_verifier_rejects_zero_address
    test_zero_address::zero_address_tests::test_set_early_exit_config_rejects_zero_address
    test_zero_address::zero_address_tests::test_set_emergency_config_rejects_zero_addresses
    test_zero_address::zero_address_tests::test_set_token_rejects_zero_address
    test_zero_address::zero_address_tests::test_set_usdc_token_rejects_zero_address
    test_zero_address::zero_address_tests::test_valid_addresses_succeed
    test_zero_address_working::zero_address_tests::test_valid_addresses_succeed
    token_integration_test::test_create_bond_rejects_contract_self_approval_pattern
    token_integration_test::test_get_usdc_token_without_configuration_panics

test result: FAILED. 617 passed; 74 failed; 0 ignored; 0 measured; 0 filtered out; finished in 27.15s

error: test failed, to rerun pass `-p credence_bond --lib`
